<html>
<body>
<pre>
<h1>礦ision Build Log</h1>
<h2>Project:</h2>
C:\Users\bin\Desktop\黄志彬毕业设计\黄志彬毕业设计程序\子界面\Desktop\测试程序\USER\Template.uvproj
Project File Date:  04/24/2015

<h2>Output:</h2>
Build target 'Template'
compiling main.c...
..\RobotTask\RobotTask.h(81): warning:  #1-D: last line of file ends without a newline
        
main.c: 1 warning, 0 errors
compiling stm32f10x_it.c...
..\RobotTask\RobotTask.h(81): warning:  #1-D: last line of file ends without a newline
        
stm32f10x_it.c: 1 warning, 0 errors
compiling system_stm32f10x.c...
compiling core_cm3.c...
assembling startup_stm32f10x_hd.s...
compiling misc.c...
compiling stm32f10x_adc.c...
compiling stm32f10x_bkp.c...
compiling stm32f10x_can.c...
compiling stm32f10x_cec.c...
compiling stm32f10x_crc.c...
compiling stm32f10x_dac.c...
compiling stm32f10x_dbgmcu.c...
compiling stm32f10x_dma.c...
compiling stm32f10x_exti.c...
compiling stm32f10x_flash.c...
compiling stm32f10x_fsmc.c...
compiling stm32f10x_gpio.c...
compiling stm32f10x_i2c.c...
compiling stm32f10x_iwdg.c...
compiling stm32f10x_pwr.c...
compiling stm32f10x_rcc.c...
compiling stm32f10x_rtc.c...
compiling stm32f10x_sdio.c...
compiling stm32f10x_spi.c...
compiling stm32f10x_tim.c...
compiling stm32f10x_usart.c...
compiling stm32f10x_wwdg.c...
compiling BSP.c...
compiling RobotTask.c...
..\RobotTask\RobotTask.h(81): warning:  #1-D: last line of file ends without a newline
        
..\RobotTask\RobotTask.c: 1 warning, 0 errors
compiling FramWork.c...
linking...
Program Size: Code=14008 RO-data=336 RW-data=116 ZI-data=1892  
FromELF: creating hex file...
"..\OBJ\Template.axf" - 0 Error(s), 3 Warning(s).
</pre>
</body>
</html>
