<html>
<body>
<pre>
<h1>礦ision Build Log</h1>
<h2>Project:</h2>
C:\Users\Administrator\Desktop\2015年5月3日全部调试记录\Desktop\Desktop\测试程序-炮手上层控制\USER\Template.uvproj
Project File Date:  04/29/2015

<h2>Output:</h2>
Build target 'Template'
compiling main.c...
..\RobotTask\RobotTask.h(81): warning:  #1-D: last line of file ends without a newline
compiling stm32f10x_it.c...
..\RobotTask\RobotTask.h(81): warning:  #1-D: last line of file ends without a newline
compiling system_stm32f10x.c...
compiling core_cm3.c...
compiling misc.c...
compiling stm32f10x_adc.c...
compiling stm32f10x_bkp.c...
compiling stm32f10x_can.c...
compiling stm32f10x_cec.c...
compiling stm32f10x_crc.c...
compiling stm32f10x_dac.c...
compiling stm32f10x_dbgmcu.c...
compiling stm32f10x_dma.c...
compiling stm32f10x_exti.c...
compiling stm32f10x_flash.c...
compiling stm32f10x_fsmc.c...
compiling stm32f10x_gpio.c...
compiling stm32f10x_i2c.c...
compiling stm32f10x_iwdg.c...
compiling stm32f10x_pwr.c...
compiling stm32f10x_rcc.c...
compiling stm32f10x_rtc.c...
compiling stm32f10x_sdio.c...
compiling stm32f10x_spi.c...
compiling stm32f10x_tim.c...
compiling stm32f10x_usart.c...
compiling stm32f10x_wwdg.c...
compiling BSP.c...
compiling RobotTask.c...
..\RobotTask\RobotTask.h(81): warning:  #1-D: last line of file ends without a newline
compiling FramWork.c...
linking...
Program Size: Code=16708 RO-data=336 RW-data=116 ZI-data=1908  
FromELF: creating hex file...
"..\OBJ\Template.axf" - 0 Error(s), 3 Warning(s).
