ARM Linker, 4.1 [Build 894] [Professional]

==============================================================================

Section Cross References

    main.o(.text) refers to system_stm32f10x.o(.text) for SystemInit
    main.o(.text) refers to bsp.o(.text) for BSP_Configuration
    stm32f10x_it.o(.text) refers to stm32f10x_tim.o(.text) for TIM_ClearITPendingBit
    stm32f10x_it.o(.text) refers to bsp.o(.text) for BFP_Configuration
    stm32f10x_it.o(.text) refers to framwork.o(.text) for DevelopmentFramwork
    stm32f10x_it.o(.text) refers to f2d.o(x$fpl$f2d) for __aeabi_f2d
    stm32f10x_it.o(.text) refers to daddsub_clz.o(x$fpl$dadd) for __aeabi_dadd
    stm32f10x_it.o(.text) refers to d2f.o(x$fpl$d2f) for __aeabi_d2f
    stm32f10x_it.o(.text) refers to drleqf.o(x$fpl$drleqf) for __aeabi_cdrcmple
    stm32f10x_it.o(.text) refers to ffixu.o(x$fpl$ffixu) for __aeabi_f2uiz
    stm32f10x_it.o(.text) refers to robottask.o(.text) for PidSpeedControlOne
    stm32f10x_it.o(.text) refers to stm32f10x_dma.o(.text) for DMA_GetFlagStatus
    stm32f10x_it.o(.text) refers to stm32f10x_can.o(.text) for CAN_Receive
    stm32f10x_it.o(.text) refers to robottask.o(.bss) for PidSpeedTypeOne
    stm32f10x_it.o(.text) refers to bsp.o(.bss) for RC_Ctl
    stm32f10x_it.o(.text) refers to stm32f10x_it.o(.data) for yuntai_last
    stm32f10x_it.o(.text) refers to framwork.o(.bss) for MotorControl
    stm32f10x_it.o(.text) refers to stm32f10x_it.o(.bss) for RxMessage
    stm32f10x_it.o(.text) refers to framwork.o(.data) for mode
    system_stm32f10x.o(.text) refers to system_stm32f10x.o(.data) for SystemCoreClock
    startup_stm32f10x_hd.o(STACK) refers (Special) to heapauxi.o(.text) for __use_two_region_memory
    startup_stm32f10x_hd.o(HEAP) refers (Special) to heapauxi.o(.text) for __use_two_region_memory
    startup_stm32f10x_hd.o(RESET) refers (Special) to heapauxi.o(.text) for __use_two_region_memory
    startup_stm32f10x_hd.o(RESET) refers to startup_stm32f10x_hd.o(STACK) for __initial_sp
    startup_stm32f10x_hd.o(RESET) refers to startup_stm32f10x_hd.o(.text) for Reset_Handler
    startup_stm32f10x_hd.o(RESET) refers to stm32f10x_it.o(.text) for NMI_Handler
    startup_stm32f10x_hd.o(.text) refers (Special) to heapauxi.o(.text) for __use_two_region_memory
    startup_stm32f10x_hd.o(.text) refers to system_stm32f10x.o(.text) for SystemInit
    startup_stm32f10x_hd.o(.text) refers to __main.o(!!!main) for __main
    startup_stm32f10x_hd.o(.text) refers to startup_stm32f10x_hd.o(HEAP) for Heap_Mem
    startup_stm32f10x_hd.o(.text) refers to startup_stm32f10x_hd.o(STACK) for Stack_Mem
    stm32f10x_adc.o(.text) refers to stm32f10x_rcc.o(.text) for RCC_APB2PeriphResetCmd
    stm32f10x_bkp.o(.text) refers to stm32f10x_rcc.o(.text) for RCC_BackupResetCmd
    stm32f10x_can.o(.text) refers to stm32f10x_rcc.o(.text) for RCC_APB1PeriphResetCmd
    stm32f10x_cec.o(.text) refers to stm32f10x_rcc.o(.text) for RCC_APB1PeriphResetCmd
    stm32f10x_dac.o(.text) refers to stm32f10x_rcc.o(.text) for RCC_APB1PeriphResetCmd
    stm32f10x_gpio.o(.text) refers to stm32f10x_rcc.o(.text) for RCC_APB2PeriphResetCmd
    stm32f10x_i2c.o(.text) refers to stm32f10x_rcc.o(.text) for RCC_APB1PeriphResetCmd
    stm32f10x_pwr.o(.text) refers to stm32f10x_rcc.o(.text) for RCC_APB1PeriphResetCmd
    stm32f10x_rcc.o(.text) refers to stm32f10x_rcc.o(.data) for APBAHBPrescTable
    stm32f10x_spi.o(.text) refers to stm32f10x_rcc.o(.text) for RCC_APB2PeriphResetCmd
    stm32f10x_tim.o(.text) refers to stm32f10x_rcc.o(.text) for RCC_APB2PeriphResetCmd
    stm32f10x_usart.o(.text) refers to stm32f10x_rcc.o(.text) for RCC_APB2PeriphResetCmd
    stm32f10x_wwdg.o(.text) refers to stm32f10x_rcc.o(.text) for RCC_APB1PeriphResetCmd
    bsp.o(.text) refers to misc.o(.text) for NVIC_PriorityGroupConfig
    bsp.o(.text) refers to stm32f10x_rcc.o(.text) for RCC_APB2PeriphClockCmd
    bsp.o(.text) refers to stm32f10x_gpio.o(.text) for GPIO_PinRemapConfig
    bsp.o(.text) refers to stm32f10x_can.o(.text) for CAN_DeInit
    bsp.o(.text) refers to stm32f10x_tim.o(.text) for TIM_TimeBaseInit
    bsp.o(.text) refers to stm32f10x_usart.o(.text) for USART_Init
    bsp.o(.text) refers to stm32f10x_dma.o(.text) for DMA_Init
    bsp.o(.text) refers to bsp.o(.bss) for sbus_rx_buffer
    robottask.o(.text) refers to fleqf.o(x$fpl$fleqf) for __aeabi_cfcmple
    robottask.o(.text) refers to faddsub_clz.o(x$fpl$fadd) for __aeabi_fadd
    robottask.o(.text) refers to feqf.o(x$fpl$feqf) for __aeabi_cfcmpeq
    robottask.o(.text) refers to frleqf.o(x$fpl$frleqf) for __aeabi_cfrcmple
    robottask.o(.text) refers to faddsub_clz.o(x$fpl$fsub) for __aeabi_fsub
    robottask.o(.text) refers to fmul.o(x$fpl$fmul) for __aeabi_fmul
    robottask.o(.text) refers to faddsub_clz.o(x$fpl$frsb) for __aeabi_frsub
    robottask.o(.text) refers to fflt_clz.o(x$fpl$fflt) for __aeabi_i2f
    robottask.o(.text) refers to ffix.o(x$fpl$ffix) for __aeabi_f2iz
[...]
    sys_exit.o(.text) refers (Special) to indicate_semi.o(.text) for __semihosting_library_function
    _get_argv_nomalloc.o(.text) refers (Special) to hrguard.o(.text) for __heap_region$guard
    _get_argv_nomalloc.o(.text) refers to defsig_rtmem_outer.o(.text) for __rt_SIGRTMEM
    _get_argv_nomalloc.o(.text) refers to sys_command.o(.text) for _sys_command_string
    libshutdown.o(.ARM.Collect$$libshutdown$$00000000) refers (Special) to libshutdown2.o(.ARM.Collect$$libshutdown$$00000006) for __rt_lib_shutdown_fp_trap_1
    libshutdown.o(.ARM.Collect$$libshutdown$$00000000) refers (Special) to libshutdown2.o(.ARM.Collect$$libshutdown$$0000000E) for __rt_lib_shutdown_heap_1
    libshutdown.o(.ARM.Collect$$libshutdown$$00000000) refers (Special) to libshutdown2.o(.ARM.Collect$$libshutdown$$0000000F) for __rt_lib_shutdown_return
    libshutdown.o(.ARM.Collect$$libshutdown$$00000000) refers (Special) to libshutdown2.o(.ARM.Collect$$libshutdown$$00000009) for __rt_lib_shutdown_signal_1
    libshutdown.o(.ARM.Collect$$libshutdown$$00000000) refers (Special) to libshutdown2.o(.ARM.Collect$$libshutdown$$00000003) for __rt_lib_shutdown_stdio_1
    libshutdown.o(.ARM.Collect$$libshutdown$$00000000) refers (Special) to libshutdown2.o(.ARM.Collect$$libshutdown$$0000000B) for __rt_lib_shutdown_user_alloc_1
    sys_command.o(.text) refers (Special) to use_no_semi.o(.text) for __I$use$semihosting
    sys_command.o(.text) refers (Special) to indicate_semi.o(.text) for __semihosting_library_function
    defsig_rtmem_outer.o(.text) refers to defsig_rtmem_inner.o(.text) for __rt_SIGRTMEM_inner
    defsig_rtmem_outer.o(.text) refers to defsig_exit.o(.text) for __sig_exit
    defsig_rtmem_formal.o(.text) refers to rt_raise.o(.text) for __rt_raise
    rt_raise.o(.text) refers to __raise.o(.text) for __raise
    rt_raise.o(.text) refers to sys_exit.o(.text) for _sys_exit
    defsig_exit.o(.text) refers to sys_exit.o(.text) for _sys_exit
    defsig_rtmem_inner.o(.text) refers to defsig_general.o(.text) for __default_signal_display
    __raise.o(.text) refers to defsig.o(CL$$defsig) for __default_signal_handler
    defsig_general.o(.text) refers to sys_wrch.o(.text) for _ttywrch
    sys_wrch.o(.text) refers (Special) to use_no_semi.o(.text) for __I$use$semihosting
    sys_wrch.o(.text) refers (Special) to indicate_semi.o(.text) for __semihosting_library_function
    defsig.o(CL$$defsig) refers to defsig_rtmem_inner.o(.text) for __rt_SIGRTMEM_inner
    defsig_abrt_inner.o(.text) refers to defsig_general.o(.text) for __default_signal_display
    defsig_fpe_inner.o(.text) refers to defsig_general.o(.text) for __default_signal_display
    defsig_rtred_inner.o(.text) refers to defsig_general.o(.text) for __default_signal_display
    defsig_stak_inner.o(.text) refers to defsig_general.o(.text) for __default_signal_display
    defsig_pvfn_inner.o(.text) refers to defsig_general.o(.text) for __default_signal_display
    defsig_cppl_inner.o(.text) refers to defsig_general.o(.text) for __default_signal_display
    defsig_segv_inner.o(.text) refers to defsig_general.o(.text) for __default_signal_display
    defsig_other.o(.text) refers to defsig_general.o(.text) for __default_signal_display


==============================================================================

Removing Unused input sections from the image.

    Removing core_cm3.o(.emb_text), (32 bytes).
    Removing stm32f10x_adc.o(.text), (1084 bytes).
    Removing stm32f10x_bkp.o(.text), (172 bytes).
    Removing stm32f10x_cec.o(.text), (288 bytes).
    Removing stm32f10x_crc.o(.text), (72 bytes).
    Removing stm32f10x_dac.o(.text), (360 bytes).
    Removing stm32f10x_dbgmcu.o(.text), (48 bytes).
    Removing stm32f10x_exti.o(.text), (284 bytes).
    Removing stm32f10x_flash.o(.text), (1464 bytes).
    Removing stm32f10x_fsmc.o(.text), (1560 bytes).
    Removing stm32f10x_i2c.o(.text), (1008 bytes).
    Removing stm32f10x_iwdg.o(.text), (64 bytes).
    Removing stm32f10x_pwr.o(.text), (204 bytes).
    Removing stm32f10x_rtc.o(.text), (336 bytes).
    Removing stm32f10x_sdio.o(.text), (464 bytes).
    Removing stm32f10x_spi.o(.text), (784 bytes).
    Removing stm32f10x_wwdg.o(.text), (124 bytes).

17 unused section(s) (total 8348 bytes) removed from the image.

==============================================================================

Image Symbol Table

    Local Symbols

    Symbol Name                              Value     Ov Type        Size  Object(Section)

    ../../angel/boardlib.s                   0x00000000   Number         0  boardinit2.o ABSOLUTE
    ../../angel/boardlib.s                   0x00000000   Number         0  boardinit3.o ABSOLUTE
    ../../angel/boardlib.s                   0x00000000   Number         0  boardshut.o ABSOLUTE
    ../../angel/boardlib.s                   0x00000000   Number         0  boardinit1.o ABSOLUTE
    ../../angel/handlers.s                   0x00000000   Number         0  __scatter_copy.o ABSOLUTE
    ../../angel/handlers.s                   0x00000000   Number         0  __scatter_zi.o ABSOLUTE
    ../../angel/kernel.s                     0x00000000   Number         0  rtentry4.o ABSOLUTE
    ../../angel/kernel.s                     0x00000000   Number         0  rtentry.o ABSOLUTE
    ../../angel/kernel.s                     0x00000000   Number         0  rtentry2.o ABSOLUTE
    ../../angel/kernel.s                     0x00000000   Number         0  rtexit2.o ABSOLUTE
    ../../angel/kernel.s                     0x00000000   Number         0  rtexit.o ABSOLUTE
    ../../angel/rt.s                         0x00000000   Number         0  rt_raise.o ABSOLUTE
    ../../angel/rt.s                         0x00000000   Number         0  rt_fp_status_addr_intlibspace.o ABSOLUTE
    ../../angel/rt.s                         0x00000000   Number         0  rt_fp_status_addr.o ABSOLUTE
    ../../angel/scatter.s                    0x00000000   Number         0  __scatter.o ABSOLUTE
    ../../angel/startup.s                    0x00000000   Number         0  __main.o ABSOLUTE
    ../../angel/sys.s                        0x00000000   Number         0  sys_stackheap_outer.o ABSOLUTE
    ../../angel/sys.s                        0x00000000   Number         0  use_no_semi.o ABSOLUTE
    ../../angel/sys.s                        0x00000000   Number         0  indicate_semi.o ABSOLUTE
    ../../angel/sys.s                        0x00000000   Number         0  libspace.o ABSOLUTE
    ../../angel/sysapp.c                     0x00000000   Number         0  sys_command.o ABSOLUTE
    ../../angel/sysapp.c                     0x00000000   Number         0  sys_exit.o ABSOLUTE
    ../../angel/sysapp.c                     0x00000000   Number         0  sys_wrch.o ABSOLUTE
    ../../armsys.c                           0x00000000   Number         0  argv_veneer.o ABSOLUTE
    ../../armsys.c                           0x00000000   Number         0  argv_veneer.o ABSOLUTE
    ../../armsys.c                           0x00000000   Number         0  _get_argv_nomalloc.o ABSOLUTE
    ../../armsys.c                           0x00000000   Number         0  no_argv.o ABSOLUTE
    ../../d2f.s                              0x00000000   Number         0  d2f.o ABSOLUTE
    ../../daddsub.s                          0x00000000   Number         0  daddsub_clz.o ABSOLUTE
    ../../dcmpi.s                            0x00000000   Number         0  dcmpi.o ABSOLUTE
    ../../dleqf.s                            0x00000000   Number         0  dleqf.o ABSOLUTE
    ../../dnaninf.s                          0x00000000   Number         0  dnaninf.o ABSOLUTE
    ../../dretinf.s                          0x00000000   Number         0  dretinf.o ABSOLUTE
    ../../drleqf.s                           0x00000000   Number         0  drleqf.o ABSOLUTE
    ../../f2d.s                              0x00000000   Number         0  f2d.o ABSOLUTE
    ../../faddsub.s                          0x00000000   Number         0  faddsub_clz.o ABSOLUTE
    ../../fcmpi.s                            0x00000000   Number         0  fcmpi.o ABSOLUTE
    ../../feqf.s                             0x00000000   Number         0  feqf.o ABSOLUTE
    ../../ffix.s                             0x00000000   Number         0  ffix.o ABSOLUTE
    ../../ffixu.s                            0x00000000   Number         0  ffixu.o ABSOLUTE
    ../../fflt.s                             0x00000000   Number         0  fflt_clz.o ABSOLUTE
    ../../fleqf.s                            0x00000000   Number         0  fleqf.o ABSOLUTE
    ../../fmul.s                             0x00000000   Number         0  fmul.o ABSOLUTE
    ../../fnaninf.s                          0x00000000   Number         0  fnaninf.o ABSOLUTE
    ../../fpinit.s                           0x00000000   Number         0  fpinit.o ABSOLUTE
    ../../fretinf.s                          0x00000000   Number         0  fretinf.o ABSOLUTE
    ../../frleqf.s                           0x00000000   Number         0  frleqf.o ABSOLUTE
    ../../heapalloc.c                        0x00000000   Number         0  hrguard.o ABSOLUTE
    ../../heapaux.c                          0x00000000   Number         0  heapauxi.o ABSOLUTE
    ../../libinit.s                          0x00000000   Number         0  libinit2.o ABSOLUTE
    ../../libinit.s                          0x00000000   Number         0  libshutdown.o ABSOLUTE
    ../../libinit.s                          0x00000000   Number         0  libshutdown2.o ABSOLUTE
    ../../libinit.s                          0x00000000   Number         0  libinit.o ABSOLUTE
    ../../signal.c                           0x00000000   Number         0  defsig_fpe_inner.o ABSOLUTE
    ../../signal.c                           0x00000000   Number         0  defsig_abrt_inner.o ABSOLUTE
    ../../signal.c                           0x00000000   Number         0  defsig_rtmem_outer.o ABSOLUTE
    ../../signal.c                           0x00000000   Number         0  defsig_cppl_inner.o ABSOLUTE
    ../../signal.c                           0x00000000   Number         0  defsig_segv_inner.o ABSOLUTE
    ../../signal.c                           0x00000000   Number         0  defsig_other.o ABSOLUTE
    ../../signal.c                           0x00000000   Number         0  defsig_exit.o ABSOLUTE
    ../../signal.c                           0x00000000   Number         0  defsig_rtmem_formal.o ABSOLUTE
    ../../signal.c                           0x00000000   Number         0  defsig_pvfn_inner.o ABSOLUTE
    ../../signal.c                           0x00000000   Number         0  defsig_stak_inner.o ABSOLUTE
    ../../signal.c                           0x00000000   Number         0  defsig_rtred_inner.o ABSOLUTE
    ../../signal.c                           0x00000000   Number         0  defsig_rtmem_inner.o ABSOLUTE
    ../../signal.c                           0x00000000   Number         0  __raise.o ABSOLUTE
    ../../signal.c                           0x00000000   Number         0  defsig_general.o ABSOLUTE
    ../../signal.s                           0x00000000   Number         0  defsig.o ABSOLUTE
    ../../stdlib.c                           0x00000000   Number         0  exit.o ABSOLUTE
    ../../usenofp.s                          0x00000000   Number         0  usenofp.o ABSOLUTE
    ..\CORE\core_cm3.c                       0x00000000   Number         0  core_cm3.o ABSOLUTE
    ..\CORE\startup_stm32f10x_hd.s           0x00000000   Number         0  startup_stm32f10x_hd.o ABSOLUTE
    ..\FramWork\FramWork.c                   0x00000000   Number         0  framwork.o ABSOLUTE
    ..\Function\BSP.c                        0x00000000   Number         0  bsp.o ABSOLUTE
    ..\RobotTask\RobotTask.c                 0x00000000   Number         0  robottask.o ABSOLUTE
    ..\STM32F10x_FWLib\src\misc.c            0x00000000   Number         0  misc.o ABSOLUTE
    ..\STM32F10x_FWLib\src\stm32f10x_adc.c   0x00000000   Number         0  stm32f10x_adc.o ABSOLUTE
    ..\STM32F10x_FWLib\src\stm32f10x_bkp.c   0x00000000   Number         0  stm32f10x_bkp.o ABSOLUTE
    ..\STM32F10x_FWLib\src\stm32f10x_can.c   0x00000000   Number         0  stm32f10x_can.o ABSOLUTE
    ..\STM32F10x_FWLib\src\stm32f10x_cec.c   0x00000000   Number         0  stm32f10x_cec.o ABSOLUTE
    ..\STM32F10x_FWLib\src\stm32f10x_crc.c   0x00000000   Number         0  stm32f10x_crc.o ABSOLUTE
    ..\STM32F10x_FWLib\src\stm32f10x_dac.c   0x00000000   Number         0  stm32f10x_dac.o ABSOLUTE
    ..\STM32F10x_FWLib\src\stm32f10x_dbgmcu.c 0x00000000   Number         0  stm32f10x_dbgmcu.o ABSOLUTE
    ..\STM32F10x_FWLib\src\stm32f10x_dma.c   0x00000000   Number         0  stm32f10x_dma.o ABSOLUTE
    ..\STM32F10x_FWLib\src\stm32f10x_exti.c  0x00000000   Number         0  stm32f10x_exti.o ABSOLUTE
    ..\STM32F10x_FWLib\src\stm32f10x_flash.c 0x00000000   Number         0  stm32f10x_flash.o ABSOLUTE
    ..\STM32F10x_FWLib\src\stm32f10x_fsmc.c  0x00000000   Number         0  stm32f10x_fsmc.o ABSOLUTE
    ..\STM32F10x_FWLib\src\stm32f10x_gpio.c  0x00000000   Number         0  stm32f10x_gpio.o ABSOLUTE
    ..\STM32F10x_FWLib\src\stm32f10x_i2c.c   0x00000000   Number         0  stm32f10x_i2c.o ABSOLUTE
    ..\STM32F10x_FWLib\src\stm32f10x_iwdg.c  0x00000000   Number         0  stm32f10x_iwdg.o ABSOLUTE
    ..\STM32F10x_FWLib\src\stm32f10x_pwr.c   0x00000000   Number         0  stm32f10x_pwr.o ABSOLUTE
    ..\STM32F10x_FWLib\src\stm32f10x_rcc.c   0x00000000   Number         0  stm32f10x_rcc.o ABSOLUTE
    ..\STM32F10x_FWLib\src\stm32f10x_rtc.c   0x00000000   Number         0  stm32f10x_rtc.o ABSOLUTE
    ..\STM32F10x_FWLib\src\stm32f10x_sdio.c  0x00000000   Number         0  stm32f10x_sdio.o ABSOLUTE
    ..\STM32F10x_FWLib\src\stm32f10x_spi.c   0x00000000   Number         0  stm32f10x_spi.o ABSOLUTE
    ..\STM32F10x_FWLib\src\stm32f10x_tim.c   0x00000000   Number         0  stm32f10x_tim.o ABSOLUTE
    ..\STM32F10x_FWLib\src\stm32f10x_usart.c 0x00000000   Number         0  stm32f10x_usart.o ABSOLUTE
    ..\STM32F10x_FWLib\src\stm32f10x_wwdg.c  0x00000000   Number         0  stm32f10x_wwdg.o ABSOLUTE
    ..\\CORE\\core_cm3.c                     0x00000000   Number         0  core_cm3.o ABSOLUTE
    dc.s                                     0x00000000   Number         0  dc.o ABSOLUTE
    main.c                                   0x00000000   Number         0  main.o ABSOLUTE
    stm32f10x_it.c                           0x00000000   Number         0  stm32f10x_it.o ABSOLUTE
    system_stm32f10x.c                       0x00000000   Number         0  system_stm32f10x.o ABSOLUTE
    RESET                                    0x08000000   Section      304  startup_stm32f10x_hd.o(RESET)
    !!!main                                  0x08000130   Section        8  __main.o(!!!main)
    !!!scatter                               0x08000138   Section       52  __scatter.o(!!!scatter)
    !!handler_copy                           0x0800016c   Section       26  __scatter_copy.o(!!handler_copy)
    !!handler_zi                             0x08000188   Section       28  __scatter_zi.o(!!handler_zi)
    .ARM.Collect$$libinit$$00000000          0x080001a4   Section        6  libinit.o(.ARM.Collect$$libinit$$00000000)
    .ARM.Collect$$libinit$$00000006          0x080001aa   Section        0  libinit2.o(.ARM.Collect$$libinit$$00000006)
    .ARM.Collect$$libinit$$00000008          0x080001aa   Section        0  libinit2.o(.ARM.Collect$$libinit$$00000008)
    .ARM.Collect$$libinit$$0000000A          0x080001aa   Section        0  libinit2.o(.ARM.Collect$$libinit$$0000000A)
    .ARM.Collect$$libinit$$0000000D          0x080001aa   Section        0  libinit2.o(.ARM.Collect$$libinit$$0000000D)
    .ARM.Collect$$libinit$$0000000F          0x080001aa   Section        0  libinit2.o(.ARM.Collect$$libinit$$0000000F)
    .ARM.Collect$$libinit$$00000011          0x080001aa   Section        0  libinit2.o(.ARM.Collect$$libinit$$00000011)
    .ARM.Collect$$libinit$$00000013          0x080001aa   Section        0  libinit2.o(.ARM.Collect$$libinit$$00000013)
    .ARM.Collect$$libinit$$00000015          0x080001aa   Section        0  libinit2.o(.ARM.Collect$$libinit$$00000015)
    .ARM.Collect$$libinit$$00000017          0x080001aa   Section        0  libinit2.o(.ARM.Collect$$libinit$$00000017)
    .ARM.Collect$$libinit$$00000019          0x080001aa   Section        0  libinit2.o(.ARM.Collect$$libinit$$00000019)
    .ARM.Collect$$libinit$$0000001B          0x080001aa   Section        0  libinit2.o(.ARM.Collect$$libinit$$0000001B)
    .ARM.Collect$$libinit$$0000001D          0x080001aa   Section        0  libinit2.o(.ARM.Collect$$libinit$$0000001D)
    .ARM.Collect$$libinit$$0000001F          0x080001aa   Section        0  libinit2.o(.ARM.Collect$$libinit$$0000001F)
    .ARM.Collect$$libinit$$00000021          0x080001aa   Section        0  libinit2.o(.ARM.Collect$$libinit$$00000021)
    .ARM.Collect$$libinit$$00000028          0x080001aa   Section        0  libinit2.o(.ARM.Collect$$libinit$$00000028)
    .ARM.Collect$$libinit$$0000002A          0x080001aa   Section        0  libinit2.o(.ARM.Collect$$libinit$$0000002A)
    .ARM.Collect$$libinit$$0000002C          0x080001aa   Section        0  libinit2.o(.ARM.Collect$$libinit$$0000002C)
    .ARM.Collect$$libinit$$0000002E          0x080001aa   Section        0  libinit2.o(.ARM.Collect$$libinit$$0000002E)
    .ARM.Collect$$libinit$$0000002F          0x080001aa   Section        2  libinit2.o(.ARM.Collect$$libinit$$0000002F)
    .ARM.Collect$$libshutdown$$00000000      0x080001ac   Section        2  libshutdown.o(.ARM.Collect$$libshutdown$$00000000)
    .ARM.Collect$$libshutdown$$00000003      0x080001ae   Section        0  libshutdown2.o(.ARM.Collect$$libshutdown$$00000003)
    .ARM.Collect$$libshutdown$$00000006      0x080001ae   Section        0  libshutdown2.o(.ARM.Collect$$libshutdown$$00000006)
    .ARM.Collect$$libshutdown$$00000009      0x080001ae   Section        0  libshutdown2.o(.ARM.Collect$$libshutdown$$00000009)
    .ARM.Collect$$libshutdown$$0000000B      0x080001ae   Section        0  libshutdown2.o(.ARM.Collect$$libshutdown$$0000000B)
    .ARM.Collect$$libshutdown$$0000000E      0x080001ae   Section        0  libshutdown2.o(.ARM.Collect$$libshutdown$$0000000E)
    .ARM.Collect$$libshutdown$$0000000F      0x080001ae   Section        2  libshutdown2.o(.ARM.Collect$$libshutdown$$0000000F)
    .ARM.Collect$$rtentry$$00000000          0x080001b0   Section        0  rtentry.o(.ARM.Collect$$rtentry$$00000000)
    .ARM.Collect$$rtentry$$00000002          0x080001b0   Section        0  rtentry2.o(.ARM.Collect$$rtentry$$00000002)
    .ARM.Collect$$rtentry$$00000004          0x080001b0   Section        6  rtentry4.o(.ARM.Collect$$rtentry$$00000004)
    .ARM.Collect$$rtentry$$00000009          0x080001b6   Section        0  rtentry2.o(.ARM.Collect$$rtentry$$00000009)
    .ARM.Collect$$rtentry$$0000000A          0x080001b6   Section        4  rtentry2.o(.ARM.Collect$$rtentry$$0000000A)
    .ARM.Collect$$rtentry$$0000000C          0x080001ba   Section        0  rtentry2.o(.ARM.Collect$$rtentry$$0000000C)
    .ARM.Collect$$rtentry$$0000000D          0x080001ba   Section        8  rtentry2.o(.ARM.Collect$$rtentry$$0000000D)
    .ARM.Collect$$rtexit$$00000000           0x080001c2   Section        2  rtexit.o(.ARM.Collect$$rtexit$$00000000)
    .ARM.Collect$$rtexit$$00000002           0x080001c4   Section        0  rtexit2.o(.ARM.Collect$$rtexit$$00000002)
    .ARM.Collect$$rtexit$$00000003           0x080001c4   Section        4  rtexit2.o(.ARM.Collect$$rtexit$$00000003)
    .ARM.Collect$$rtexit$$00000004           0x080001c8   Section        6  rtexit2.o(.ARM.Collect$$rtexit$$00000004)
    .text                                    0x080001d0   Section        0  main.o(.text)
    .text                                    0x08000200   Section        0  stm32f10x_it.o(.text)
    .text                                    0x080006f4   Section        0  system_stm32f10x.o(.text)
    SetSysClockTo72                          0x080006f5   Thumb Code   192  system_stm32f10x.o(.text)
    SetSysClock                              0x080007b5   Thumb Code     8  system_stm32f10x.o(.text)
    .text                                    0x080008bc   Section       64  startup_stm32f10x_hd.o(.text)
    .text                                    0x080008fc   Section        0  misc.o(.text)
    .text                                    0x080009d8   Section        0  stm32f10x_can.o(.text)
    CheckITStatus                            0x080011e3   Thumb Code    16  stm32f10x_can.o(.text)
    .text                                    0x080013cc   Section        0  stm32f10x_dma.o(.text)
    .text                                    0x0800161c   Section        0  stm32f10x_gpio.o(.text)
    .text                                    0x08001974   Section        0  stm32f10x_rcc.o(.text)
    .text                                    0x08001d14   Section        0  stm32f10x_tim.o(.text)
    TI4_Config                               0x0800219f   Thumb Code   118  stm32f10x_tim.o(.text)
    TI3_Config                               0x08002227   Thumb Code   114  stm32f10x_tim.o(.text)
    TI2_Config                               0x080022af   Thumb Code   118  stm32f10x_tim.o(.text)
    TI1_Config                               0x08002337   Thumb Code   106  stm32f10x_tim.o(.text)
    .text                                    0x08002ac4   Section        0  stm32f10x_usart.o(.text)
    .text                                    0x08002ed0   Section        0  bsp.o(.text)
    Can_chassis_one_motor_gpio_conf          0x08002fa7   Thumb Code    86  bsp.o(.text)
    Can_chassis_one_motor_nvic_conf          0x08002ffd   Thumb Code    32  bsp.o(.text)
    Can_chassis_one_motor_init_conf          0x0800301d   Thumb Code    80  bsp.o(.text)
    Can_chassis_one_motor_filter_conf        0x0800306d   Thumb Code    74  bsp.o(.text)
    .text                                    0x08003ba8   Section        0  robottask.o(.text)
    .text                                    0x08003eec   Section        0  framwork.o(.text)
    .text                                    0x08003f50   Section        0  heapauxi.o(.text)
    .text                                    0x08003f56   Section       74  sys_stackheap_outer.o(.text)
    .text                                    0x08003fa0   Section        0  exit.o(.text)
    .text                                    0x08003fac   Section        8  libspace.o(.text)
    .text                                    0x08003fb4   Section        8  rt_fp_status_addr_intlibspace.o(.text)
    .text                                    0x08003fbc   Section        0  sys_exit.o(.text)
    .text                                    0x08003fc8   Section        2  use_no_semi.o(.text)
    .text                                    0x08003fca   Section        0  indicate_semi.o(.text)
    x$fpl$d2f                                0x08003fcc   Section       98  d2f.o(x$fpl$d2f)
    x$fpl$dadd                               0x08004030   Section      336  daddsub_clz.o(x$fpl$dadd)
    _dadd1                                   0x08004041   Thumb Code     0  daddsub_clz.o(x$fpl$dadd)
    x$fpl$dcmpinf                            0x08004180   Section       24  dcmpi.o(x$fpl$dcmpinf)
    x$fpl$dleqf                              0x08004198   Section      120  dleqf.o(x$fpl$dleqf)
    x$fpl$dnaninf                            0x08004210   Section      156  dnaninf.o(x$fpl$dnaninf)
    x$fpl$dretinf                            0x080042ac   Section       12  dretinf.o(x$fpl$dretinf)
    x$fpl$drleqf                             0x080042b8   Section      108  drleqf.o(x$fpl$drleqf)
    x$fpl$dsub                               0x08004324   Section      468  daddsub_clz.o(x$fpl$dsub)
    _dsub1                                   0x08004335   Thumb Code     0  daddsub_clz.o(x$fpl$dsub)
    x$fpl$f2d                                0x080044f8   Section       86  f2d.o(x$fpl$f2d)
    x$fpl$fadd                               0x08004550   Section      196  faddsub_clz.o(x$fpl$fadd)
    _fadd1                                   0x0800455f   Thumb Code     0  faddsub_clz.o(x$fpl$fadd)
    x$fpl$fcmpinf                            0x08004614   Section       24  fcmpi.o(x$fpl$fcmpinf)
    x$fpl$feqf                               0x0800462c   Section      104  feqf.o(x$fpl$feqf)
    x$fpl$ffix                               0x08004694   Section       54  ffix.o(x$fpl$ffix)
    x$fpl$ffixu                              0x080046cc   Section       62  ffixu.o(x$fpl$ffixu)
    x$fpl$fflt                               0x0800470c   Section       48  fflt_clz.o(x$fpl$fflt)
    x$fpl$fleqf                              0x0800473c   Section      104  fleqf.o(x$fpl$fleqf)
    x$fpl$fmul                               0x080047a4   Section      258  fmul.o(x$fpl$fmul)
    x$fpl$fnaninf                            0x080048a6   Section      140  fnaninf.o(x$fpl$fnaninf)
    x$fpl$fpinit                             0x08004932   Section       14  fpinit.o(x$fpl$fpinit)
    x$fpl$fretinf                            0x08004940   Section       10  fretinf.o(x$fpl$fretinf)
    x$fpl$frleqf                             0x0800494a   Section       98  frleqf.o(x$fpl$frleqf)
    x$fpl$frsb                               0x080049ac   Section       20  faddsub_clz.o(x$fpl$frsb)
    x$fpl$fsub                               0x080049c0   Section      234  faddsub_clz.o(x$fpl$fsub)
    _fsub1                                   0x080049cf   Thumb Code     0  faddsub_clz.o(x$fpl$fsub)
    x$fpl$usenofp                            0x08004aaa   Section        0  usenofp.o(x$fpl$usenofp)
    .data                                    0x20000000   Section       39  stm32f10x_it.o(.data)
    .data                                    0x20000028   Section       20  system_stm32f10x.o(.data)
    .data                                    0x2000003c   Section       20  stm32f10x_rcc.o(.data)
    APBAHBPrescTable                         0x2000003c   Data          16  stm32f10x_rcc.o(.data)
    ADCPrescTable                            0x2000004c   Data           4  stm32f10x_rcc.o(.data)
    .data                                    0x20000050   Section       48  robottask.o(.data)
    .data                                    0x20000080   Section       44  framwork.o(.data)
    .bss                                     0x200000ac   Section       20  stm32f10x_it.o(.bss)
    .bss                                     0x200000c0   Section       80  bsp.o(.bss)
    .bss                                     0x20000110   Section      160  robottask.o(.bss)
    .bss                                     0x200001b0   Section       32  framwork.o(.bss)
    .bss                                     0x200001d0   Section       96  libspace.o(.bss)
    HEAP                                     0x20000230   Section      512  startup_stm32f10x_hd.o(HEAP)
    Heap_Mem                                 0x20000230   Data         512  startup_stm32f10x_hd.o(HEAP)
    STACK                                    0x20000430   Section     1024  startup_stm32f10x_hd.o(STACK)
    Stack_Mem                                0x20000430   Data        1024  startup_stm32f10x_hd.o(STACK)
    __initial_sp                             0x20000830   Data           0  startup_stm32f10x_hd.o(STACK)

    Global Symbols

    Symbol Name                              Value     Ov Type        Size  Object(Section)

    BuildAttributes$$THM_ISAv4$P$D$K$B$S$PE$A:L22UL41UL21$X:L11$S22US41US21$IEEE1$IW$USESV6$~STKCKD$USESV7$~SHL$OSPACE$ROPI$EBA8$UX$STANDARDLIB$REQ8$PRES8$EABIv2 0x00000000   Number         0  anon$$obj.o ABSOLUTE
    __ARM_use_no_argv                        0x00000000   Number         0  main.o ABSOLUTE
    __ARM_exceptions_init                     - Undefined Weak Reference
    __alloca_initialize                       - Undefined Weak Reference
    __cpp_initialize__aeabi_                  - Undefined Weak Reference
    __cxa_finalize                            - Undefined Weak Reference
    __rt_locale                               - Undefined Weak Reference
    __sigvec_lookup                           - Undefined Weak Reference
    _atexit_init                              - Undefined Weak Reference
    _call_atexit_fns                          - Undefined Weak Reference
    _clock_init                               - Undefined Weak Reference
    _fp_trap_init                             - Undefined Weak Reference
    _fp_trap_shutdown                         - Undefined Weak Reference
    _get_lc_collate                           - Undefined Weak Reference
    _get_lc_ctype                             - Undefined Weak Reference
    _get_lc_monetary                          - Undefined Weak Reference
    _get_lc_numeric                           - Undefined Weak Reference
    _get_lc_time                              - Undefined Weak Reference
    _getenv_init                              - Undefined Weak Reference
    _handle_redirection                       - Undefined Weak Reference
    _init_alloc                               - Undefined Weak Reference
    _init_user_alloc                          - Undefined Weak Reference
    _initio                                   - Undefined Weak Reference
    _rand_init                                - Undefined Weak Reference
    _signal_finish                            - Undefined Weak Reference
    _signal_init                              - Undefined Weak Reference
    _terminate_alloc                          - Undefined Weak Reference
    _terminate_user_alloc                     - Undefined Weak Reference
    _terminateio                              - Undefined Weak Reference
    __Vectors_Size                           0x00000130   Number         0  startup_stm32f10x_hd.o ABSOLUTE
    __Vectors                                0x08000000   Data           4  startup_stm32f10x_hd.o(RESET)
    __Vectors_End                            0x08000130   Data           0  startup_stm32f10x_hd.o(RESET)
    __main                                   0x08000131   Thumb Code     8  __main.o(!!!main)
    __scatterload                            0x08000139   Thumb Code     0  __scatter.o(!!!scatter)
    __scatterload_rt2                        0x08000139   Thumb Code    44  __scatter.o(!!!scatter)
    __scatterload_rt2_thumb_only             0x08000139   Thumb Code     0  __scatter.o(!!!scatter)
    __scatterload_null                       0x08000147   Thumb Code     0  __scatter.o(!!!scatter)
    __scatterload_copy                       0x0800016d   Thumb Code    26  __scatter_copy.o(!!handler_copy)
    __scatterload_zeroinit                   0x08000189   Thumb Code    28  __scatter_zi.o(!!handler_zi)
    __rt_lib_init                            0x080001a5   Thumb Code     0  libinit.o(.ARM.Collect$$libinit$$00000000)
    __rt_lib_init_alloca_1                   0x080001ab   Thumb Code     0  libinit2.o(.ARM.Collect$$libinit$$0000002A)
    __rt_lib_init_argv_1                     0x080001ab   Thumb Code     0  libinit2.o(.ARM.Collect$$libinit$$00000028)
    __rt_lib_init_atexit_1                   0x080001ab   Thumb Code     0  libinit2.o(.ARM.Collect$$libinit$$00000017)
    __rt_lib_init_clock_1                    0x080001ab   Thumb Code     0  libinit2.o(.ARM.Collect$$libinit$$0000001D)
    __rt_lib_init_cpp_1                      0x080001ab   Thumb Code     0  libinit2.o(.ARM.Collect$$libinit$$0000002E)
    __rt_lib_init_exceptions_1               0x080001ab   Thumb Code     0  libinit2.o(.ARM.Collect$$libinit$$0000002C)
    __rt_lib_init_fp_trap_1                  0x080001ab   Thumb Code     0  libinit2.o(.ARM.Collect$$libinit$$0000001B)
    __rt_lib_init_getenv_1                   0x080001ab   Thumb Code     0  libinit2.o(.ARM.Collect$$libinit$$0000001F)
    __rt_lib_init_heap_1                     0x080001ab   Thumb Code     0  libinit2.o(.ARM.Collect$$libinit$$00000006)
    __rt_lib_init_lc_collate_1               0x080001ab   Thumb Code     0  libinit2.o(.ARM.Collect$$libinit$$0000000D)
    __rt_lib_init_lc_ctype_1                 0x080001ab   Thumb Code     0  libinit2.o(.ARM.Collect$$libinit$$0000000F)
    __rt_lib_init_lc_monetary_1              0x080001ab   Thumb Code     0  libinit2.o(.ARM.Collect$$libinit$$00000011)
    __rt_lib_init_lc_numeric_1               0x080001ab   Thumb Code     0  libinit2.o(.ARM.Collect$$libinit$$00000013)
    __rt_lib_init_lc_time_1                  0x080001ab   Thumb Code     0  libinit2.o(.ARM.Collect$$libinit$$00000015)
    __rt_lib_init_rand_1                     0x080001ab   Thumb Code     0  libinit2.o(.ARM.Collect$$libinit$$0000000A)
    __rt_lib_init_return                     0x080001ab   Thumb Code     0  libinit2.o(.ARM.Collect$$libinit$$0000002F)
    __rt_lib_init_signal_1                   0x080001ab   Thumb Code     0  libinit2.o(.ARM.Collect$$libinit$$00000019)
    __rt_lib_init_stdio_1                    0x080001ab   Thumb Code     0  libinit2.o(.ARM.Collect$$libinit$$00000021)
    __rt_lib_init_user_alloc_1               0x080001ab   Thumb Code     0  libinit2.o(.ARM.Collect$$libinit$$00000008)
    __rt_lib_shutdown                        0x080001ad   Thumb Code     0  libshutdown.o(.ARM.Collect$$libshutdown$$00000000)
    __rt_lib_shutdown_fp_trap_1              0x080001af   Thumb Code     0  libshutdown2.o(.ARM.Collect$$libshutdown$$00000006)
    __rt_lib_shutdown_heap_1                 0x080001af   Thumb Code     0  libshutdown2.o(.ARM.Collect$$libshutdown$$0000000E)
    __rt_lib_shutdown_return                 0x080001af   Thumb Code     0  libshutdown2.o(.ARM.Collect$$libshutdown$$0000000F)
    __rt_lib_shutdown_signal_1               0x080001af   Thumb Code     0  libshutdown2.o(.ARM.Collect$$libshutdown$$00000009)
    __rt_lib_shutdown_stdio_1                0x080001af   Thumb Code     0  libshutdown2.o(.ARM.Collect$$libshutdown$$00000003)
    __rt_lib_shutdown_user_alloc_1           0x080001af   Thumb Code     0  libshutdown2.o(.ARM.Collect$$libshutdown$$0000000B)
    __rt_entry                               0x080001b1   Thumb Code     0  rtentry.o(.ARM.Collect$$rtentry$$00000000)
    __rt_entry_presh_1                       0x080001b1   Thumb Code     0  rtentry2.o(.ARM.Collect$$rtentry$$00000002)
    __rt_entry_sh                            0x080001b1   Thumb Code     0  rtentry4.o(.ARM.Collect$$rtentry$$00000004)
    __rt_entry_li                            0x080001b7   Thumb Code     0  rtentry2.o(.ARM.Collect$$rtentry$$0000000A)
    __rt_entry_postsh_1                      0x080001b7   Thumb Code     0  rtentry2.o(.ARM.Collect$$rtentry$$00000009)
    __rt_entry_main                          0x080001bb   Thumb Code     0  rtentry2.o(.ARM.Collect$$rtentry$$0000000D)
    __rt_entry_postli_1                      0x080001bb   Thumb Code     0  rtentry2.o(.ARM.Collect$$rtentry$$0000000C)
    __rt_exit                                0x080001c3   Thumb Code     0  rtexit.o(.ARM.Collect$$rtexit$$00000000)
    __rt_exit_ls                             0x080001c5   Thumb Code     0  rtexit2.o(.ARM.Collect$$rtexit$$00000003)
    __rt_exit_prels_1                        0x080001c5   Thumb Code     0  rtexit2.o(.ARM.Collect$$rtexit$$00000002)
    __rt_exit_exit                           0x080001c9   Thumb Code     0  rtexit2.o(.ARM.Collect$$rtexit$$00000004)
    main                                     0x080001d1   Thumb Code    42  main.o(.text)
    TIM6_IRQHandler                          0x08000201   Thumb Code    30  stm32f10x_it.o(.text)
    TIM7_IRQHandler                          0x0800021f   Thumb Code   732  stm32f10x_it.o(.text)
    TIM2_IRQHandler                          0x080004fb   Thumb Code    50  stm32f10x_it.o(.text)
    TIM3_IRQHandler                          0x0800052d   Thumb Code    48  stm32f10x_it.o(.text)
    TIM4_IRQHandler                          0x0800055d   Thumb Code    48  stm32f10x_it.o(.text)
    TIM5_IRQHandler                          0x0800058d   Thumb Code    48  stm32f10x_it.o(.text)
    DMA1_Channel3_IRQHandler                 0x080005bd   Thumb Code    12  stm32f10x_it.o(.text)
    USB_LP_CAN1_RX0_IRQHandler               0x080005c9   Thumb Code   250  stm32f10x_it.o(.text)
    NMI_Handler                              0x080006c3   Thumb Code     2  stm32f10x_it.o(.text)
    HardFault_Handler                        0x080006c5   Thumb Code     4  stm32f10x_it.o(.text)
    MemManage_Handler                        0x080006c9   Thumb Code     4  stm32f10x_it.o(.text)
    BusFault_Handler                         0x080006cd   Thumb Code     4  stm32f10x_it.o(.text)
    UsageFault_Handler                       0x080006d1   Thumb Code     4  stm32f10x_it.o(.text)
    SVC_Handler                              0x080006d5   Thumb Code     2  stm32f10x_it.o(.text)
    DebugMon_Handler                         0x080006d7   Thumb Code     2  stm32f10x_it.o(.text)
    PendSV_Handler                           0x080006d9   Thumb Code     2  stm32f10x_it.o(.text)
    SysTick_Handler                          0x080006db   Thumb Code     2  stm32f10x_it.o(.text)
    SystemInit                               0x080007bd   Thumb Code    78  system_stm32f10x.o(.text)
    SystemCoreClockUpdate                    0x0800080b   Thumb Code   142  system_stm32f10x.o(.text)
    Reset_Handler                            0x080008bd   Thumb Code     8  startup_stm32f10x_hd.o(.text)
    ADC1_2_IRQHandler                        0x080008d7   Thumb Code     0  startup_stm32f10x_hd.o(.text)
    ADC3_IRQHandler                          0x080008d7   Thumb Code     0  startup_stm32f10x_hd.o(.text)
    CAN1_RX1_IRQHandler                      0x080008d7   Thumb Code     0  startup_stm32f10x_hd.o(.text)
    CAN1_SCE_IRQHandler                      0x080008d7   Thumb Code     0  startup_stm32f10x_hd.o(.text)
    DMA1_Channel1_IRQHandler                 0x080008d7   Thumb Code     0  startup_stm32f10x_hd.o(.text)
    DMA1_Channel2_IRQHandler                 0x080008d7   Thumb Code     0  startup_stm32f10x_hd.o(.text)
    DMA1_Channel4_IRQHandler                 0x080008d7   Thumb Code     0  startup_stm32f10x_hd.o(.text)
    DMA1_Channel5_IRQHandler                 0x080008d7   Thumb Code     0  startup_stm32f10x_hd.o(.text)
    DMA1_Channel6_IRQHandler                 0x080008d7   Thumb Code     0  startup_stm32f10x_hd.o(.text)
    DMA1_Channel7_IRQHandler                 0x080008d7   Thumb Code     0  startup_stm32f10x_hd.o(.text)
    DMA2_Channel1_IRQHandler                 0x080008d7   Thumb Code     0  startup_stm32f10x_hd.o(.text)
    DMA2_Channel2_IRQHandler                 0x080008d7   Thumb Code     0  startup_stm32f10x_hd.o(.text)
    DMA2_Channel3_IRQHandler                 0x080008d7   Thumb Code     0  startup_stm32f10x_hd.o(.text)
    DMA2_Channel4_5_IRQHandler               0x080008d7   Thumb Code     0  startup_stm32f10x_hd.o(.text)
    EXTI0_IRQHandler                         0x080008d7   Thumb Code     0  startup_stm32f10x_hd.o(.text)
    EXTI15_10_IRQHandler                     0x080008d7   Thumb Code     0  startup_stm32f10x_hd.o(.text)
    EXTI1_IRQHandler                         0x080008d7   Thumb Code     0  startup_stm32f10x_hd.o(.text)
    EXTI2_IRQHandler                         0x080008d7   Thumb Code     0  startup_stm32f10x_hd.o(.text)
    EXTI3_IRQHandler                         0x080008d7   Thumb Code     0  startup_stm32f10x_hd.o(.text)
    EXTI4_IRQHandler                         0x080008d7   Thumb Code     0  startup_stm32f10x_hd.o(.text)
    EXTI9_5_IRQHandler                       0x080008d7   Thumb Code     0  startup_stm32f10x_hd.o(.text)
    FLASH_IRQHandler                         0x080008d7   Thumb Code     0  startup_stm32f10x_hd.o(.text)
    FSMC_IRQHandler                          0x080008d7   Thumb Code     0  startup_stm32f10x_hd.o(.text)
    I2C1_ER_IRQHandler                       0x080008d7   Thumb Code     0  startup_stm32f10x_hd.o(.text)
    I2C1_EV_IRQHandler                       0x080008d7   Thumb Code     0  startup_stm32f10x_hd.o(.text)
    I2C2_ER_IRQHandler                       0x080008d7   Thumb Code     0  startup_stm32f10x_hd.o(.text)
    I2C2_EV_IRQHandler                       0x080008d7   Thumb Code     0  startup_stm32f10x_hd.o(.text)
    PVD_IRQHandler                           0x080008d7   Thumb Code     0  startup_stm32f10x_hd.o(.text)
    RCC_IRQHandler                           0x080008d7   Thumb Code     0  startup_stm32f10x_hd.o(.text)
    RTCAlarm_IRQHandler                      0x080008d7   Thumb Code     0  startup_stm32f10x_hd.o(.text)
    RTC_IRQHandler                           0x080008d7   Thumb Code     0  startup_stm32f10x_hd.o(.text)
    SDIO_IRQHandler                          0x080008d7   Thumb Code     0  startup_stm32f10x_hd.o(.text)
    SPI1_IRQHandler                          0x080008d7   Thumb Code     0  startup_stm32f10x_hd.o(.text)
    SPI2_IRQHandler                          0x080008d7   Thumb Code     0  startup_stm32f10x_hd.o(.text)
    SPI3_IRQHandler                          0x080008d7   Thumb Code     0  startup_stm32f10x_hd.o(.text)
    TAMPER_IRQHandler                        0x080008d7   Thumb Code     0  startup_stm32f10x_hd.o(.text)
    TIM1_BRK_IRQHandler                      0x080008d7   Thumb Code     0  startup_stm32f10x_hd.o(.text)
    TIM1_CC_IRQHandler                       0x080008d7   Thumb Code     0  startup_stm32f10x_hd.o(.text)
    TIM1_TRG_COM_IRQHandler                  0x080008d7   Thumb Code     0  startup_stm32f10x_hd.o(.text)
    TIM1_UP_IRQHandler                       0x080008d7   Thumb Code     0  startup_stm32f10x_hd.o(.text)
    TIM8_BRK_IRQHandler                      0x080008d7   Thumb Code     0  startup_stm32f10x_hd.o(.text)
    TIM8_CC_IRQHandler                       0x080008d7   Thumb Code     0  startup_stm32f10x_hd.o(.text)
    TIM8_TRG_COM_IRQHandler                  0x080008d7   Thumb Code     0  startup_stm32f10x_hd.o(.text)
    TIM8_UP_IRQHandler                       0x080008d7   Thumb Code     0  startup_stm32f10x_hd.o(.text)
    UART4_IRQHandler                         0x080008d7   Thumb Code     0  startup_stm32f10x_hd.o(.text)
    UART5_IRQHandler                         0x080008d7   Thumb Code     0  startup_stm32f10x_hd.o(.text)
    USART1_IRQHandler                        0x080008d7   Thumb Code     0  startup_stm32f10x_hd.o(.text)
    USART2_IRQHandler                        0x080008d7   Thumb Code     0  startup_stm32f10x_hd.o(.text)
    USART3_IRQHandler                        0x080008d7   Thumb Code     0  startup_stm32f10x_hd.o(.text)
    USBWakeUp_IRQHandler                     0x080008d7   Thumb Code     0  startup_stm32f10x_hd.o(.text)
    USB_HP_CAN1_TX_IRQHandler                0x080008d7   Thumb Code     0  startup_stm32f10x_hd.o(.text)
    WWDG_IRQHandler                          0x080008d7   Thumb Code     0  startup_stm32f10x_hd.o(.text)
    __user_initial_stackheap                 0x080008d9   Thumb Code     0  startup_stm32f10x_hd.o(.text)
    NVIC_PriorityGroupConfig                 0x080008fd   Thumb Code    10  misc.o(.text)
    NVIC_Init                                0x08000907   Thumb Code   102  misc.o(.text)
    NVIC_SetVectorTable                      0x0800096d   Thumb Code    14  misc.o(.text)
    NVIC_SystemLPConfig                      0x0800097b   Thumb Code    34  misc.o(.text)
    SysTick_CLKSourceConfig                  0x0800099d   Thumb Code    40  misc.o(.text)
    CAN_DeInit                               0x080009d9   Thumb Code    50  stm32f10x_can.o(.text)
    CAN_Init                                 0x08000a0b   Thumb Code   284  stm32f10x_can.o(.text)
    CAN_FilterInit                           0x08000b27   Thumb Code   258  stm32f10x_can.o(.text)
    CAN_StructInit                           0x08000c29   Thumb Code    32  stm32f10x_can.o(.text)
    CAN_SlaveStartBank                       0x08000c49   Thumb Code    48  stm32f10x_can.o(.text)
    CAN_DBGFreeze                            0x08000c79   Thumb Code    22  stm32f10x_can.o(.text)
    CAN_TTComModeCmd                         0x08000c8f   Thumb Code   118  stm32f10x_can.o(.text)
    CAN_Transmit                             0x08000d05   Thumb Code   304  stm32f10x_can.o(.text)
    CAN_TransmitStatus                       0x08000e35   Thumb Code   138  stm32f10x_can.o(.text)
    CAN_CancelTransmit                       0x08000ebf   Thumb Code    48  stm32f10x_can.o(.text)
    CAN_Receive                              0x08000eef   Thumb Code   240  stm32f10x_can.o(.text)
    CAN_FIFORelease                          0x08000fdf   Thumb Code    22  stm32f10x_can.o(.text)
    CAN_MessagePending                       0x08000ff5   Thumb Code    30  stm32f10x_can.o(.text)
    CAN_OperatingModeRequest                 0x08001013   Thumb Code   162  stm32f10x_can.o(.text)
    CAN_Sleep                                0x080010b5   Thumb Code    30  stm32f10x_can.o(.text)
    CAN_WakeUp                               0x080010d3   Thumb Code    48  stm32f10x_can.o(.text)
    CAN_GetLastErrorCode                     0x08001103   Thumb Code    12  stm32f10x_can.o(.text)
    CAN_GetReceiveErrorCounter               0x0800110f   Thumb Code    10  stm32f10x_can.o(.text)
    CAN_GetLSBTransmitErrorCounter           0x08001119   Thumb Code    12  stm32f10x_can.o(.text)
    CAN_ITConfig                             0x08001125   Thumb Code    18  stm32f10x_can.o(.text)
    CAN_GetFlagStatus                        0x08001137   Thumb Code   120  stm32f10x_can.o(.text)
    CAN_ClearFlag                            0x080011af   Thumb Code    52  stm32f10x_can.o(.text)
    CAN_GetITStatus                          0x080011f3   Thumb Code   308  stm32f10x_can.o(.text)
    CAN_ClearITPendingBit                    0x08001327   Thumb Code   162  stm32f10x_can.o(.text)
    DMA_DeInit                               0x080013cd   Thumb Code   324  stm32f10x_dma.o(.text)
    DMA_Init                                 0x08001511   Thumb Code    60  stm32f10x_dma.o(.text)
    DMA_StructInit                           0x0800154d   Thumb Code    26  stm32f10x_dma.o(.text)
    DMA_Cmd                                  0x08001567   Thumb Code    24  stm32f10x_dma.o(.text)
    DMA_ITConfig                             0x0800157f   Thumb Code    18  stm32f10x_dma.o(.text)
    DMA_SetCurrDataCounter                   0x08001591   Thumb Code     4  stm32f10x_dma.o(.text)
    DMA_GetCurrDataCounter                   0x08001595   Thumb Code     8  stm32f10x_dma.o(.text)
    DMA_GetFlagStatus                        0x0800159d   Thumb Code    38  stm32f10x_dma.o(.text)
    DMA_ClearFlag                            0x080015c3   Thumb Code    22  stm32f10x_dma.o(.text)
    DMA_GetITStatus                          0x080015d9   Thumb Code    38  stm32f10x_dma.o(.text)
    DMA_ClearITPendingBit                    0x080015ff   Thumb Code    22  stm32f10x_dma.o(.text)
    GPIO_DeInit                              0x0800161d   Thumb Code   172  stm32f10x_gpio.o(.text)
    GPIO_AFIODeInit                          0x080016c9   Thumb Code    20  stm32f10x_gpio.o(.text)
    GPIO_Init                                0x080016dd   Thumb Code   274  stm32f10x_gpio.o(.text)
    GPIO_StructInit                          0x080017ef   Thumb Code    16  stm32f10x_gpio.o(.text)
    GPIO_ReadInputDataBit                    0x080017ff   Thumb Code    18  stm32f10x_gpio.o(.text)
    GPIO_ReadInputData                       0x08001811   Thumb Code     8  stm32f10x_gpio.o(.text)
    GPIO_ReadOutputDataBit                   0x08001819   Thumb Code    18  stm32f10x_gpio.o(.text)
    GPIO_ReadOutputData                      0x0800182b   Thumb Code     8  stm32f10x_gpio.o(.text)
    GPIO_SetBits                             0x08001833   Thumb Code     4  stm32f10x_gpio.o(.text)
    GPIO_ResetBits                           0x08001837   Thumb Code     4  stm32f10x_gpio.o(.text)
    GPIO_WriteBit                            0x0800183b   Thumb Code    10  stm32f10x_gpio.o(.text)
    GPIO_Write                               0x08001845   Thumb Code     4  stm32f10x_gpio.o(.text)
    GPIO_PinLockConfig                       0x08001849   Thumb Code    18  stm32f10x_gpio.o(.text)
    GPIO_EventOutputConfig                   0x0800185b   Thumb Code    26  stm32f10x_gpio.o(.text)
    GPIO_EventOutputCmd                      0x08001875   Thumb Code     6  stm32f10x_gpio.o(.text)
    GPIO_PinRemapConfig                      0x0800187b   Thumb Code   138  stm32f10x_gpio.o(.text)
    GPIO_EXTILineConfig                      0x08001905   Thumb Code    66  stm32f10x_gpio.o(.text)
    GPIO_ETH_MediaInterfaceConfig            0x08001947   Thumb Code     6  stm32f10x_gpio.o(.text)
    RCC_DeInit                               0x08001975   Thumb Code    64  stm32f10x_rcc.o(.text)
    RCC_HSEConfig                            0x080019b5   Thumb Code    70  stm32f10x_rcc.o(.text)
    RCC_GetFlagStatus                        0x080019fb   Thumb Code    56  stm32f10x_rcc.o(.text)
    RCC_WaitForHSEStartUp                    0x08001a33   Thumb Code    48  stm32f10x_rcc.o(.text)
    RCC_AdjustHSICalibrationValue            0x08001a63   Thumb Code    20  stm32f10x_rcc.o(.text)
    RCC_HSICmd                               0x08001a77   Thumb Code     6  stm32f10x_rcc.o(.text)
    RCC_PLLConfig                            0x08001a7d   Thumb Code    24  stm32f10x_rcc.o(.text)
    RCC_PLLCmd                               0x08001a95   Thumb Code     6  stm32f10x_rcc.o(.text)
    RCC_SYSCLKConfig                         0x08001a9b   Thumb Code    18  stm32f10x_rcc.o(.text)
    RCC_GetSYSCLKSource                      0x08001aad   Thumb Code    10  stm32f10x_rcc.o(.text)
    RCC_HCLKConfig                           0x08001ab7   Thumb Code    18  stm32f10x_rcc.o(.text)
    RCC_PCLK1Config                          0x08001ac9   Thumb Code    18  stm32f10x_rcc.o(.text)
    RCC_PCLK2Config                          0x08001adb   Thumb Code    20  stm32f10x_rcc.o(.text)
    RCC_ITConfig                             0x08001aef   Thumb Code    30  stm32f10x_rcc.o(.text)
    RCC_USBCLKConfig                         0x08001b0d   Thumb Code     6  stm32f10x_rcc.o(.text)
    RCC_ADCCLKConfig                         0x08001b13   Thumb Code    18  stm32f10x_rcc.o(.text)
    RCC_LSEConfig                            0x08001b25   Thumb Code    44  stm32f10x_rcc.o(.text)
    RCC_LSICmd                               0x08001b51   Thumb Code     6  stm32f10x_rcc.o(.text)
    RCC_RTCCLKConfig                         0x08001b57   Thumb Code    12  stm32f10x_rcc.o(.text)
    RCC_RTCCLKCmd                            0x08001b63   Thumb Code     8  stm32f10x_rcc.o(.text)
    RCC_GetClocksFreq                        0x08001b6b   Thumb Code   192  stm32f10x_rcc.o(.text)
    RCC_AHBPeriphClockCmd                    0x08001c2b   Thumb Code    26  stm32f10x_rcc.o(.text)
    RCC_APB2PeriphClockCmd                   0x08001c45   Thumb Code    26  stm32f10x_rcc.o(.text)
    RCC_APB1PeriphClockCmd                   0x08001c5f   Thumb Code    26  stm32f10x_rcc.o(.text)
    RCC_APB2PeriphResetCmd                   0x08001c79   Thumb Code    26  stm32f10x_rcc.o(.text)
    RCC_APB1PeriphResetCmd                   0x08001c93   Thumb Code    26  stm32f10x_rcc.o(.text)
    RCC_BackupResetCmd                       0x08001cad   Thumb Code     8  stm32f10x_rcc.o(.text)
    RCC_ClockSecuritySystemCmd               0x08001cb5   Thumb Code     6  stm32f10x_rcc.o(.text)
    RCC_MCOConfig                            0x08001cbb   Thumb Code     6  stm32f10x_rcc.o(.text)
    RCC_ClearFlag                            0x08001cc1   Thumb Code    14  stm32f10x_rcc.o(.text)
    RCC_GetITStatus                          0x08001ccf   Thumb Code    20  stm32f10x_rcc.o(.text)
    RCC_ClearITPendingBit                    0x08001ce3   Thumb Code     6  stm32f10x_rcc.o(.text)
    TIM_DeInit                               0x08001d15   Thumb Code   424  stm32f10x_tim.o(.text)
    TIM_TimeBaseInit                         0x08001ebd   Thumb Code   122  stm32f10x_tim.o(.text)
    TIM_OC1Init                              0x08001f37   Thumb Code   132  stm32f10x_tim.o(.text)
    TIM_OC2Init                              0x08001fbb   Thumb Code   146  stm32f10x_tim.o(.text)
    TIM_OC3Init                              0x0800204d   Thumb Code   142  stm32f10x_tim.o(.text)
    TIM_OC4Init                              0x080020db   Thumb Code   174  stm32f10x_tim.o(.text)
    TIM_SetIC4Prescaler                      0x08002189   Thumb Code    22  stm32f10x_tim.o(.text)
    TIM_SetIC3Prescaler                      0x08002215   Thumb Code    18  stm32f10x_tim.o(.text)
    TIM_SetIC2Prescaler                      0x08002299   Thumb Code    22  stm32f10x_tim.o(.text)
    TIM_SetIC1Prescaler                      0x08002325   Thumb Code    18  stm32f10x_tim.o(.text)
    TIM_ICInit                               0x080023a1   Thumb Code   150  stm32f10x_tim.o(.text)
    TIM_PWMIConfig                           0x08002437   Thumb Code   124  stm32f10x_tim.o(.text)
    TIM_BDTRConfig                           0x080024b3   Thumb Code    32  stm32f10x_tim.o(.text)
    TIM_TimeBaseStructInit                   0x080024d3   Thumb Code    18  stm32f10x_tim.o(.text)
    TIM_OCStructInit                         0x080024e5   Thumb Code    20  stm32f10x_tim.o(.text)
    TIM_ICStructInit                         0x080024f9   Thumb Code    18  stm32f10x_tim.o(.text)
    TIM_BDTRStructInit                       0x0800250b   Thumb Code    18  stm32f10x_tim.o(.text)
    TIM_Cmd                                  0x0800251d   Thumb Code    24  stm32f10x_tim.o(.text)
    TIM_CtrlPWMOutputs                       0x08002535   Thumb Code    50  stm32f10x_tim.o(.text)
    TIM_ITConfig                             0x08002567   Thumb Code    24  stm32f10x_tim.o(.text)
    TIM_GenerateEvent                        0x0800257f   Thumb Code     4  stm32f10x_tim.o(.text)
    TIM_DMAConfig                            0x08002583   Thumb Code    10  stm32f10x_tim.o(.text)
    TIM_DMACmd                               0x0800258d   Thumb Code    24  stm32f10x_tim.o(.text)
    TIM_InternalClockConfig                  0x080025a5   Thumb Code    12  stm32f10x_tim.o(.text)
    TIM_SelectInputTrigger                   0x080025b1   Thumb Code    18  stm32f10x_tim.o(.text)
    TIM_ITRxExternalClockConfig              0x080025c3   Thumb Code    24  stm32f10x_tim.o(.text)
    TIM_TIxExternalClockConfig               0x080025db   Thumb Code    62  stm32f10x_tim.o(.text)
    TIM_ETRConfig                            0x08002619   Thumb Code    24  stm32f10x_tim.o(.text)
    TIM_ETRClockMode1Config                  0x08002631   Thumb Code    54  stm32f10x_tim.o(.text)
    TIM_ETRClockMode2Config                  0x08002667   Thumb Code    32  stm32f10x_tim.o(.text)
    TIM_PrescalerConfig                      0x08002687   Thumb Code     6  stm32f10x_tim.o(.text)
    TIM_CounterModeConfig                    0x0800268d   Thumb Code    18  stm32f10x_tim.o(.text)
    TIM_EncoderInterfaceConfig               0x0800269f   Thumb Code    62  stm32f10x_tim.o(.text)
    TIM_ForcedOC1Config                      0x080026dd   Thumb Code    18  stm32f10x_tim.o(.text)
    TIM_ForcedOC2Config                      0x080026ef   Thumb Code    22  stm32f10x_tim.o(.text)
    TIM_ForcedOC3Config                      0x08002705   Thumb Code    18  stm32f10x_tim.o(.text)
    TIM_ForcedOC4Config                      0x08002717   Thumb Code    22  stm32f10x_tim.o(.text)
    TIM_ARRPreloadConfig                     0x0800272d   Thumb Code    24  stm32f10x_tim.o(.text)
    TIM_SelectCOM                            0x08002745   Thumb Code    24  stm32f10x_tim.o(.text)
    TIM_SelectCCDMA                          0x0800275d   Thumb Code    24  stm32f10x_tim.o(.text)
    TIM_CCPreloadControl                     0x08002775   Thumb Code    24  stm32f10x_tim.o(.text)
    TIM_OC1PreloadConfig                     0x0800278d   Thumb Code    18  stm32f10x_tim.o(.text)
    TIM_OC2PreloadConfig                     0x0800279f   Thumb Code    22  stm32f10x_tim.o(.text)
    TIM_OC3PreloadConfig                     0x080027b5   Thumb Code    18  stm32f10x_tim.o(.text)
    TIM_OC4PreloadConfig                     0x080027c7   Thumb Code    22  stm32f10x_tim.o(.text)
    TIM_OC1FastConfig                        0x080027dd   Thumb Code    18  stm32f10x_tim.o(.text)
    TIM_OC2FastConfig                        0x080027ef   Thumb Code    22  stm32f10x_tim.o(.text)
    TIM_OC3FastConfig                        0x08002805   Thumb Code    18  stm32f10x_tim.o(.text)
    TIM_OC4FastConfig                        0x08002817   Thumb Code    22  stm32f10x_tim.o(.text)
    TIM_ClearOC1Ref                          0x0800282d   Thumb Code    18  stm32f10x_tim.o(.text)
    TIM_ClearOC2Ref                          0x0800283f   Thumb Code    20  stm32f10x_tim.o(.text)
    TIM_ClearOC3Ref                          0x08002853   Thumb Code    18  stm32f10x_tim.o(.text)
    TIM_ClearOC4Ref                          0x08002865   Thumb Code    20  stm32f10x_tim.o(.text)
    TIM_OC1PolarityConfig                    0x08002879   Thumb Code    18  stm32f10x_tim.o(.text)
    TIM_OC1NPolarityConfig                   0x0800288b   Thumb Code    18  stm32f10x_tim.o(.text)
    TIM_OC2PolarityConfig                    0x0800289d   Thumb Code    22  stm32f10x_tim.o(.text)
    TIM_OC2NPolarityConfig                   0x080028b3   Thumb Code    22  stm32f10x_tim.o(.text)
    TIM_OC3PolarityConfig                    0x080028c9   Thumb Code    22  stm32f10x_tim.o(.text)
    TIM_OC3NPolarityConfig                   0x080028df   Thumb Code    22  stm32f10x_tim.o(.text)
    TIM_OC4PolarityConfig                    0x080028f5   Thumb Code    22  stm32f10x_tim.o(.text)
    TIM_CCxCmd                               0x0800290b   Thumb Code    34  stm32f10x_tim.o(.text)
    TIM_CCxNCmd                              0x0800292d   Thumb Code    34  stm32f10x_tim.o(.text)
    TIM_SelectOCxM                           0x0800294f   Thumb Code    82  stm32f10x_tim.o(.text)
    TIM_UpdateDisableConfig                  0x080029a1   Thumb Code    24  stm32f10x_tim.o(.text)
    TIM_UpdateRequestConfig                  0x080029b9   Thumb Code    24  stm32f10x_tim.o(.text)
    TIM_SelectHallSensor                     0x080029d1   Thumb Code    24  stm32f10x_tim.o(.text)
    TIM_SelectOnePulseMode                   0x080029e9   Thumb Code    18  stm32f10x_tim.o(.text)
    TIM_SelectOutputTrigger                  0x080029fb   Thumb Code    18  stm32f10x_tim.o(.text)
    TIM_SelectSlaveMode                      0x08002a0d   Thumb Code    18  stm32f10x_tim.o(.text)
    TIM_SelectMasterSlaveMode                0x08002a1f   Thumb Code    18  stm32f10x_tim.o(.text)
    TIM_SetCounter                           0x08002a31   Thumb Code     4  stm32f10x_tim.o(.text)
    TIM_SetAutoreload                        0x08002a35   Thumb Code     4  stm32f10x_tim.o(.text)
    TIM_SetCompare1                          0x08002a39   Thumb Code     4  stm32f10x_tim.o(.text)
    TIM_SetCompare2                          0x08002a3d   Thumb Code     4  stm32f10x_tim.o(.text)
    TIM_SetCompare3                          0x08002a41   Thumb Code     4  stm32f10x_tim.o(.text)
    TIM_SetCompare4                          0x08002a45   Thumb Code     6  stm32f10x_tim.o(.text)
    TIM_SetClockDivision                     0x08002a4b   Thumb Code    18  stm32f10x_tim.o(.text)
    TIM_GetCapture1                          0x08002a5d   Thumb Code     6  stm32f10x_tim.o(.text)
    TIM_GetCapture2                          0x08002a63   Thumb Code     6  stm32f10x_tim.o(.text)
    TIM_GetCapture3                          0x08002a69   Thumb Code     6  stm32f10x_tim.o(.text)
    TIM_GetCapture4                          0x08002a6f   Thumb Code     8  stm32f10x_tim.o(.text)
    TIM_GetCounter                           0x08002a77   Thumb Code     6  stm32f10x_tim.o(.text)
    TIM_GetPrescaler                         0x08002a7d   Thumb Code     6  stm32f10x_tim.o(.text)
    TIM_GetFlagStatus                        0x08002a83   Thumb Code    18  stm32f10x_tim.o(.text)
    TIM_ClearFlag                            0x08002a95   Thumb Code     6  stm32f10x_tim.o(.text)
    TIM_GetITStatus                          0x08002a9b   Thumb Code    34  stm32f10x_tim.o(.text)
    TIM_ClearITPendingBit                    0x08002abd   Thumb Code     6  stm32f10x_tim.o(.text)
    USART_DeInit                             0x08002ac5   Thumb Code   134  stm32f10x_usart.o(.text)
    USART_Init                               0x08002b4b   Thumb Code   210  stm32f10x_usart.o(.text)
    USART_StructInit                         0x08002c1d   Thumb Code    24  stm32f10x_usart.o(.text)
    USART_ClockInit                          0x08002c35   Thumb Code    34  stm32f10x_usart.o(.text)
    USART_ClockStructInit                    0x08002c57   Thumb Code    12  stm32f10x_usart.o(.text)
    USART_Cmd                                0x08002c63   Thumb Code    24  stm32f10x_usart.o(.text)
    USART_ITConfig                           0x08002c7b   Thumb Code    74  stm32f10x_usart.o(.text)
    USART_DMACmd                             0x08002cc5   Thumb Code    24  stm32f10x_usart.o(.text)
    USART_SetAddress                         0x08002cdd   Thumb Code    18  stm32f10x_usart.o(.text)
    USART_WakeUpConfig                       0x08002cef   Thumb Code    18  stm32f10x_usart.o(.text)
    USART_ReceiverWakeUpCmd                  0x08002d01   Thumb Code    24  stm32f10x_usart.o(.text)
    USART_LINBreakDetectLengthConfig         0x08002d19   Thumb Code    18  stm32f10x_usart.o(.text)
    USART_LINCmd                             0x08002d2b   Thumb Code    24  stm32f10x_usart.o(.text)
    USART_SendData                           0x08002d43   Thumb Code     8  stm32f10x_usart.o(.text)
    USART_ReceiveData                        0x08002d4b   Thumb Code    10  stm32f10x_usart.o(.text)
    USART_SendBreak                          0x08002d55   Thumb Code    10  stm32f10x_usart.o(.text)
    USART_SetGuardTime                       0x08002d5f   Thumb Code    16  stm32f10x_usart.o(.text)
    USART_SetPrescaler                       0x08002d6f   Thumb Code    16  stm32f10x_usart.o(.text)
    USART_SmartCardCmd                       0x08002d7f   Thumb Code    24  stm32f10x_usart.o(.text)
    USART_SmartCardNACKCmd                   0x08002d97   Thumb Code    24  stm32f10x_usart.o(.text)
    USART_HalfDuplexCmd                      0x08002daf   Thumb Code    24  stm32f10x_usart.o(.text)
    USART_OverSampling8Cmd                   0x08002dc7   Thumb Code    22  stm32f10x_usart.o(.text)
    USART_OneBitMethodCmd                    0x08002ddd   Thumb Code    24  stm32f10x_usart.o(.text)
    USART_IrDAConfig                         0x08002df5   Thumb Code    18  stm32f10x_usart.o(.text)
    USART_IrDACmd                            0x08002e07   Thumb Code    24  stm32f10x_usart.o(.text)
    USART_GetFlagStatus                      0x08002e1f   Thumb Code    26  stm32f10x_usart.o(.text)
    USART_ClearFlag                          0x08002e39   Thumb Code    18  stm32f10x_usart.o(.text)
    USART_GetITStatus                        0x08002e4b   Thumb Code    84  stm32f10x_usart.o(.text)
    USART_ClearITPendingBit                  0x08002e9f   Thumb Code    50  stm32f10x_usart.o(.text)
    NVIC_Configuration                       0x08002ed1   Thumb Code   214  bsp.o(.text)
    Can_chassis_one_motor_conf               0x080030b7   Thumb Code    20  bsp.o(.text)
    TIM1_Configuration                       0x080030cb   Thumb Code   210  bsp.o(.text)
    TIM8_Configuration                       0x0800319d   Thumb Code   208  bsp.o(.text)
    TIM2_Configuration                       0x0800326d   Thumb Code   230  bsp.o(.text)
    TIM3_Configuration                       0x08003353   Thumb Code   212  bsp.o(.text)
    TIM4_Configuration                       0x08003427   Thumb Code   174  bsp.o(.text)
    TIM5_Configuration                       0x080034d5   Thumb Code   174  bsp.o(.text)
    TIM6_Configuration                       0x08003583   Thumb Code    74  bsp.o(.text)
    TIM7_Configuration                       0x080035cd   Thumb Code    74  bsp.o(.text)
    TIM_Configuration                        0x08003617   Thumb Code    36  bsp.o(.text)
    MotorSpeedSetOne                         0x0800363b   Thumb Code    60  bsp.o(.text)
    MotorSpeedSetTwo                         0x08003677   Thumb Code    64  bsp.o(.text)
    MotorSpeedSetThr                         0x080036b7   Thumb Code    60  bsp.o(.text)
    MotorSpeedSetFou                         0x080036f3   Thumb Code    64  bsp.o(.text)
    Led_Configuration                        0x08003733   Thumb Code    70  bsp.o(.text)
    Systick_Configuration                    0x08003779   Thumb Code    12  bsp.o(.text)
    SysDelay_ms                              0x08003785   Thumb Code    62  bsp.o(.text)
    SysDelay_us                              0x080037c3   Thumb Code   100  bsp.o(.text)
    USART3_Config                            0x08003827   Thumb Code    88  bsp.o(.text)
    DMA_Config                               0x0800387f   Thumb Code    88  bsp.o(.text)
    BSP_Configuration                        0x080038d7   Thumb Code    24  bsp.o(.text)
    Get_Encoder_ONE                          0x080038ef   Thumb Code   160  bsp.o(.text)
    Get_Encoder_TWO                          0x0800398f   Thumb Code   158  bsp.o(.text)
    Get_Encoder_THR                          0x08003a2d   Thumb Code   158  bsp.o(.text)
    Get_Encoder_FOU                          0x08003acb   Thumb Code   158  bsp.o(.text)
    BFP_Configuration                        0x08003b69   Thumb Code    20  bsp.o(.text)
    PID_AbsoluteMode                         0x08003ba9   Thumb Code   206  robottask.o(.text)
    PID_IncrementMode                        0x08003c77   Thumb Code   204  robottask.o(.text)
    PidSpeedControlOne                       0x08003d43   Thumb Code    86  robottask.o(.text)
    PidSpeedControlTwo                       0x08003d99   Thumb Code    82  robottask.o(.text)
    PidSpeedControlThr                       0x08003deb   Thumb Code    88  robottask.o(.text)
    PidSpeedControlFou                       0x08003e43   Thumb Code    88  robottask.o(.text)
    DevelopmentFramwork                      0x08003eed   Thumb Code    78  framwork.o(.text)
    __use_two_region_memory                  0x08003f51   Thumb Code     2  heapauxi.o(.text)
    __rt_heap_escrow$2region                 0x08003f53   Thumb Code     2  heapauxi.o(.text)
    __rt_heap_expand$2region                 0x08003f55   Thumb Code     2  heapauxi.o(.text)
    __user_setup_stackheap                   0x08003f57   Thumb Code    74  sys_stackheap_outer.o(.text)
    exit                                     0x08003fa1   Thumb Code    12  exit.o(.text)
    __user_libspace                          0x08003fad   Thumb Code     8  libspace.o(.text)
    __user_perproc_libspace                  0x08003fad   Thumb Code     0  libspace.o(.text)
    __user_perthread_libspace                0x08003fad   Thumb Code     0  libspace.o(.text)
    __rt_fp_status_addr                      0x08003fb5   Thumb Code     8  rt_fp_status_addr_intlibspace.o(.text)
    _sys_exit                                0x08003fbd   Thumb Code     8  sys_exit.o(.text)
    __I$use$semihosting                      0x08003fc9   Thumb Code     0  use_no_semi.o(.text)
    __use_no_semihosting_swi                 0x08003fc9   Thumb Code     2  use_no_semi.o(.text)
    __semihosting_library_function           0x08003fcb   Thumb Code     0  indicate_semi.o(.text)
    __aeabi_d2f                              0x08003fcd   Thumb Code     0  d2f.o(x$fpl$d2f)
    _d2f                                     0x08003fcd   Thumb Code    98  d2f.o(x$fpl$d2f)
    __aeabi_dadd                             0x08004031   Thumb Code     0  daddsub_clz.o(x$fpl$dadd)
    _dadd                                    0x08004031   Thumb Code   332  daddsub_clz.o(x$fpl$dadd)
    __fpl_dcmp_Inf                           0x08004181   Thumb Code    24  dcmpi.o(x$fpl$dcmpinf)
    __aeabi_cdcmple                          0x08004199   Thumb Code     0  dleqf.o(x$fpl$dleqf)
    _dcmple                                  0x08004199   Thumb Code   120  dleqf.o(x$fpl$dleqf)
    __fpl_dcmple_InfNaN                      0x080041fb   Thumb Code     0  dleqf.o(x$fpl$dleqf)
    __fpl_dnaninf                            0x08004211   Thumb Code   156  dnaninf.o(x$fpl$dnaninf)
    __fpl_dretinf                            0x080042ad   Thumb Code    12  dretinf.o(x$fpl$dretinf)
    __aeabi_cdrcmple                         0x080042b9   Thumb Code     0  drleqf.o(x$fpl$drleqf)
    _drcmple                                 0x080042b9   Thumb Code   108  drleqf.o(x$fpl$drleqf)
    __aeabi_dsub                             0x08004325   Thumb Code     0  daddsub_clz.o(x$fpl$dsub)
    _dsub                                    0x08004325   Thumb Code   464  daddsub_clz.o(x$fpl$dsub)
    __aeabi_f2d                              0x080044f9   Thumb Code     0  f2d.o(x$fpl$f2d)
    _f2d                                     0x080044f9   Thumb Code    86  f2d.o(x$fpl$f2d)
    __aeabi_fadd                             0x08004551   Thumb Code     0  faddsub_clz.o(x$fpl$fadd)
    _fadd                                    0x08004551   Thumb Code   196  faddsub_clz.o(x$fpl$fadd)
    __fpl_fcmp_Inf                           0x08004615   Thumb Code    24  fcmpi.o(x$fpl$fcmpinf)
    __aeabi_cfcmpeq                          0x0800462d   Thumb Code     0  feqf.o(x$fpl$feqf)
    _fcmpeq                                  0x0800462d   Thumb Code   104  feqf.o(x$fpl$feqf)
    __aeabi_f2iz                             0x08004695   Thumb Code     0  ffix.o(x$fpl$ffix)
    _ffix                                    0x08004695   Thumb Code    54  ffix.o(x$fpl$ffix)
    __aeabi_f2uiz                            0x080046cd   Thumb Code     0  ffixu.o(x$fpl$ffixu)
    _ffixu                                   0x080046cd   Thumb Code    62  ffixu.o(x$fpl$ffixu)
    __aeabi_i2f                              0x0800470d   Thumb Code     0  fflt_clz.o(x$fpl$fflt)
    _fflt                                    0x0800470d   Thumb Code    48  fflt_clz.o(x$fpl$fflt)
    __aeabi_cfcmple                          0x0800473d   Thumb Code     0  fleqf.o(x$fpl$fleqf)
    _fcmple                                  0x0800473d   Thumb Code   104  fleqf.o(x$fpl$fleqf)
    __fpl_fcmple_InfNaN                      0x0800478f   Thumb Code     0  fleqf.o(x$fpl$fleqf)
    __aeabi_fmul                             0x080047a5   Thumb Code     0  fmul.o(x$fpl$fmul)
    _fmul                                    0x080047a5   Thumb Code   258  fmul.o(x$fpl$fmul)
    __fpl_fnaninf                            0x080048a7   Thumb Code   140  fnaninf.o(x$fpl$fnaninf)
    _fp_init                                 0x08004933   Thumb Code    14  fpinit.o(x$fpl$fpinit)
    __fplib_config_pureend_doubles           0x0800493f   Thumb Code     0  fpinit.o(x$fpl$fpinit)
    __fpl_fretinf                            0x08004941   Thumb Code    10  fretinf.o(x$fpl$fretinf)
    __aeabi_cfrcmple                         0x0800494b   Thumb Code     0  frleqf.o(x$fpl$frleqf)
    _frcmple                                 0x0800494b   Thumb Code    98  frleqf.o(x$fpl$frleqf)
    __aeabi_frsub                            0x080049ad   Thumb Code     0  faddsub_clz.o(x$fpl$frsb)
    _frsb                                    0x080049ad   Thumb Code    20  faddsub_clz.o(x$fpl$frsb)
    __aeabi_fsub                             0x080049c1   Thumb Code     0  faddsub_clz.o(x$fpl$fsub)
    _fsub                                    0x080049c1   Thumb Code   234  faddsub_clz.o(x$fpl$fsub)
    __I$use$fp                               0x08004aab   Thumb Code     0  usenofp.o(x$fpl$usenofp)
    Region$$Table$$Base                      0x08004aac   Number         0  anon$$obj.o(Region$$Table)
    Region$$Table$$Limit                     0x08004acc   Number         0  anon$$obj.o(Region$$Table)
    table                                    0x20000000   Data           4  stm32f10x_it.o(.data)
    up_uale                                  0x20000004   Data           4  stm32f10x_it.o(.data)
    up_table                                 0x20000008   Data           1  stm32f10x_it.o(.data)
    time                                     0x2000000c   Data           4  stm32f10x_it.o(.data)
    fuhao                                    0x20000010   Data           1  stm32f10x_it.o(.data)
    mochalun_mode                            0x20000011   Data           1  stm32f10x_it.o(.data)
    mochalun_time                            0x20000014   Data           4  stm32f10x_it.o(.data)
    yuntai                                   0x20000018   Data           4  stm32f10x_it.o(.data)
    yuntai_last                              0x2000001c   Data           4  stm32f10x_it.o(.data)
    yuntai_time                              0x20000020   Data           4  stm32f10x_it.o(.data)
    yuntai_value                             0x20000024   Data           1  stm32f10x_it.o(.data)
    mouse_press_r                            0x20000025   Data           1  stm32f10x_it.o(.data)
    mouse_press_l                            0x20000026   Data           1  stm32f10x_it.o(.data)
    SystemCoreClock                          0x20000028   Data           4  system_stm32f10x.o(.data)
    AHBPrescTable                            0x2000002c   Data          16  system_stm32f10x.o(.data)
    SpeedTagOne                              0x20000050   Data           4  robottask.o(.data)
    SpeedNowOne                              0x20000054   Data           4  robottask.o(.data)
    SpeedControlOne                          0x20000058   Data           4  robottask.o(.data)
    SpeedTagTwo                              0x2000005c   Data           4  robottask.o(.data)
    SpeedNowTwo                              0x20000060   Data           4  robottask.o(.data)
    SpeedControlTwo                          0x20000064   Data           4  robottask.o(.data)
    SpeedTagThr                              0x20000068   Data           4  robottask.o(.data)
    SpeedNowThr                              0x2000006c   Data           4  robottask.o(.data)
    SpeedControlThr                          0x20000070   Data           4  robottask.o(.data)
    SpeedTagFou                              0x20000074   Data           4  robottask.o(.data)
    SpeedNowFou                              0x20000078   Data           4  robottask.o(.data)
    SpeedControlFou                          0x2000007c   Data           4  robottask.o(.data)
    mode                                     0x20000080   Data           1  framwork.o(.data)
    VxNew                                    0x20000082   Data           2  framwork.o(.data)
    VyNew                                    0x20000084   Data           2  framwork.o(.data)
    VoNew                                    0x20000086   Data           2  framwork.o(.data)
    Vx                                       0x20000088   Data           4  framwork.o(.data)
    Vy                                       0x2000008c   Data           4  framwork.o(.data)
    Vo                                       0x20000090   Data           4  framwork.o(.data)
    VxNow                                    0x20000094   Data           4  framwork.o(.data)
    VyNow                                    0x20000098   Data           4  framwork.o(.data)
    VoNow                                    0x2000009c   Data           4  framwork.o(.data)
    VxOld                                    0x200000a0   Data           4  framwork.o(.data)
    VyOld                                    0x200000a4   Data           4  framwork.o(.data)
    VoOld                                    0x200000a8   Data           4  framwork.o(.data)
    RxMessage                                0x200000ac   Data          20  stm32f10x_it.o(.bss)
    sbus_rx_buffer                           0x200000c0   Data          18  bsp.o(.bss)
    RC_Ctl                                   0x200000d2   Data          20  bsp.o(.bss)
    GetEncoder                               0x200000e8   Data          40  bsp.o(.bss)
    PidSpeedTypeOne                          0x20000110   Data          40  robottask.o(.bss)
    PidSpeedTypeTwo                          0x20000138   Data          40  robottask.o(.bss)
    PidSpeedTypeThr                          0x20000160   Data          40  robottask.o(.bss)
    PidSpeedTypeFou                          0x20000188   Data          40  robottask.o(.bss)
    MotorControl                             0x200001b0   Data          32  framwork.o(.bss)
    __libspace_start                         0x200001d0   Data          96  libspace.o(.bss)
    __temporary_stack_top$libspace           0x20000230   Data           0  libspace.o(.bss)



==============================================================================

Memory Map of the image

  Image Entry point : 0x08000131

  Load Region LR_IROM1 (Base: 0x08000000, Size: 0x00004b78, Max: 0x00080000, ABSOLUTE)

    Execution Region ER_IROM1 (Base: 0x08000000, Size: 0x00004acc, Max: 0x00080000, ABSOLUTE)

    Base Addr    Size         Type   Attr      Idx    E Section Name        Object

    0x08000000   0x00000130   Data   RO          195    RESET               startup_stm32f10x_hd.o
    0x08000130   0x00000008   Code   RO          657  * !!!main             c_w.l(__main.o)
    0x08000138   0x00000034   Code   RO          869    !!!scatter          c_w.l(__scatter.o)
    0x0800016c   0x0000001a   Code   RO          871    !!handler_copy      c_w.l(__scatter_copy.o)
    0x08000186   0x00000002   PAD
    0x08000188   0x0000001c   Code   RO          873    !!handler_zi        c_w.l(__scatter_zi.o)
    0x080001a4   0x00000006   Code   RO          739    .ARM.Collect$$libinit$$00000000  c_w.l(libinit.o)
    0x080001aa   0x00000000   Code   RO          747    .ARM.Collect$$libinit$$00000006  c_w.l(libinit2.o)
    0x080001aa   0x00000000   Code   RO          749    .ARM.Collect$$libinit$$00000008  c_w.l(libinit2.o)
    0x080001aa   0x00000000   Code   RO          751    .ARM.Collect$$libinit$$0000000A  c_w.l(libinit2.o)
    0x080001aa   0x00000000   Code   RO          754    .ARM.Collect$$libinit$$0000000D  c_w.l(libinit2.o)
    0x080001aa   0x00000000   Code   RO          756    .ARM.Collect$$libinit$$0000000F  c_w.l(libinit2.o)
    0x080001aa   0x00000000   Code   RO          758    .ARM.Collect$$libinit$$00000011  c_w.l(libinit2.o)
    0x080001aa   0x00000000   Code   RO          760    .ARM.Collect$$libinit$$00000013  c_w.l(libinit2.o)
    0x080001aa   0x00000000   Code   RO          762    .ARM.Collect$$libinit$$00000015  c_w.l(libinit2.o)
    0x080001aa   0x00000000   Code   RO          764    .ARM.Collect$$libinit$$00000017  c_w.l(libinit2.o)
    0x080001aa   0x00000000   Code   RO          766    .ARM.Collect$$libinit$$00000019  c_w.l(libinit2.o)
    0x080001aa   0x00000000   Code   RO          768    .ARM.Collect$$libinit$$0000001B  c_w.l(libinit2.o)
    0x080001aa   0x00000000   Code   RO          770    .ARM.Collect$$libinit$$0000001D  c_w.l(libinit2.o)
    0x080001aa   0x00000000   Code   RO          772    .ARM.Collect$$libinit$$0000001F  c_w.l(libinit2.o)
    0x080001aa   0x00000000   Code   RO          774    .ARM.Collect$$libinit$$00000021  c_w.l(libinit2.o)
    0x080001aa   0x00000000   Code   RO          778    .ARM.Collect$$libinit$$00000028  c_w.l(libinit2.o)
    0x080001aa   0x00000000   Code   RO          780    .ARM.Collect$$libinit$$0000002A  c_w.l(libinit2.o)
    0x080001aa   0x00000000   Code   RO          782    .ARM.Collect$$libinit$$0000002C  c_w.l(libinit2.o)
    0x080001aa   0x00000000   Code   RO          784    .ARM.Collect$$libinit$$0000002E  c_w.l(libinit2.o)
    0x080001aa   0x00000002   Code   RO          785    .ARM.Collect$$libinit$$0000002F  c_w.l(libinit2.o)
    0x080001ac   0x00000002   Code   RO          810    .ARM.Collect$$libshutdown$$00000000  c_w.l(libshutdown.o)
    0x080001ae   0x00000000   Code   RO          824    .ARM.Collect$$libshutdown$$00000003  c_w.l(libshutdown2.o)
    0x080001ae   0x00000000   Code   RO          827    .ARM.Collect$$libshutdown$$00000006  c_w.l(libshutdown2.o)
    0x080001ae   0x00000000   Code   RO          830    .ARM.Collect$$libshutdown$$00000009  c_w.l(libshutdown2.o)
    0x080001ae   0x00000000   Code   RO          832    .ARM.Collect$$libshutdown$$0000000B  c_w.l(libshutdown2.o)
    0x080001ae   0x00000000   Code   RO          835    .ARM.Collect$$libshutdown$$0000000E  c_w.l(libshutdown2.o)
    0x080001ae   0x00000002   Code   RO          836    .ARM.Collect$$libshutdown$$0000000F  c_w.l(libshutdown2.o)
    0x080001b0   0x00000000   Code   RO          699    .ARM.Collect$$rtentry$$00000000  c_w.l(rtentry.o)
    0x080001b0   0x00000000   Code   RO          714    .ARM.Collect$$rtentry$$00000002  c_w.l(rtentry2.o)
    0x080001b0   0x00000006   Code   RO          726    .ARM.Collect$$rtentry$$00000004  c_w.l(rtentry4.o)
    0x080001b6   0x00000000   Code   RO          716    .ARM.Collect$$rtentry$$00000009  c_w.l(rtentry2.o)
    0x080001b6   0x00000004   Code   RO          717    .ARM.Collect$$rtentry$$0000000A  c_w.l(rtentry2.o)
    0x080001ba   0x00000000   Code   RO          719    .ARM.Collect$$rtentry$$0000000C  c_w.l(rtentry2.o)
    0x080001ba   0x00000008   Code   RO          720    .ARM.Collect$$rtentry$$0000000D  c_w.l(rtentry2.o)
    0x080001c2   0x00000002   Code   RO          743    .ARM.Collect$$rtexit$$00000000  c_w.l(rtexit.o)
    0x080001c4   0x00000000   Code   RO          789    .ARM.Collect$$rtexit$$00000002  c_w.l(rtexit2.o)
    0x080001c4   0x00000004   Code   RO          790    .ARM.Collect$$rtexit$$00000003  c_w.l(rtexit2.o)
    0x080001c8   0x00000006   Code   RO          791    .ARM.Collect$$rtexit$$00000004  c_w.l(rtexit2.o)
    0x080001ce   0x00000002   PAD
    0x080001d0   0x00000030   Code   RO            1    .text               main.o
    0x08000200   0x000004f4   Code   RO           70    .text               stm32f10x_it.o
    0x080006f4   0x000001c8   Code   RO          145    .text               system_stm32f10x.o
    0x080008bc   0x00000040   Code   RO          196    .text               startup_stm32f10x_hd.o
    0x080008fc   0x000000dc   Code   RO          200    .text               misc.o
    0x080009d8   0x000009f4   Code   RO          239    .text               stm32f10x_can.o
    0x080013cc   0x00000250   Code   RO          308    .text               stm32f10x_dma.o
    0x0800161c   0x00000358   Code   RO          365    .text               stm32f10x_gpio.o
    0x08001974   0x000003a0   Code   RO          422    .text               stm32f10x_rcc.o
    0x08001d14   0x00000dae   Code   RO          481    .text               stm32f10x_tim.o
    0x08002ac2   0x00000002   PAD
    0x08002ac4   0x0000040c   Code   RO          493    .text               stm32f10x_usart.o
    0x08002ed0   0x00000cd8   Code   RO          520    .text               bsp.o
    0x08003ba8   0x00000344   Code   RO          582    .text               robottask.o
    0x08003eec   0x00000064   Code   RO          602    .text               framwork.o
    0x08003f50   0x00000006   Code   RO          655    .text               c_w.l(heapauxi.o)
    0x08003f56   0x0000004a   Code   RO          730    .text               c_w.l(sys_stackheap_outer.o)
    0x08003fa0   0x0000000c   Code   RO          732    .text               c_w.l(exit.o)
    0x08003fac   0x00000008   Code   RO          740    .text               c_w.l(libspace.o)
    0x08003fb4   0x00000008   Code   RO          798    .text               c_w.l(rt_fp_status_addr_intlibspace.o)
    0x08003fbc   0x0000000c   Code   RO          802    .text               c_w.l(sys_exit.o)
    0x08003fc8   0x00000002   Code   RO          813    .text               c_w.l(use_no_semi.o)
    0x08003fca   0x00000000   Code   RO          815    .text               c_w.l(indicate_semi.o)
    0x08003fca   0x00000002   PAD
    0x08003fcc   0x00000062   Code   RO          659    x$fpl$d2f           fz_ws.l(d2f.o)
    0x0800402e   0x00000002   PAD
    0x08004030   0x00000150   Code   RO          661    x$fpl$dadd          fz_ws.l(daddsub_clz.o)
    0x08004180   0x00000018   Code   RO          728    x$fpl$dcmpinf       fz_ws.l(dcmpi.o)
    0x08004198   0x00000078   Code   RO          700    x$fpl$dleqf         fz_ws.l(dleqf.o)
    0x08004210   0x0000009c   Code   RO          702    x$fpl$dnaninf       fz_ws.l(dnaninf.o)
    0x080042ac   0x0000000c   Code   RO          704    x$fpl$dretinf       fz_ws.l(dretinf.o)
    0x080042b8   0x0000006c   Code   RO          667    x$fpl$drleqf        fz_ws.l(drleqf.o)
    0x08004324   0x000001d4   Code   RO          663    x$fpl$dsub          fz_ws.l(daddsub_clz.o)
    0x080044f8   0x00000056   Code   RO          669    x$fpl$f2d           fz_ws.l(f2d.o)
    0x0800454e   0x00000002   PAD
    0x08004550   0x000000c4   Code   RO          671    x$fpl$fadd          fz_ws.l(faddsub_clz.o)
    0x08004614   0x00000018   Code   RO          706    x$fpl$fcmpinf       fz_ws.l(fcmpi.o)
    0x0800462c   0x00000068   Code   RO          677    x$fpl$feqf          fz_ws.l(feqf.o)
    0x08004694   0x00000036   Code   RO          679    x$fpl$ffix          fz_ws.l(ffix.o)
    0x080046ca   0x00000002   PAD
    0x080046cc   0x0000003e   Code   RO          683    x$fpl$ffixu         fz_ws.l(ffixu.o)
    0x0800470a   0x00000002   PAD
    0x0800470c   0x00000030   Code   RO          688    x$fpl$fflt          fz_ws.l(fflt_clz.o)
    0x0800473c   0x00000068   Code   RO          693    x$fpl$fleqf         fz_ws.l(fleqf.o)
    0x080047a4   0x00000102   Code   RO          695    x$fpl$fmul          fz_ws.l(fmul.o)
    0x080048a6   0x0000008c   Code   RO          708    x$fpl$fnaninf       fz_ws.l(fnaninf.o)
    0x08004932   0x0000000e   Code   RO          786    x$fpl$fpinit        fz_ws.l(fpinit.o)
    0x08004940   0x0000000a   Code   RO          710    x$fpl$fretinf       fz_ws.l(fretinf.o)
    0x0800494a   0x00000062   Code   RO          697    x$fpl$frleqf        fz_ws.l(frleqf.o)
    0x080049ac   0x00000014   Code   RO          672    x$fpl$frsb          fz_ws.l(faddsub_clz.o)
    0x080049c0   0x000000ea   Code   RO          673    x$fpl$fsub          fz_ws.l(faddsub_clz.o)
    0x08004aaa   0x00000000   Code   RO          712    x$fpl$usenofp       fz_ws.l(usenofp.o)
    0x08004aaa   0x00000002   PAD
    0x08004aac   0x00000020   Data   RO          867    Region$$Table       anon$$obj.o


    Execution Region RW_IRAM1 (Base: 0x20000000, Size: 0x00000830, Max: 0x00010000, ABSOLUTE)

    Base Addr    Size         Type   Attr      Idx    E Section Name        Object

    0x20000000   0x00000027   Data   RW           72    .data               stm32f10x_it.o
    0x20000027   0x00000001   PAD
    0x20000028   0x00000014   Data   RW          146    .data               system_stm32f10x.o
    0x2000003c   0x00000014   Data   RW          423    .data               stm32f10x_rcc.o
    0x20000050   0x00000030   Data   RW          584    .data               robottask.o
    0x20000080   0x0000002c   Data   RW          604    .data               framwork.o
    0x200000ac   0x00000014   Zero   RW           71    .bss                stm32f10x_it.o
    0x200000c0   0x00000050   Zero   RW          521    .bss                bsp.o
    0x20000110   0x000000a0   Zero   RW          583    .bss                robottask.o
    0x200001b0   0x00000020   Zero   RW          603    .bss                framwork.o
    0x200001d0   0x00000060   Zero   RW          741    .bss                c_w.l(libspace.o)
    0x20000230   0x00000200   Zero   RW          194    HEAP                startup_stm32f10x_hd.o
    0x20000430   0x00000400   Zero   RW          193    STACK               startup_stm32f10x_hd.o


==============================================================================

Image component sizes


      Code (inc. data)   RO Data    RW Data    ZI Data      Debug   Object Name

      3288        122          0          0         80     267446   bsp.o
         0          0          0          0          0         32   core_cm3.o
       100         22          0         44         32     204653   framwork.o
        48          6          0          0          0     273433   main.o
       220         20          0          0          0       1809   misc.o
       836         82          0         48        160       3774   robottask.o
        64         26        304          0       1536        824   startup_stm32f10x_hd.o
      2548         38          0          0          0       8036   stm32f10x_can.o
       592          8          0          0          0       4370   stm32f10x_dma.o
       856         40          0          0          0       5741   stm32f10x_gpio.o
      1268        162          0         39         20     214788   stm32f10x_it.o
       928         44          0         20          0       8916   stm32f10x_rcc.o
      3502         86          0          0          0      22908   stm32f10x_tim.o
      1036         20          0          0          0       8484   stm32f10x_usart.o
       456         36          0         20          0       1755   system_stm32f10x.o

    ----------------------------------------------------------------------
     15744        712        336        172       1828    1026969   Object Totals
         0          0         32          0          0          0   (incl. Generated)
         2          0          0          1          0          0   (incl. Padding)

    ----------------------------------------------------------------------

      Code (inc. data)   RO Data    RW Data    ZI Data      Debug   Library Member Name

         8          0          0          0          0         68   __main.o
        52          8          0          0          0          0   __scatter.o
        26          0          0          0          0          0   __scatter_copy.o
        28          0          0          0          0          0   __scatter_zi.o
        12          0          0          0          0         72   exit.o
         6          0          0          0          0        152   heapauxi.o
         0          0          0          0          0          0   indicate_semi.o
         6          0          0          0          0          0   libinit.o
         2          0          0          0          0          0   libinit2.o
         2          0          0          0          0          0   libshutdown.o
         2          0          0          0          0          0   libshutdown2.o
         8          4          0          0         96         68   libspace.o
         8          4          0          0          0         68   rt_fp_status_addr_intlibspace.o
         0          0          0          0          0          0   rtentry.o
        12          0          0          0          0          0   rtentry2.o
         6          0          0          0          0          0   rtentry4.o
         2          0          0          0          0          0   rtexit.o
        10          0          0          0          0          0   rtexit2.o
        12          4          0          0          0         68   sys_exit.o
        74          0          0          0          0         80   sys_stackheap_outer.o
         2          0          0          0          0         68   use_no_semi.o
        98          4          0          0          0         92   d2f.o
       804         16          0          0          0        280   daddsub_clz.o
        24          0          0          0          0         68   dcmpi.o
       120          4          0          0          0         92   dleqf.o
       156          4          0          0          0         92   dnaninf.o
        12          0          0          0          0         68   dretinf.o
       108          0          0          0          0         80   drleqf.o
        86          4          0          0          0         84   f2d.o
       450          8          0          0          0        236   faddsub_clz.o
        24          0          0          0          0         68   fcmpi.o
       104          4          0          0          0         84   feqf.o
        54          4          0          0          0         84   ffix.o
        62          4          0          0          0         84   ffixu.o
        48          0          0          0          0         68   fflt_clz.o
       104          4          0          0          0         84   fleqf.o
       258          4          0          0          0         84   fmul.o
       140          4          0          0          0         84   fnaninf.o
        14          0          0          0          0         76   fpinit.o
        10          0          0          0          0         68   fretinf.o
        98          0          0          0          0         68   frleqf.o
         0          0          0          0          0          0   usenofp.o

    ----------------------------------------------------------------------
      3068         84          0          0         96       2588   Library Totals
        16          0          0          0          0          0   (incl. Padding)

    ----------------------------------------------------------------------

      Code (inc. data)   RO Data    RW Data    ZI Data      Debug   Library Name

       278         20          0          0         96        644   c_w.l
      2774         64          0          0          0       1944   fz_ws.l

    ----------------------------------------------------------------------
      3068         84          0          0         96       2588   Library Totals

    ----------------------------------------------------------------------

==============================================================================


      Code (inc. data)   RO Data    RW Data    ZI Data      Debug   

     18812        796        336        172       1924    1026749   Grand Totals
     18812        796        336        172       1924    1026749   ELF Image Totals
     18812        796        336        172          0          0   ROM Totals

==============================================================================

    Total RO  Size (Code + RO Data)                19148 (  18.70kB)
    Total RW  Size (RW Data + ZI Data)              2096 (   2.05kB)
    Total ROM Size (Code + RO Data + RW Data)      19320 (  18.87kB)

==============================================================================

