Flow report for OV_7620
Wed Feb 26 16:45:15 2014
Quartus II Version 11.0 Build 208 07/03/2011 Service Pack 1 SJ Full Version


---------------------
; Table of Contents ;
---------------------
  1. Legal Notice
  2. Flow Summary
  3. Flow Settings
  4. Flow Non-Default Global Settings
  5. Flow Elapsed Time
  6. Flow OS Summary
  7. Flow Log



----------------
; Legal Notice ;
----------------
Copyright (C) 1991-2011 Altera Corporation
Your use of Altera Corporation's design tools, logic functions 
and other software and tools, and its AMPP partner logic 
functions, and any output files from any of the foregoing 
(including device programming or simulation files), and any 
associated documentation or information are expressly subject 
to the terms and conditions of the Altera Program License 
Subscription Agreement, Altera MegaCore Function License 
Agreement, or other applicable license agreement, including, 
without limitation, that your use is for the sole purpose of 
programming logic devices manufactured by Altera and sold by 
Altera or its authorized distributors.  Please refer to the 
applicable agreement for further details.



+-------------------------------------------------------------------------------------+
; Flow Summary                                                                        ;
+------------------------------------+------------------------------------------------+
; Flow Status                        ; Successful - Wed Feb 26 16:45:12 2014          ;
; Quartus II Version                 ; 11.0 Build 208 07/03/2011 SP 1 SJ Full Version ;
; Revision Name                      ; OV_7620                                        ;
; Top-level Entity Name              ; OV_7620_BDF                                    ;
; Family                             ; Cyclone IV E                                   ;
; Device                             ; EP4CE15F17C8                                   ;
; Timing Models                      ; Final                                          ;
; Total logic elements               ; 347 / 15,408 ( 2 % )                           ;
;     Total combinational functions  ; 345 / 15,408 ( 2 % )                           ;
;     Dedicated logic registers      ; 104 / 15,408 ( < 1 % )                         ;
; Total registers                    ; 104                                            ;
; Total pins                         ; 49 / 166 ( 30 % )                              ;
; Total virtual pins                 ; 0                                              ;
; Total memory bits                  ; 0 / 516,096 ( 0 % )                            ;
; Embedded Multiplier 9-bit elements ; 0 / 112 ( 0 % )                                ;
; Total PLLs                         ; 1 / 4 ( 25 % )                                 ;
+------------------------------------+------------------------------------------------+


+-----------------------------------------+
; Flow Settings                           ;
+-------------------+---------------------+
; Option            ; Setting             ;
+-------------------+---------------------+
; Start date & time ; 02/26/2014 16:44:55 ;
; Main task         ; Compilation         ;
; Revision Name     ; OV_7620             ;
+-------------------+---------------------+


+-----------------------------------------------------------------------------------------------------------------+
; Flow Non-Default Global Settings                                                                                ;
+-------------------------------------+--------------------------------+---------------+-------------+------------+
; Assignment Name                     ; Value                          ; Default Value ; Entity Name ; Section Id ;
+-------------------------------------+--------------------------------+---------------+-------------+------------+
; COMPILER_SIGNATURE_ID               ; 51013964237182.139340429404136 ; --            ; --          ; --         ;
; IP_TOOL_NAME                        ; ALTPLL                         ; --            ; --          ; --         ;
; IP_TOOL_NAME                        ; ALTPLL                         ; --            ; --          ; --         ;
; IP_TOOL_VERSION                     ; 11.0                           ; --            ; --          ; --         ;
; IP_TOOL_VERSION                     ; 11.0                           ; --            ; --          ; --         ;
; MAX_CORE_JUNCTION_TEMP              ; 85                             ; --            ; --          ; --         ;
; MIN_CORE_JUNCTION_TEMP              ; 0                              ; --            ; --          ; --         ;
; MISC_FILE                           ; PLL.bsf                        ; --            ; --          ; --         ;
; MISC_FILE                           ; PLL_bb.v                       ; --            ; --          ; --         ;
; MISC_FILE                           ; PLL.ppf                        ; --            ; --          ; --         ;
; MISC_FILE                           ; PLL_2.bsf                      ; --            ; --          ; --         ;
; MISC_FILE                           ; PLL_2_bb.v                     ; --            ; --          ; --         ;
; MISC_FILE                           ; PLL_2.ppf                      ; --            ; --          ; --         ;
; OUTPUT_IO_TIMING_FAR_END_VMEAS      ; Half Signal Swing              ; --            ; --          ; --         ;
; OUTPUT_IO_TIMING_FAR_END_VMEAS      ; Half Signal Swing              ; --            ; --          ; --         ;
; OUTPUT_IO_TIMING_NEAR_END_VMEAS     ; Half Vccio                     ; --            ; --          ; --         ;
; OUTPUT_IO_TIMING_NEAR_END_VMEAS     ; Half Vccio                     ; --            ; --          ; --         ;
; PARTITION_COLOR                     ; 16764057                       ; --            ; OV_7620_BDF ; Top        ;
; PARTITION_FITTER_PRESERVATION_LEVEL ; PLACEMENT_AND_ROUTING          ; --            ; OV_7620_BDF ; Top        ;
; PARTITION_NETLIST_TYPE              ; SOURCE                         ; --            ; OV_7620_BDF ; Top        ;
; TOP_LEVEL_ENTITY                    ; OV_7620_BDF                    ; OV_7620       ; --          ; --         ;
+-------------------------------------+--------------------------------+---------------+-------------+------------+


+-------------------------------------------------------------------------------------------------------------------------------+
; Flow Elapsed Time                                                                                                             ;
+---------------------------+--------------+-------------------------+---------------------+------------------------------------+
; Module Name               ; Elapsed Time ; Average Processors Used ; Peak Virtual Memory ; Total CPU Time (on all processors) ;
+---------------------------+--------------+-------------------------+---------------------+------------------------------------+
; Analysis & Synthesis      ; 00:00:04     ; 1.0                     ; 263 MB              ; 00:00:04                           ;
; Fitter                    ; 00:00:08     ; 1.1                     ; 363 MB              ; 00:00:08                           ;
; Assembler                 ; 00:00:02     ; 1.0                     ; 258 MB              ; 00:00:02                           ;
; TimeQuest Timing Analyzer ; 00:00:05     ; 1.0                     ; 282 MB              ; 00:00:05                           ;
; Total                     ; 00:00:19     ; --                      ; --                  ; 00:00:19                           ;
+---------------------------+--------------+-------------------------+---------------------+------------------------------------+


+----------------------------------------------------------------------------------------+
; Flow OS Summary                                                                        ;
+---------------------------+------------------+-----------+------------+----------------+
; Module Name               ; Machine Hostname ; OS Name   ; OS Version ; Processor type ;
+---------------------------+------------------+-----------+------------+----------------+
; Analysis & Synthesis      ; kongdejing-PC    ; Windows 7 ; 6.1        ; i686           ;
; Fitter                    ; kongdejing-PC    ; Windows 7 ; 6.1        ; i686           ;
; Assembler                 ; kongdejing-PC    ; Windows 7 ; 6.1        ; i686           ;
; TimeQuest Timing Analyzer ; kongdejing-PC    ; Windows 7 ; 6.1        ; i686           ;
+---------------------------+------------------+-----------+------------+----------------+


------------
; Flow Log ;
------------
quartus_map --read_settings_files=on --write_settings_files=off OV_7620 -c OV_7620
quartus_fit --read_settings_files=off --write_settings_files=off OV_7620 -c OV_7620
quartus_asm --read_settings_files=off --write_settings_files=off OV_7620 -c OV_7620
quartus_sta OV_7620 -c OV_7620



