ARM Linker, 4.1 [Build 894] [Professional]

==============================================================================

Section Cross References

    main.o(.text) refers to system_stm32f10x.o(.text) for SystemInit
    main.o(.text) refers to bsp.o(.text) for BSP_Configuration
    stm32f10x_it.o(.text) refers to stm32f10x_tim.o(.text) for TIM_ClearITPendingBit
    stm32f10x_it.o(.text) refers to bsp.o(.text) for BFP_Configuration
    stm32f10x_it.o(.text) refers to framwork.o(.text) for DevelopmentFramwork
    stm32f10x_it.o(.text) refers to stm32f10x_can.o(.text) for CAN_Transmit
    stm32f10x_it.o(.text) refers to robottask.o(.text) for PidSpeedControlOne
    stm32f10x_it.o(.text) refers to stm32f10x_dma.o(.text) for DMA_GetFlagStatus
    stm32f10x_it.o(.text) refers to stm32f10x_it.o(.bss) for tx_message
    stm32f10x_it.o(.text) refers to bsp.o(.bss) for RC_Ctl
    stm32f10x_it.o(.text) refers to stm32f10x_it.o(.data) for fuhao
    stm32f10x_it.o(.text) refers to robottask.o(.bss) for PidSpeedTypeOne
    stm32f10x_it.o(.text) refers to framwork.o(.bss) for MotorControl
    stm32f10x_it.o(.text) refers to framwork.o(.data) for mode
    system_stm32f10x.o(.text) refers to system_stm32f10x.o(.data) for SystemCoreClock
    startup_stm32f10x_hd.o(STACK) refers (Special) to heapauxi.o(.text) for __use_two_region_memory
    startup_stm32f10x_hd.o(HEAP) refers (Special) to heapauxi.o(.text) for __use_two_region_memory
    startup_stm32f10x_hd.o(RESET) refers (Special) to heapauxi.o(.text) for __use_two_region_memory
    startup_stm32f10x_hd.o(RESET) refers to startup_stm32f10x_hd.o(STACK) for __initial_sp
    startup_stm32f10x_hd.o(RESET) refers to startup_stm32f10x_hd.o(.text) for Reset_Handler
    startup_stm32f10x_hd.o(RESET) refers to stm32f10x_it.o(.text) for NMI_Handler
    startup_stm32f10x_hd.o(.text) refers (Special) to heapauxi.o(.text) for __use_two_region_memory
    startup_stm32f10x_hd.o(.text) refers to system_stm32f10x.o(.text) for SystemInit
    startup_stm32f10x_hd.o(.text) refers to __main.o(!!!main) for __main
    startup_stm32f10x_hd.o(.text) refers to startup_stm32f10x_hd.o(HEAP) for Heap_Mem
    startup_stm32f10x_hd.o(.text) refers to startup_stm32f10x_hd.o(STACK) for Stack_Mem
    stm32f10x_adc.o(.text) refers to stm32f10x_rcc.o(.text) for RCC_APB2PeriphResetCmd
    stm32f10x_bkp.o(.text) refers to stm32f10x_rcc.o(.text) for RCC_BackupResetCmd
    stm32f10x_can.o(.text) refers to stm32f10x_rcc.o(.text) for RCC_APB1PeriphResetCmd
    stm32f10x_cec.o(.text) refers to stm32f10x_rcc.o(.text) for RCC_APB1PeriphResetCmd
    stm32f10x_dac.o(.text) refers to stm32f10x_rcc.o(.text) for RCC_APB1PeriphResetCmd
    stm32f10x_gpio.o(.text) refers to stm32f10x_rcc.o(.text) for RCC_APB2PeriphResetCmd
    stm32f10x_i2c.o(.text) refers to stm32f10x_rcc.o(.text) for RCC_APB1PeriphResetCmd
    stm32f10x_pwr.o(.text) refers to stm32f10x_rcc.o(.text) for RCC_APB1PeriphResetCmd
    stm32f10x_rcc.o(.text) refers to stm32f10x_rcc.o(.data) for APBAHBPrescTable
    stm32f10x_spi.o(.text) refers to stm32f10x_rcc.o(.text) for RCC_APB2PeriphResetCmd
    stm32f10x_tim.o(.text) refers to stm32f10x_rcc.o(.text) for RCC_APB2PeriphResetCmd
    stm32f10x_usart.o(.text) refers to stm32f10x_rcc.o(.text) for RCC_APB2PeriphResetCmd
    stm32f10x_wwdg.o(.text) refers to stm32f10x_rcc.o(.text) for RCC_APB1PeriphResetCmd
    bsp.o(.text) refers to misc.o(.text) for NVIC_PriorityGroupConfig
    bsp.o(.text) refers to stm32f10x_rcc.o(.text) for RCC_APB2PeriphClockCmd
    bsp.o(.text) refers to stm32f10x_gpio.o(.text) for GPIO_PinRemapConfig
    bsp.o(.text) refers to stm32f10x_can.o(.text) for CAN_DeInit
    bsp.o(.text) refers to stm32f10x_tim.o(.text) for TIM_TimeBaseInit
    bsp.o(.text) refers to bsp.o(.bss) for chassis_one_motor_txm
    bsp.o(.text) refers to stm32f10x_usart.o(.text) for USART_Init
    bsp.o(.text) refers to stm32f10x_dma.o(.text) for DMA_Init
    robottask.o(.text) refers to fleqf.o(x$fpl$fleqf) for __aeabi_cfcmple
    robottask.o(.text) refers to faddsub_clz.o(x$fpl$fadd) for __aeabi_fadd
    robottask.o(.text) refers to feqf.o(x$fpl$feqf) for __aeabi_cfcmpeq
    robottask.o(.text) refers to frleqf.o(x$fpl$frleqf) for __aeabi_cfrcmple
    robottask.o(.text) refers to faddsub_clz.o(x$fpl$fsub) for __aeabi_fsub
    robottask.o(.text) refers to fmul.o(x$fpl$fmul) for __aeabi_fmul
    robottask.o(.text) refers to faddsub_clz.o(x$fpl$frsb) for __aeabi_frsub
    robottask.o(.text) refers to fflt_clz.o(x$fpl$fflt) for __aeabi_i2f
    robottask.o(.text) refers to fflt_clz.o(x$fpl$ffltu) for __aeabi_ui2f
    robottask.o(.text) refers to ffix.o(x$fpl$ffix) for __aeabi_f2iz
    robottask.o(.text) refers to bsp.o(.text) for MotorSpeedSetOne
    robottask.o(.text) refers to bsp.o(.bss) for GetEncoder
    robottask.o(.text) refers to robottask.o(.data) for SpeedNowOne
    robottask.o(.text) refers to robottask.o(.bss) for PidSpeedTypeOne
    robottask.o(.text) refers to framwork.o(.bss) for MotorControl
[...]
    libinit.o(.ARM.Collect$$libinit$$00000000) refers (Special) to libinit2.o(.ARM.Collect$$libinit$$00000019) for __rt_lib_init_signal_1
    libinit.o(.ARM.Collect$$libinit$$00000000) refers (Special) to libinit2.o(.ARM.Collect$$libinit$$00000021) for __rt_lib_init_stdio_1
    libinit.o(.ARM.Collect$$libinit$$00000000) refers (Special) to libinit2.o(.ARM.Collect$$libinit$$00000008) for __rt_lib_init_user_alloc_1
    libinit.o(.ARM.Collect$$libinit$$00000000) refers to fpinit.o(x$fpl$fpinit) for _fp_init
    libspace.o(.text) refers to libspace.o(.bss) for __libspace_start
    rtexit.o(.ARM.Collect$$rtexit$$00000000) refers (Special) to rtexit2.o(.ARM.Collect$$rtexit$$00000004) for __rt_exit_exit
    rtexit.o(.ARM.Collect$$rtexit$$00000000) refers (Special) to rtexit2.o(.ARM.Collect$$rtexit$$00000003) for __rt_exit_ls
    rtexit.o(.ARM.Collect$$rtexit$$00000000) refers (Special) to rtexit2.o(.ARM.Collect$$rtexit$$00000002) for __rt_exit_prels_1
    rtexit.o(.ARM.exidx) refers (Special) to rtexit2.o(.ARM.Collect$$rtexit$$00000004) for __rt_exit_exit
    rtexit.o(.ARM.exidx) refers (Special) to rtexit2.o(.ARM.Collect$$rtexit$$00000003) for __rt_exit_ls
    rtexit.o(.ARM.exidx) refers (Special) to rtexit2.o(.ARM.Collect$$rtexit$$00000002) for __rt_exit_prels_1
    rtexit.o(.ARM.exidx) refers to rtexit.o(.ARM.Collect$$rtexit$$00000000) for .ARM.Collect$$rtexit$$00000000
    libinit2.o(.ARM.Collect$$libinit$$0000000C) refers to libinit2.o(.ARM.Collect$$libinit$$0000000B) for .ARM.Collect$$libinit$$0000000B
    libinit2.o(.ARM.Collect$$libinit$$0000000E) refers to libinit2.o(.ARM.Collect$$libinit$$0000000B) for .ARM.Collect$$libinit$$0000000B
    libinit2.o(.ARM.Collect$$libinit$$00000010) refers to libinit2.o(.ARM.Collect$$libinit$$0000000B) for .ARM.Collect$$libinit$$0000000B
    libinit2.o(.ARM.Collect$$libinit$$00000012) refers to libinit2.o(.ARM.Collect$$libinit$$0000000B) for .ARM.Collect$$libinit$$0000000B
    libinit2.o(.ARM.Collect$$libinit$$00000014) refers to libinit2.o(.ARM.Collect$$libinit$$0000000B) for .ARM.Collect$$libinit$$0000000B
    libinit2.o(.ARM.Collect$$libinit$$00000022) refers to argv_veneer.o(.emb_text) for __ARM_argv_veneer
    libinit2.o(.ARM.Collect$$libinit$$00000023) refers to argv_veneer.o(.emb_text) for __ARM_argv_veneer
    fpinit.o(x$fpl$fpinit) refers to rt_fp_status_addr_intlibspace.o(.text) for __rt_fp_status_addr
    rtexit2.o(.ARM.Collect$$rtexit$$00000003) refers to libshutdown.o(.ARM.Collect$$libshutdown$$00000000) for __rt_lib_shutdown
    rtexit2.o(.ARM.Collect$$rtexit$$00000004) refers to sys_exit.o(.text) for _sys_exit
    rtexit2.o(.ARM.exidx) refers to rtexit2.o(.ARM.Collect$$rtexit$$00000001) for .ARM.Collect$$rtexit$$00000001
    rtexit2.o(.ARM.exidx) refers to rtexit2.o(.ARM.Collect$$rtexit$$00000003) for .ARM.Collect$$rtexit$$00000003
    rtexit2.o(.ARM.exidx) refers to rtexit2.o(.ARM.Collect$$rtexit$$00000004) for .ARM.Collect$$rtexit$$00000004
    rt_fp_status_addr.o(.text) refers to rt_fp_status_addr.o(.bss) for __rt_fp_status_addr_data
    rt_fp_status_addr_intlibspace.o(.text) refers to libspace.o(.bss) for __libspace_start
    argv_veneer.o(.emb_text) refers to no_argv.o(.text) for __ARM_get_argv
    sys_exit.o(.text) refers (Special) to use_no_semi.o(.text) for __I$use$semihosting
    sys_exit.o(.text) refers (Special) to indicate_semi.o(.text) for __semihosting_library_function
    _get_argv_nomalloc.o(.text) refers (Special) to hrguard.o(.text) for __heap_region$guard
    _get_argv_nomalloc.o(.text) refers to defsig_rtmem_outer.o(.text) for __rt_SIGRTMEM
    _get_argv_nomalloc.o(.text) refers to sys_command.o(.text) for _sys_command_string
    libshutdown.o(.ARM.Collect$$libshutdown$$00000000) refers (Special) to libshutdown2.o(.ARM.Collect$$libshutdown$$00000006) for __rt_lib_shutdown_fp_trap_1
    libshutdown.o(.ARM.Collect$$libshutdown$$00000000) refers (Special) to libshutdown2.o(.ARM.Collect$$libshutdown$$0000000E) for __rt_lib_shutdown_heap_1
    libshutdown.o(.ARM.Collect$$libshutdown$$00000000) refers (Special) to libshutdown2.o(.ARM.Collect$$libshutdown$$0000000F) for __rt_lib_shutdown_return
    libshutdown.o(.ARM.Collect$$libshutdown$$00000000) refers (Special) to libshutdown2.o(.ARM.Collect$$libshutdown$$00000009) for __rt_lib_shutdown_signal_1
    libshutdown.o(.ARM.Collect$$libshutdown$$00000000) refers (Special) to libshutdown2.o(.ARM.Collect$$libshutdown$$00000003) for __rt_lib_shutdown_stdio_1
    libshutdown.o(.ARM.Collect$$libshutdown$$00000000) refers (Special) to libshutdown2.o(.ARM.Collect$$libshutdown$$0000000B) for __rt_lib_shutdown_user_alloc_1
    sys_command.o(.text) refers (Special) to use_no_semi.o(.text) for __I$use$semihosting
    sys_command.o(.text) refers (Special) to indicate_semi.o(.text) for __semihosting_library_function
    defsig_rtmem_outer.o(.text) refers to defsig_rtmem_inner.o(.text) for __rt_SIGRTMEM_inner
    defsig_rtmem_outer.o(.text) refers to defsig_exit.o(.text) for __sig_exit
    defsig_rtmem_formal.o(.text) refers to rt_raise.o(.text) for __rt_raise
    rt_raise.o(.text) refers to __raise.o(.text) for __raise
    rt_raise.o(.text) refers to sys_exit.o(.text) for _sys_exit
    defsig_exit.o(.text) refers to sys_exit.o(.text) for _sys_exit
    defsig_rtmem_inner.o(.text) refers to defsig_general.o(.text) for __default_signal_display
    __raise.o(.text) refers to defsig.o(CL$$defsig) for __default_signal_handler
    defsig_general.o(.text) refers to sys_wrch.o(.text) for _ttywrch
    sys_wrch.o(.text) refers (Special) to use_no_semi.o(.text) for __I$use$semihosting
    sys_wrch.o(.text) refers (Special) to indicate_semi.o(.text) for __semihosting_library_function
    defsig.o(CL$$defsig) refers to defsig_rtmem_inner.o(.text) for __rt_SIGRTMEM_inner
    defsig_abrt_inner.o(.text) refers to defsig_general.o(.text) for __default_signal_display
    defsig_fpe_inner.o(.text) refers to defsig_general.o(.text) for __default_signal_display
    defsig_rtred_inner.o(.text) refers to defsig_general.o(.text) for __default_signal_display
    defsig_stak_inner.o(.text) refers to defsig_general.o(.text) for __default_signal_display
    defsig_pvfn_inner.o(.text) refers to defsig_general.o(.text) for __default_signal_display
    defsig_cppl_inner.o(.text) refers to defsig_general.o(.text) for __default_signal_display
    defsig_segv_inner.o(.text) refers to defsig_general.o(.text) for __default_signal_display
    defsig_other.o(.text) refers to defsig_general.o(.text) for __default_signal_display


==============================================================================

Removing Unused input sections from the image.

    Removing core_cm3.o(.emb_text), (32 bytes).
    Removing stm32f10x_adc.o(.text), (1084 bytes).
    Removing stm32f10x_bkp.o(.text), (172 bytes).
    Removing stm32f10x_cec.o(.text), (288 bytes).
    Removing stm32f10x_crc.o(.text), (72 bytes).
    Removing stm32f10x_dac.o(.text), (360 bytes).
    Removing stm32f10x_dbgmcu.o(.text), (48 bytes).
    Removing stm32f10x_exti.o(.text), (284 bytes).
    Removing stm32f10x_flash.o(.text), (1464 bytes).
    Removing stm32f10x_fsmc.o(.text), (1560 bytes).
    Removing stm32f10x_i2c.o(.text), (1008 bytes).
    Removing stm32f10x_iwdg.o(.text), (64 bytes).
    Removing stm32f10x_pwr.o(.text), (204 bytes).
    Removing stm32f10x_rtc.o(.text), (336 bytes).
    Removing stm32f10x_sdio.o(.text), (464 bytes).
    Removing stm32f10x_spi.o(.text), (784 bytes).
    Removing stm32f10x_wwdg.o(.text), (124 bytes).

17 unused section(s) (total 8348 bytes) removed from the image.

==============================================================================

Image Symbol Table

    Local Symbols

    Symbol Name                              Value     Ov Type        Size  Object(Section)

    ../../angel/boardlib.s                   0x00000000   Number         0  boardshut.o ABSOLUTE
    ../../angel/boardlib.s                   0x00000000   Number         0  boardinit3.o ABSOLUTE
    ../../angel/boardlib.s                   0x00000000   Number         0  boardinit2.o ABSOLUTE
    ../../angel/boardlib.s                   0x00000000   Number         0  boardinit1.o ABSOLUTE
    ../../angel/handlers.s                   0x00000000   Number         0  __scatter_copy.o ABSOLUTE
    ../../angel/handlers.s                   0x00000000   Number         0  __scatter_zi.o ABSOLUTE
    ../../angel/kernel.s                     0x00000000   Number         0  rtexit.o ABSOLUTE
    ../../angel/kernel.s                     0x00000000   Number         0  rtentry4.o ABSOLUTE
    ../../angel/kernel.s                     0x00000000   Number         0  rtentry.o ABSOLUTE
    ../../angel/kernel.s                     0x00000000   Number         0  rtentry2.o ABSOLUTE
    ../../angel/kernel.s                     0x00000000   Number         0  rtexit2.o ABSOLUTE
    ../../angel/rt.s                         0x00000000   Number         0  rt_raise.o ABSOLUTE
    ../../angel/rt.s                         0x00000000   Number         0  rt_fp_status_addr_intlibspace.o ABSOLUTE
    ../../angel/rt.s                         0x00000000   Number         0  rt_fp_status_addr.o ABSOLUTE
    ../../angel/scatter.s                    0x00000000   Number         0  __scatter.o ABSOLUTE
    ../../angel/startup.s                    0x00000000   Number         0  __main.o ABSOLUTE
    ../../angel/sys.s                        0x00000000   Number         0  libspace.o ABSOLUTE
    ../../angel/sys.s                        0x00000000   Number         0  indicate_semi.o ABSOLUTE
    ../../angel/sys.s                        0x00000000   Number         0  use_no_semi.o ABSOLUTE
    ../../angel/sys.s                        0x00000000   Number         0  sys_stackheap_outer.o ABSOLUTE
    ../../angel/sysapp.c                     0x00000000   Number         0  sys_exit.o ABSOLUTE
    ../../angel/sysapp.c                     0x00000000   Number         0  sys_command.o ABSOLUTE
    ../../angel/sysapp.c                     0x00000000   Number         0  sys_wrch.o ABSOLUTE
    ../../armsys.c                           0x00000000   Number         0  argv_veneer.o ABSOLUTE
    ../../armsys.c                           0x00000000   Number         0  argv_veneer.o ABSOLUTE
    ../../armsys.c                           0x00000000   Number         0  _get_argv_nomalloc.o ABSOLUTE
    ../../armsys.c                           0x00000000   Number         0  no_argv.o ABSOLUTE
    ../../dfix.s                             0x00000000   Number         0  dfix.o ABSOLUTE
    ../../dflt.s                             0x00000000   Number         0  dflt_clz.o ABSOLUTE
    ../../dmul.s                             0x00000000   Number         0  dmul.o ABSOLUTE
    ../../dnaninf.s                          0x00000000   Number         0  dnaninf.o ABSOLUTE
    ../../dretinf.s                          0x00000000   Number         0  dretinf.o ABSOLUTE
    ../../faddsub.s                          0x00000000   Number         0  faddsub_clz.o ABSOLUTE
    ../../fcmpi.s                            0x00000000   Number         0  fcmpi.o ABSOLUTE
    ../../feqf.s                             0x00000000   Number         0  feqf.o ABSOLUTE
    ../../ffix.s                             0x00000000   Number         0  ffix.o ABSOLUTE
    ../../fflt.s                             0x00000000   Number         0  fflt_clz.o ABSOLUTE
    ../../fleqf.s                            0x00000000   Number         0  fleqf.o ABSOLUTE
    ../../fmul.s                             0x00000000   Number         0  fmul.o ABSOLUTE
    ../../fnaninf.s                          0x00000000   Number         0  fnaninf.o ABSOLUTE
    ../../fpinit.s                           0x00000000   Number         0  fpinit.o ABSOLUTE
    ../../fretinf.s                          0x00000000   Number         0  fretinf.o ABSOLUTE
    ../../frleqf.s                           0x00000000   Number         0  frleqf.o ABSOLUTE
    ../../heapalloc.c                        0x00000000   Number         0  hrguard.o ABSOLUTE
    ../../heapaux.c                          0x00000000   Number         0  heapauxi.o ABSOLUTE
    ../../libinit.s                          0x00000000   Number         0  libshutdown2.o ABSOLUTE
    ../../libinit.s                          0x00000000   Number         0  libinit2.o ABSOLUTE
    ../../libinit.s                          0x00000000   Number         0  libshutdown.o ABSOLUTE
    ../../libinit.s                          0x00000000   Number         0  libinit.o ABSOLUTE
    ../../signal.c                           0x00000000   Number         0  defsig_exit.o ABSOLUTE
    ../../signal.c                           0x00000000   Number         0  defsig_rtmem_formal.o ABSOLUTE
    ../../signal.c                           0x00000000   Number         0  defsig_rtmem_outer.o ABSOLUTE
    ../../signal.c                           0x00000000   Number         0  defsig_segv_inner.o ABSOLUTE
    ../../signal.c                           0x00000000   Number         0  defsig_cppl_inner.o ABSOLUTE
    ../../signal.c                           0x00000000   Number         0  defsig_stak_inner.o ABSOLUTE
    ../../signal.c                           0x00000000   Number         0  defsig_rtred_inner.o ABSOLUTE
    ../../signal.c                           0x00000000   Number         0  defsig_fpe_inner.o ABSOLUTE
    ../../signal.c                           0x00000000   Number         0  defsig_abrt_inner.o ABSOLUTE
    ../../signal.c                           0x00000000   Number         0  defsig_general.o ABSOLUTE
    ../../signal.c                           0x00000000   Number         0  defsig_pvfn_inner.o ABSOLUTE
    ../../signal.c                           0x00000000   Number         0  __raise.o ABSOLUTE
    ../../signal.c                           0x00000000   Number         0  defsig_rtmem_inner.o ABSOLUTE
    ../../signal.c                           0x00000000   Number         0  defsig_other.o ABSOLUTE
    ../../signal.s                           0x00000000   Number         0  defsig.o ABSOLUTE
    ../../stdlib.c                           0x00000000   Number         0  exit.o ABSOLUTE
    ../../usenofp.s                          0x00000000   Number         0  usenofp.o ABSOLUTE
    ..\CORE\core_cm3.c                       0x00000000   Number         0  core_cm3.o ABSOLUTE
    ..\CORE\startup_stm32f10x_hd.s           0x00000000   Number         0  startup_stm32f10x_hd.o ABSOLUTE
    ..\FramWork\FramWork.c                   0x00000000   Number         0  framwork.o ABSOLUTE
    ..\Function\BSP.c                        0x00000000   Number         0  bsp.o ABSOLUTE
    ..\RobotTask\RobotTask.c                 0x00000000   Number         0  robottask.o ABSOLUTE
    ..\STM32F10x_FWLib\src\misc.c            0x00000000   Number         0  misc.o ABSOLUTE
    ..\STM32F10x_FWLib\src\stm32f10x_adc.c   0x00000000   Number         0  stm32f10x_adc.o ABSOLUTE
    ..\STM32F10x_FWLib\src\stm32f10x_bkp.c   0x00000000   Number         0  stm32f10x_bkp.o ABSOLUTE
    ..\STM32F10x_FWLib\src\stm32f10x_can.c   0x00000000   Number         0  stm32f10x_can.o ABSOLUTE
    ..\STM32F10x_FWLib\src\stm32f10x_cec.c   0x00000000   Number         0  stm32f10x_cec.o ABSOLUTE
    ..\STM32F10x_FWLib\src\stm32f10x_crc.c   0x00000000   Number         0  stm32f10x_crc.o ABSOLUTE
    ..\STM32F10x_FWLib\src\stm32f10x_dac.c   0x00000000   Number         0  stm32f10x_dac.o ABSOLUTE
    ..\STM32F10x_FWLib\src\stm32f10x_dbgmcu.c 0x00000000   Number         0  stm32f10x_dbgmcu.o ABSOLUTE
    ..\STM32F10x_FWLib\src\stm32f10x_dma.c   0x00000000   Number         0  stm32f10x_dma.o ABSOLUTE
    ..\STM32F10x_FWLib\src\stm32f10x_exti.c  0x00000000   Number         0  stm32f10x_exti.o ABSOLUTE
    ..\STM32F10x_FWLib\src\stm32f10x_flash.c 0x00000000   Number         0  stm32f10x_flash.o ABSOLUTE
    ..\STM32F10x_FWLib\src\stm32f10x_fsmc.c  0x00000000   Number         0  stm32f10x_fsmc.o ABSOLUTE
    ..\STM32F10x_FWLib\src\stm32f10x_gpio.c  0x00000000   Number         0  stm32f10x_gpio.o ABSOLUTE
    ..\STM32F10x_FWLib\src\stm32f10x_i2c.c   0x00000000   Number         0  stm32f10x_i2c.o ABSOLUTE
    ..\STM32F10x_FWLib\src\stm32f10x_iwdg.c  0x00000000   Number         0  stm32f10x_iwdg.o ABSOLUTE
    ..\STM32F10x_FWLib\src\stm32f10x_pwr.c   0x00000000   Number         0  stm32f10x_pwr.o ABSOLUTE
    ..\STM32F10x_FWLib\src\stm32f10x_rcc.c   0x00000000   Number         0  stm32f10x_rcc.o ABSOLUTE
    ..\STM32F10x_FWLib\src\stm32f10x_rtc.c   0x00000000   Number         0  stm32f10x_rtc.o ABSOLUTE
    ..\STM32F10x_FWLib\src\stm32f10x_sdio.c  0x00000000   Number         0  stm32f10x_sdio.o ABSOLUTE
    ..\STM32F10x_FWLib\src\stm32f10x_spi.c   0x00000000   Number         0  stm32f10x_spi.o ABSOLUTE
    ..\STM32F10x_FWLib\src\stm32f10x_tim.c   0x00000000   Number         0  stm32f10x_tim.o ABSOLUTE
    ..\STM32F10x_FWLib\src\stm32f10x_usart.c 0x00000000   Number         0  stm32f10x_usart.o ABSOLUTE
    ..\STM32F10x_FWLib\src\stm32f10x_wwdg.c  0x00000000   Number         0  stm32f10x_wwdg.o ABSOLUTE
    ..\\CORE\\core_cm3.c                     0x00000000   Number         0  core_cm3.o ABSOLUTE
    dc.s                                     0x00000000   Number         0  dc.o ABSOLUTE
    main.c                                   0x00000000   Number         0  main.o ABSOLUTE
    stm32f10x_it.c                           0x00000000   Number         0  stm32f10x_it.o ABSOLUTE
    system_stm32f10x.c                       0x00000000   Number         0  system_stm32f10x.o ABSOLUTE
    RESET                                    0x08000000   Section      304  startup_stm32f10x_hd.o(RESET)
    !!!main                                  0x08000130   Section        8  __main.o(!!!main)
    !!!scatter                               0x08000138   Section       52  __scatter.o(!!!scatter)
    !!handler_copy                           0x0800016c   Section       26  __scatter_copy.o(!!handler_copy)
    !!handler_zi                             0x08000188   Section       28  __scatter_zi.o(!!handler_zi)
    .ARM.Collect$$libinit$$00000000          0x080001a4   Section        6  libinit.o(.ARM.Collect$$libinit$$00000000)
    .ARM.Collect$$libinit$$00000006          0x080001aa   Section        0  libinit2.o(.ARM.Collect$$libinit$$00000006)
    .ARM.Collect$$libinit$$00000008          0x080001aa   Section        0  libinit2.o(.ARM.Collect$$libinit$$00000008)
    .ARM.Collect$$libinit$$0000000A          0x080001aa   Section        0  libinit2.o(.ARM.Collect$$libinit$$0000000A)
    .ARM.Collect$$libinit$$0000000D          0x080001aa   Section        0  libinit2.o(.ARM.Collect$$libinit$$0000000D)
    .ARM.Collect$$libinit$$0000000F          0x080001aa   Section        0  libinit2.o(.ARM.Collect$$libinit$$0000000F)
    .ARM.Collect$$libinit$$00000011          0x080001aa   Section        0  libinit2.o(.ARM.Collect$$libinit$$00000011)
    .ARM.Collect$$libinit$$00000013          0x080001aa   Section        0  libinit2.o(.ARM.Collect$$libinit$$00000013)
    .ARM.Collect$$libinit$$00000015          0x080001aa   Section        0  libinit2.o(.ARM.Collect$$libinit$$00000015)
    .ARM.Collect$$libinit$$00000017          0x080001aa   Section        0  libinit2.o(.ARM.Collect$$libinit$$00000017)
    .ARM.Collect$$libinit$$00000019          0x080001aa   Section        0  libinit2.o(.ARM.Collect$$libinit$$00000019)
    .ARM.Collect$$libinit$$0000001B          0x080001aa   Section        0  libinit2.o(.ARM.Collect$$libinit$$0000001B)
    .ARM.Collect$$libinit$$0000001D          0x080001aa   Section        0  libinit2.o(.ARM.Collect$$libinit$$0000001D)
    .ARM.Collect$$libinit$$0000001F          0x080001aa   Section        0  libinit2.o(.ARM.Collect$$libinit$$0000001F)
    .ARM.Collect$$libinit$$00000021          0x080001aa   Section        0  libinit2.o(.ARM.Collect$$libinit$$00000021)
    .ARM.Collect$$libinit$$00000028          0x080001aa   Section        0  libinit2.o(.ARM.Collect$$libinit$$00000028)
    .ARM.Collect$$libinit$$0000002A          0x080001aa   Section        0  libinit2.o(.ARM.Collect$$libinit$$0000002A)
    .ARM.Collect$$libinit$$0000002C          0x080001aa   Section        0  libinit2.o(.ARM.Collect$$libinit$$0000002C)
    .ARM.Collect$$libinit$$0000002E          0x080001aa   Section        0  libinit2.o(.ARM.Collect$$libinit$$0000002E)
    .ARM.Collect$$libinit$$0000002F          0x080001aa   Section        2  libinit2.o(.ARM.Collect$$libinit$$0000002F)
    .ARM.Collect$$libshutdown$$00000000      0x080001ac   Section        2  libshutdown.o(.ARM.Collect$$libshutdown$$00000000)
    .ARM.Collect$$libshutdown$$00000003      0x080001ae   Section        0  libshutdown2.o(.ARM.Collect$$libshutdown$$00000003)
    .ARM.Collect$$libshutdown$$00000006      0x080001ae   Section        0  libshutdown2.o(.ARM.Collect$$libshutdown$$00000006)
    .ARM.Collect$$libshutdown$$00000009      0x080001ae   Section        0  libshutdown2.o(.ARM.Collect$$libshutdown$$00000009)
    .ARM.Collect$$libshutdown$$0000000B      0x080001ae   Section        0  libshutdown2.o(.ARM.Collect$$libshutdown$$0000000B)
    .ARM.Collect$$libshutdown$$0000000E      0x080001ae   Section        0  libshutdown2.o(.ARM.Collect$$libshutdown$$0000000E)
    .ARM.Collect$$libshutdown$$0000000F      0x080001ae   Section        2  libshutdown2.o(.ARM.Collect$$libshutdown$$0000000F)
    .ARM.Collect$$rtentry$$00000000          0x080001b0   Section        0  rtentry.o(.ARM.Collect$$rtentry$$00000000)
    .ARM.Collect$$rtentry$$00000002          0x080001b0   Section        0  rtentry2.o(.ARM.Collect$$rtentry$$00000002)
    .ARM.Collect$$rtentry$$00000004          0x080001b0   Section        6  rtentry4.o(.ARM.Collect$$rtentry$$00000004)
    .ARM.Collect$$rtentry$$00000009          0x080001b6   Section        0  rtentry2.o(.ARM.Collect$$rtentry$$00000009)
    .ARM.Collect$$rtentry$$0000000A          0x080001b6   Section        4  rtentry2.o(.ARM.Collect$$rtentry$$0000000A)
    .ARM.Collect$$rtentry$$0000000C          0x080001ba   Section        0  rtentry2.o(.ARM.Collect$$rtentry$$0000000C)
    .ARM.Collect$$rtentry$$0000000D          0x080001ba   Section        8  rtentry2.o(.ARM.Collect$$rtentry$$0000000D)
    .ARM.Collect$$rtexit$$00000000           0x080001c2   Section        2  rtexit.o(.ARM.Collect$$rtexit$$00000000)
    .ARM.Collect$$rtexit$$00000002           0x080001c4   Section        0  rtexit2.o(.ARM.Collect$$rtexit$$00000002)
    .ARM.Collect$$rtexit$$00000003           0x080001c4   Section        4  rtexit2.o(.ARM.Collect$$rtexit$$00000003)
    .ARM.Collect$$rtexit$$00000004           0x080001c8   Section        6  rtexit2.o(.ARM.Collect$$rtexit$$00000004)
    .text                                    0x080001d0   Section        0  main.o(.text)
    .text                                    0x08000200   Section        0  stm32f10x_it.o(.text)
    .text                                    0x08000580   Section        0  system_stm32f10x.o(.text)
    SetSysClockTo72                          0x08000581   Thumb Code   192  system_stm32f10x.o(.text)
    SetSysClock                              0x08000641   Thumb Code     8  system_stm32f10x.o(.text)
    .text                                    0x08000748   Section       64  startup_stm32f10x_hd.o(.text)
    .text                                    0x08000788   Section        0  misc.o(.text)
    .text                                    0x08000864   Section        0  stm32f10x_can.o(.text)
    CheckITStatus                            0x0800106f   Thumb Code    16  stm32f10x_can.o(.text)
    .text                                    0x08001258   Section        0  stm32f10x_dma.o(.text)
    .text                                    0x080014a8   Section        0  stm32f10x_gpio.o(.text)
    .text                                    0x08001800   Section        0  stm32f10x_rcc.o(.text)
    .text                                    0x08001ba0   Section        0  stm32f10x_tim.o(.text)
    TI4_Config                               0x0800202b   Thumb Code   118  stm32f10x_tim.o(.text)
    TI3_Config                               0x080020b3   Thumb Code   114  stm32f10x_tim.o(.text)
    TI2_Config                               0x0800213b   Thumb Code   118  stm32f10x_tim.o(.text)
    TI1_Config                               0x080021c3   Thumb Code   106  stm32f10x_tim.o(.text)
    .text                                    0x08002950   Section        0  stm32f10x_usart.o(.text)
    .text                                    0x08002d5c   Section        0  bsp.o(.text)
    Can_chassis_one_motor_gpio_conf          0x08002e33   Thumb Code    86  bsp.o(.text)
    Can_chassis_one_motor_nvic_conf          0x08002e89   Thumb Code    32  bsp.o(.text)
    Can_chassis_one_motor_init_conf          0x08002ea9   Thumb Code    80  bsp.o(.text)
    Can_chassis_one_motor_filter_conf        0x08002ef9   Thumb Code    74  bsp.o(.text)
    .text                                    0x08003a70   Section        0  robottask.o(.text)
    .text                                    0x08003e14   Section        0  framwork.o(.text)
    .text                                    0x08004090   Section        0  heapauxi.o(.text)
    .text                                    0x08004096   Section       74  sys_stackheap_outer.o(.text)
    .text                                    0x080040e0   Section        0  exit.o(.text)
    .text                                    0x080040ec   Section        8  libspace.o(.text)
    .text                                    0x080040f4   Section        8  rt_fp_status_addr_intlibspace.o(.text)
    .text                                    0x080040fc   Section        0  sys_exit.o(.text)
    .text                                    0x08004108   Section        2  use_no_semi.o(.text)
    .text                                    0x0800410a   Section        0  indicate_semi.o(.text)
    x$fpl$dfix                               0x0800410c   Section       94  dfix.o(x$fpl$dfix)
    x$fpl$dflt                               0x0800416a   Section       46  dflt_clz.o(x$fpl$dflt)
    x$fpl$dmul                               0x08004198   Section      340  dmul.o(x$fpl$dmul)
    x$fpl$dnaninf                            0x080042ec   Section      156  dnaninf.o(x$fpl$dnaninf)
    x$fpl$dretinf                            0x08004388   Section       12  dretinf.o(x$fpl$dretinf)
    x$fpl$fadd                               0x08004394   Section      196  faddsub_clz.o(x$fpl$fadd)
    _fadd1                                   0x080043a3   Thumb Code     0  faddsub_clz.o(x$fpl$fadd)
    x$fpl$fcmpinf                            0x08004458   Section       24  fcmpi.o(x$fpl$fcmpinf)
    x$fpl$feqf                               0x08004470   Section      104  feqf.o(x$fpl$feqf)
    x$fpl$ffix                               0x080044d8   Section       54  ffix.o(x$fpl$ffix)
    x$fpl$fflt                               0x08004510   Section       48  fflt_clz.o(x$fpl$fflt)
    x$fpl$ffltu                              0x08004540   Section       38  fflt_clz.o(x$fpl$ffltu)
    x$fpl$fleqf                              0x08004568   Section      104  fleqf.o(x$fpl$fleqf)
    x$fpl$fmul                               0x080045d0   Section      258  fmul.o(x$fpl$fmul)
    x$fpl$fnaninf                            0x080046d2   Section      140  fnaninf.o(x$fpl$fnaninf)
    x$fpl$fpinit                             0x0800475e   Section       14  fpinit.o(x$fpl$fpinit)
    x$fpl$fretinf                            0x0800476c   Section       10  fretinf.o(x$fpl$fretinf)
    x$fpl$frleqf                             0x08004776   Section       98  frleqf.o(x$fpl$frleqf)
    x$fpl$frsb                               0x080047d8   Section       20  faddsub_clz.o(x$fpl$frsb)
    x$fpl$fsub                               0x080047ec   Section      234  faddsub_clz.o(x$fpl$fsub)
    _fsub1                                   0x080047fb   Thumb Code     0  faddsub_clz.o(x$fpl$fsub)
    x$fpl$usenofp                            0x080048d6   Section        0  usenofp.o(x$fpl$usenofp)
    .data                                    0x20000000   Section       12  stm32f10x_it.o(.data)
    .data                                    0x2000000c   Section       20  system_stm32f10x.o(.data)
    .data                                    0x20000020   Section       20  stm32f10x_rcc.o(.data)
    APBAHBPrescTable                         0x20000020   Data          16  stm32f10x_rcc.o(.data)
    ADCPrescTable                            0x20000030   Data           4  stm32f10x_rcc.o(.data)
    .data                                    0x20000034   Section       48  robottask.o(.data)
    .data                                    0x20000064   Section       26  framwork.o(.data)
    .bss                                     0x20000080   Section       20  stm32f10x_it.o(.bss)
    .bss                                     0x20000094   Section      100  bsp.o(.bss)
    .bss                                     0x200000f8   Section      160  robottask.o(.bss)
    .bss                                     0x20000198   Section       16  framwork.o(.bss)
    .bss                                     0x200001a8   Section       96  libspace.o(.bss)
    HEAP                                     0x20000208   Section      512  startup_stm32f10x_hd.o(HEAP)
    Heap_Mem                                 0x20000208   Data         512  startup_stm32f10x_hd.o(HEAP)
    STACK                                    0x20000408   Section     1024  startup_stm32f10x_hd.o(STACK)
    Stack_Mem                                0x20000408   Data        1024  startup_stm32f10x_hd.o(STACK)
    __initial_sp                             0x20000808   Data           0  startup_stm32f10x_hd.o(STACK)

    Global Symbols

    Symbol Name                              Value     Ov Type        Size  Object(Section)

    BuildAttributes$$THM_ISAv4$P$D$K$B$S$PE$A:L22UL41UL21$X:L11$S22US41US21$IEEE1$IW$USESV6$~STKCKD$USESV7$~SHL$OSPACE$ROPI$EBA8$UX$STANDARDLIB$REQ8$PRES8$EABIv2 0x00000000   Number         0  anon$$obj.o ABSOLUTE
    __ARM_use_no_argv                        0x00000000   Number         0  main.o ABSOLUTE
    __ARM_exceptions_init                     - Undefined Weak Reference
    __alloca_initialize                       - Undefined Weak Reference
    __cpp_initialize__aeabi_                  - Undefined Weak Reference
    __cxa_finalize                            - Undefined Weak Reference
    __rt_locale                               - Undefined Weak Reference
    __sigvec_lookup                           - Undefined Weak Reference
    _atexit_init                              - Undefined Weak Reference
    _call_atexit_fns                          - Undefined Weak Reference
    _clock_init                               - Undefined Weak Reference
    _fp_trap_init                             - Undefined Weak Reference
    _fp_trap_shutdown                         - Undefined Weak Reference
    _get_lc_collate                           - Undefined Weak Reference
    _get_lc_ctype                             - Undefined Weak Reference
    _get_lc_monetary                          - Undefined Weak Reference
    _get_lc_numeric                           - Undefined Weak Reference
    _get_lc_time                              - Undefined Weak Reference
    _getenv_init                              - Undefined Weak Reference
    _handle_redirection                       - Undefined Weak Reference
    _init_alloc                               - Undefined Weak Reference
    _init_user_alloc                          - Undefined Weak Reference
    _initio                                   - Undefined Weak Reference
    _rand_init                                - Undefined Weak Reference
    _signal_finish                            - Undefined Weak Reference
    _signal_init                              - Undefined Weak Reference
    _terminate_alloc                          - Undefined Weak Reference
    _terminate_user_alloc                     - Undefined Weak Reference
    _terminateio                              - Undefined Weak Reference
    __Vectors_Size                           0x00000130   Number         0  startup_stm32f10x_hd.o ABSOLUTE
    __Vectors                                0x08000000   Data           4  startup_stm32f10x_hd.o(RESET)
    __Vectors_End                            0x08000130   Data           0  startup_stm32f10x_hd.o(RESET)
    __main                                   0x08000131   Thumb Code     8  __main.o(!!!main)
    __scatterload                            0x08000139   Thumb Code     0  __scatter.o(!!!scatter)
    __scatterload_rt2                        0x08000139   Thumb Code    44  __scatter.o(!!!scatter)
    __scatterload_rt2_thumb_only             0x08000139   Thumb Code     0  __scatter.o(!!!scatter)
    __scatterload_null                       0x08000147   Thumb Code     0  __scatter.o(!!!scatter)
    __scatterload_copy                       0x0800016d   Thumb Code    26  __scatter_copy.o(!!handler_copy)
    __scatterload_zeroinit                   0x08000189   Thumb Code    28  __scatter_zi.o(!!handler_zi)
    __rt_lib_init                            0x080001a5   Thumb Code     0  libinit.o(.ARM.Collect$$libinit$$00000000)
    __rt_lib_init_alloca_1                   0x080001ab   Thumb Code     0  libinit2.o(.ARM.Collect$$libinit$$0000002A)
    __rt_lib_init_argv_1                     0x080001ab   Thumb Code     0  libinit2.o(.ARM.Collect$$libinit$$00000028)
    __rt_lib_init_atexit_1                   0x080001ab   Thumb Code     0  libinit2.o(.ARM.Collect$$libinit$$00000017)
    __rt_lib_init_clock_1                    0x080001ab   Thumb Code     0  libinit2.o(.ARM.Collect$$libinit$$0000001D)
    __rt_lib_init_cpp_1                      0x080001ab   Thumb Code     0  libinit2.o(.ARM.Collect$$libinit$$0000002E)
    __rt_lib_init_exceptions_1               0x080001ab   Thumb Code     0  libinit2.o(.ARM.Collect$$libinit$$0000002C)
    __rt_lib_init_fp_trap_1                  0x080001ab   Thumb Code     0  libinit2.o(.ARM.Collect$$libinit$$0000001B)
    __rt_lib_init_getenv_1                   0x080001ab   Thumb Code     0  libinit2.o(.ARM.Collect$$libinit$$0000001F)
    __rt_lib_init_heap_1                     0x080001ab   Thumb Code     0  libinit2.o(.ARM.Collect$$libinit$$00000006)
    __rt_lib_init_lc_collate_1               0x080001ab   Thumb Code     0  libinit2.o(.ARM.Collect$$libinit$$0000000D)
    __rt_lib_init_lc_ctype_1                 0x080001ab   Thumb Code     0  libinit2.o(.ARM.Collect$$libinit$$0000000F)
    __rt_lib_init_lc_monetary_1              0x080001ab   Thumb Code     0  libinit2.o(.ARM.Collect$$libinit$$00000011)
    __rt_lib_init_lc_numeric_1               0x080001ab   Thumb Code     0  libinit2.o(.ARM.Collect$$libinit$$00000013)
    __rt_lib_init_lc_time_1                  0x080001ab   Thumb Code     0  libinit2.o(.ARM.Collect$$libinit$$00000015)
    __rt_lib_init_rand_1                     0x080001ab   Thumb Code     0  libinit2.o(.ARM.Collect$$libinit$$0000000A)
    __rt_lib_init_return                     0x080001ab   Thumb Code     0  libinit2.o(.ARM.Collect$$libinit$$0000002F)
    __rt_lib_init_signal_1                   0x080001ab   Thumb Code     0  libinit2.o(.ARM.Collect$$libinit$$00000019)
    __rt_lib_init_stdio_1                    0x080001ab   Thumb Code     0  libinit2.o(.ARM.Collect$$libinit$$00000021)
    __rt_lib_init_user_alloc_1               0x080001ab   Thumb Code     0  libinit2.o(.ARM.Collect$$libinit$$00000008)
    __rt_lib_shutdown                        0x080001ad   Thumb Code     0  libshutdown.o(.ARM.Collect$$libshutdown$$00000000)
    __rt_lib_shutdown_fp_trap_1              0x080001af   Thumb Code     0  libshutdown2.o(.ARM.Collect$$libshutdown$$00000006)
    __rt_lib_shutdown_heap_1                 0x080001af   Thumb Code     0  libshutdown2.o(.ARM.Collect$$libshutdown$$0000000E)
    __rt_lib_shutdown_return                 0x080001af   Thumb Code     0  libshutdown2.o(.ARM.Collect$$libshutdown$$0000000F)
    __rt_lib_shutdown_signal_1               0x080001af   Thumb Code     0  libshutdown2.o(.ARM.Collect$$libshutdown$$00000009)
    __rt_lib_shutdown_stdio_1                0x080001af   Thumb Code     0  libshutdown2.o(.ARM.Collect$$libshutdown$$00000003)
    __rt_lib_shutdown_user_alloc_1           0x080001af   Thumb Code     0  libshutdown2.o(.ARM.Collect$$libshutdown$$0000000B)
    __rt_entry                               0x080001b1   Thumb Code     0  rtentry.o(.ARM.Collect$$rtentry$$00000000)
    __rt_entry_presh_1                       0x080001b1   Thumb Code     0  rtentry2.o(.ARM.Collect$$rtentry$$00000002)
    __rt_entry_sh                            0x080001b1   Thumb Code     0  rtentry4.o(.ARM.Collect$$rtentry$$00000004)
    __rt_entry_li                            0x080001b7   Thumb Code     0  rtentry2.o(.ARM.Collect$$rtentry$$0000000A)
    __rt_entry_postsh_1                      0x080001b7   Thumb Code     0  rtentry2.o(.ARM.Collect$$rtentry$$00000009)
    __rt_entry_main                          0x080001bb   Thumb Code     0  rtentry2.o(.ARM.Collect$$rtentry$$0000000D)
    __rt_entry_postli_1                      0x080001bb   Thumb Code     0  rtentry2.o(.ARM.Collect$$rtentry$$0000000C)
    __rt_exit                                0x080001c3   Thumb Code     0  rtexit.o(.ARM.Collect$$rtexit$$00000000)
    __rt_exit_ls                             0x080001c5   Thumb Code     0  rtexit2.o(.ARM.Collect$$rtexit$$00000003)
    __rt_exit_prels_1                        0x080001c5   Thumb Code     0  rtexit2.o(.ARM.Collect$$rtexit$$00000002)
    __rt_exit_exit                           0x080001c9   Thumb Code     0  rtexit2.o(.ARM.Collect$$rtexit$$00000004)
    main                                     0x080001d1   Thumb Code    42  main.o(.text)
    TIM6_IRQHandler                          0x08000201   Thumb Code    30  stm32f10x_it.o(.text)
    TIM7_IRQHandler                          0x0800021f   Thumb Code   322  stm32f10x_it.o(.text)
    TIM2_IRQHandler                          0x08000361   Thumb Code    50  stm32f10x_it.o(.text)
    TIM3_IRQHandler                          0x08000393   Thumb Code    48  stm32f10x_it.o(.text)
    TIM4_IRQHandler                          0x080003c3   Thumb Code    48  stm32f10x_it.o(.text)
    TIM5_IRQHandler                          0x080003f3   Thumb Code    48  stm32f10x_it.o(.text)
    DMA1_Channel3_IRQHandler                 0x08000423   Thumb Code   242  stm32f10x_it.o(.text)
    NMI_Handler                              0x08000515   Thumb Code     2  stm32f10x_it.o(.text)
    HardFault_Handler                        0x08000517   Thumb Code     4  stm32f10x_it.o(.text)
    MemManage_Handler                        0x0800051b   Thumb Code     4  stm32f10x_it.o(.text)
    BusFault_Handler                         0x0800051f   Thumb Code     4  stm32f10x_it.o(.text)
    UsageFault_Handler                       0x08000523   Thumb Code     4  stm32f10x_it.o(.text)
    SVC_Handler                              0x08000527   Thumb Code     2  stm32f10x_it.o(.text)
    DebugMon_Handler                         0x08000529   Thumb Code     2  stm32f10x_it.o(.text)
    PendSV_Handler                           0x0800052b   Thumb Code     2  stm32f10x_it.o(.text)
    SysTick_Handler                          0x0800052d   Thumb Code     2  stm32f10x_it.o(.text)
    SystemInit                               0x08000649   Thumb Code    78  system_stm32f10x.o(.text)
    SystemCoreClockUpdate                    0x08000697   Thumb Code   142  system_stm32f10x.o(.text)
    Reset_Handler                            0x08000749   Thumb Code     8  startup_stm32f10x_hd.o(.text)
    ADC1_2_IRQHandler                        0x08000763   Thumb Code     0  startup_stm32f10x_hd.o(.text)
    ADC3_IRQHandler                          0x08000763   Thumb Code     0  startup_stm32f10x_hd.o(.text)
    CAN1_RX1_IRQHandler                      0x08000763   Thumb Code     0  startup_stm32f10x_hd.o(.text)
    CAN1_SCE_IRQHandler                      0x08000763   Thumb Code     0  startup_stm32f10x_hd.o(.text)
    DMA1_Channel1_IRQHandler                 0x08000763   Thumb Code     0  startup_stm32f10x_hd.o(.text)
    DMA1_Channel2_IRQHandler                 0x08000763   Thumb Code     0  startup_stm32f10x_hd.o(.text)
    DMA1_Channel4_IRQHandler                 0x08000763   Thumb Code     0  startup_stm32f10x_hd.o(.text)
    DMA1_Channel5_IRQHandler                 0x08000763   Thumb Code     0  startup_stm32f10x_hd.o(.text)
    DMA1_Channel6_IRQHandler                 0x08000763   Thumb Code     0  startup_stm32f10x_hd.o(.text)
    DMA1_Channel7_IRQHandler                 0x08000763   Thumb Code     0  startup_stm32f10x_hd.o(.text)
    DMA2_Channel1_IRQHandler                 0x08000763   Thumb Code     0  startup_stm32f10x_hd.o(.text)
    DMA2_Channel2_IRQHandler                 0x08000763   Thumb Code     0  startup_stm32f10x_hd.o(.text)
    DMA2_Channel3_IRQHandler                 0x08000763   Thumb Code     0  startup_stm32f10x_hd.o(.text)
    DMA2_Channel4_5_IRQHandler               0x08000763   Thumb Code     0  startup_stm32f10x_hd.o(.text)
    EXTI0_IRQHandler                         0x08000763   Thumb Code     0  startup_stm32f10x_hd.o(.text)
    EXTI15_10_IRQHandler                     0x08000763   Thumb Code     0  startup_stm32f10x_hd.o(.text)
    EXTI1_IRQHandler                         0x08000763   Thumb Code     0  startup_stm32f10x_hd.o(.text)
    EXTI2_IRQHandler                         0x08000763   Thumb Code     0  startup_stm32f10x_hd.o(.text)
    EXTI3_IRQHandler                         0x08000763   Thumb Code     0  startup_stm32f10x_hd.o(.text)
    EXTI4_IRQHandler                         0x08000763   Thumb Code     0  startup_stm32f10x_hd.o(.text)
    EXTI9_5_IRQHandler                       0x08000763   Thumb Code     0  startup_stm32f10x_hd.o(.text)
    FLASH_IRQHandler                         0x08000763   Thumb Code     0  startup_stm32f10x_hd.o(.text)
    FSMC_IRQHandler                          0x08000763   Thumb Code     0  startup_stm32f10x_hd.o(.text)
    I2C1_ER_IRQHandler                       0x08000763   Thumb Code     0  startup_stm32f10x_hd.o(.text)
    I2C1_EV_IRQHandler                       0x08000763   Thumb Code     0  startup_stm32f10x_hd.o(.text)
    I2C2_ER_IRQHandler                       0x08000763   Thumb Code     0  startup_stm32f10x_hd.o(.text)
    I2C2_EV_IRQHandler                       0x08000763   Thumb Code     0  startup_stm32f10x_hd.o(.text)
    PVD_IRQHandler                           0x08000763   Thumb Code     0  startup_stm32f10x_hd.o(.text)
    RCC_IRQHandler                           0x08000763   Thumb Code     0  startup_stm32f10x_hd.o(.text)
    RTCAlarm_IRQHandler                      0x08000763   Thumb Code     0  startup_stm32f10x_hd.o(.text)
    RTC_IRQHandler                           0x08000763   Thumb Code     0  startup_stm32f10x_hd.o(.text)
    SDIO_IRQHandler                          0x08000763   Thumb Code     0  startup_stm32f10x_hd.o(.text)
    SPI1_IRQHandler                          0x08000763   Thumb Code     0  startup_stm32f10x_hd.o(.text)
    SPI2_IRQHandler                          0x08000763   Thumb Code     0  startup_stm32f10x_hd.o(.text)
    SPI3_IRQHandler                          0x08000763   Thumb Code     0  startup_stm32f10x_hd.o(.text)
    TAMPER_IRQHandler                        0x08000763   Thumb Code     0  startup_stm32f10x_hd.o(.text)
    TIM1_BRK_IRQHandler                      0x08000763   Thumb Code     0  startup_stm32f10x_hd.o(.text)
    TIM1_CC_IRQHandler                       0x08000763   Thumb Code     0  startup_stm32f10x_hd.o(.text)
    TIM1_TRG_COM_IRQHandler                  0x08000763   Thumb Code     0  startup_stm32f10x_hd.o(.text)
    TIM1_UP_IRQHandler                       0x08000763   Thumb Code     0  startup_stm32f10x_hd.o(.text)
    TIM8_BRK_IRQHandler                      0x08000763   Thumb Code     0  startup_stm32f10x_hd.o(.text)
    TIM8_CC_IRQHandler                       0x08000763   Thumb Code     0  startup_stm32f10x_hd.o(.text)
    TIM8_TRG_COM_IRQHandler                  0x08000763   Thumb Code     0  startup_stm32f10x_hd.o(.text)
    TIM8_UP_IRQHandler                       0x08000763   Thumb Code     0  startup_stm32f10x_hd.o(.text)
    UART4_IRQHandler                         0x08000763   Thumb Code     0  startup_stm32f10x_hd.o(.text)
    UART5_IRQHandler                         0x08000763   Thumb Code     0  startup_stm32f10x_hd.o(.text)
    USART1_IRQHandler                        0x08000763   Thumb Code     0  startup_stm32f10x_hd.o(.text)
    USART2_IRQHandler                        0x08000763   Thumb Code     0  startup_stm32f10x_hd.o(.text)
    USART3_IRQHandler                        0x08000763   Thumb Code     0  startup_stm32f10x_hd.o(.text)
    USBWakeUp_IRQHandler                     0x08000763   Thumb Code     0  startup_stm32f10x_hd.o(.text)
    USB_HP_CAN1_TX_IRQHandler                0x08000763   Thumb Code     0  startup_stm32f10x_hd.o(.text)
    USB_LP_CAN1_RX0_IRQHandler               0x08000763   Thumb Code     0  startup_stm32f10x_hd.o(.text)
    WWDG_IRQHandler                          0x08000763   Thumb Code     0  startup_stm32f10x_hd.o(.text)
    __user_initial_stackheap                 0x08000765   Thumb Code     0  startup_stm32f10x_hd.o(.text)
    NVIC_PriorityGroupConfig                 0x08000789   Thumb Code    10  misc.o(.text)
    NVIC_Init                                0x08000793   Thumb Code   102  misc.o(.text)
    NVIC_SetVectorTable                      0x080007f9   Thumb Code    14  misc.o(.text)
    NVIC_SystemLPConfig                      0x08000807   Thumb Code    34  misc.o(.text)
    SysTick_CLKSourceConfig                  0x08000829   Thumb Code    40  misc.o(.text)
    CAN_DeInit                               0x08000865   Thumb Code    50  stm32f10x_can.o(.text)
    CAN_Init                                 0x08000897   Thumb Code   284  stm32f10x_can.o(.text)
    CAN_FilterInit                           0x080009b3   Thumb Code   258  stm32f10x_can.o(.text)
    CAN_StructInit                           0x08000ab5   Thumb Code    32  stm32f10x_can.o(.text)
    CAN_SlaveStartBank                       0x08000ad5   Thumb Code    48  stm32f10x_can.o(.text)
    CAN_DBGFreeze                            0x08000b05   Thumb Code    22  stm32f10x_can.o(.text)
    CAN_TTComModeCmd                         0x08000b1b   Thumb Code   118  stm32f10x_can.o(.text)
    CAN_Transmit                             0x08000b91   Thumb Code   304  stm32f10x_can.o(.text)
    CAN_TransmitStatus                       0x08000cc1   Thumb Code   138  stm32f10x_can.o(.text)
    CAN_CancelTransmit                       0x08000d4b   Thumb Code    48  stm32f10x_can.o(.text)
    CAN_Receive                              0x08000d7b   Thumb Code   240  stm32f10x_can.o(.text)
    CAN_FIFORelease                          0x08000e6b   Thumb Code    22  stm32f10x_can.o(.text)
    CAN_MessagePending                       0x08000e81   Thumb Code    30  stm32f10x_can.o(.text)
    CAN_OperatingModeRequest                 0x08000e9f   Thumb Code   162  stm32f10x_can.o(.text)
    CAN_Sleep                                0x08000f41   Thumb Code    30  stm32f10x_can.o(.text)
    CAN_WakeUp                               0x08000f5f   Thumb Code    48  stm32f10x_can.o(.text)
    CAN_GetLastErrorCode                     0x08000f8f   Thumb Code    12  stm32f10x_can.o(.text)
    CAN_GetReceiveErrorCounter               0x08000f9b   Thumb Code    10  stm32f10x_can.o(.text)
    CAN_GetLSBTransmitErrorCounter           0x08000fa5   Thumb Code    12  stm32f10x_can.o(.text)
    CAN_ITConfig                             0x08000fb1   Thumb Code    18  stm32f10x_can.o(.text)
    CAN_GetFlagStatus                        0x08000fc3   Thumb Code   120  stm32f10x_can.o(.text)
    CAN_ClearFlag                            0x0800103b   Thumb Code    52  stm32f10x_can.o(.text)
    CAN_GetITStatus                          0x0800107f   Thumb Code   308  stm32f10x_can.o(.text)
    CAN_ClearITPendingBit                    0x080011b3   Thumb Code   162  stm32f10x_can.o(.text)
    DMA_DeInit                               0x08001259   Thumb Code   324  stm32f10x_dma.o(.text)
    DMA_Init                                 0x0800139d   Thumb Code    60  stm32f10x_dma.o(.text)
    DMA_StructInit                           0x080013d9   Thumb Code    26  stm32f10x_dma.o(.text)
    DMA_Cmd                                  0x080013f3   Thumb Code    24  stm32f10x_dma.o(.text)
    DMA_ITConfig                             0x0800140b   Thumb Code    18  stm32f10x_dma.o(.text)
    DMA_SetCurrDataCounter                   0x0800141d   Thumb Code     4  stm32f10x_dma.o(.text)
    DMA_GetCurrDataCounter                   0x08001421   Thumb Code     8  stm32f10x_dma.o(.text)
    DMA_GetFlagStatus                        0x08001429   Thumb Code    38  stm32f10x_dma.o(.text)
    DMA_ClearFlag                            0x0800144f   Thumb Code    22  stm32f10x_dma.o(.text)
    DMA_GetITStatus                          0x08001465   Thumb Code    38  stm32f10x_dma.o(.text)
    DMA_ClearITPendingBit                    0x0800148b   Thumb Code    22  stm32f10x_dma.o(.text)
    GPIO_DeInit                              0x080014a9   Thumb Code   172  stm32f10x_gpio.o(.text)
    GPIO_AFIODeInit                          0x08001555   Thumb Code    20  stm32f10x_gpio.o(.text)
    GPIO_Init                                0x08001569   Thumb Code   274  stm32f10x_gpio.o(.text)
    GPIO_StructInit                          0x0800167b   Thumb Code    16  stm32f10x_gpio.o(.text)
    GPIO_ReadInputDataBit                    0x0800168b   Thumb Code    18  stm32f10x_gpio.o(.text)
    GPIO_ReadInputData                       0x0800169d   Thumb Code     8  stm32f10x_gpio.o(.text)
    GPIO_ReadOutputDataBit                   0x080016a5   Thumb Code    18  stm32f10x_gpio.o(.text)
    GPIO_ReadOutputData                      0x080016b7   Thumb Code     8  stm32f10x_gpio.o(.text)
    GPIO_SetBits                             0x080016bf   Thumb Code     4  stm32f10x_gpio.o(.text)
    GPIO_ResetBits                           0x080016c3   Thumb Code     4  stm32f10x_gpio.o(.text)
    GPIO_WriteBit                            0x080016c7   Thumb Code    10  stm32f10x_gpio.o(.text)
    GPIO_Write                               0x080016d1   Thumb Code     4  stm32f10x_gpio.o(.text)
    GPIO_PinLockConfig                       0x080016d5   Thumb Code    18  stm32f10x_gpio.o(.text)
    GPIO_EventOutputConfig                   0x080016e7   Thumb Code    26  stm32f10x_gpio.o(.text)
    GPIO_EventOutputCmd                      0x08001701   Thumb Code     6  stm32f10x_gpio.o(.text)
    GPIO_PinRemapConfig                      0x08001707   Thumb Code   138  stm32f10x_gpio.o(.text)
    GPIO_EXTILineConfig                      0x08001791   Thumb Code    66  stm32f10x_gpio.o(.text)
    GPIO_ETH_MediaInterfaceConfig            0x080017d3   Thumb Code     6  stm32f10x_gpio.o(.text)
    RCC_DeInit                               0x08001801   Thumb Code    64  stm32f10x_rcc.o(.text)
    RCC_HSEConfig                            0x08001841   Thumb Code    70  stm32f10x_rcc.o(.text)
    RCC_GetFlagStatus                        0x08001887   Thumb Code    56  stm32f10x_rcc.o(.text)
    RCC_WaitForHSEStartUp                    0x080018bf   Thumb Code    48  stm32f10x_rcc.o(.text)
    RCC_AdjustHSICalibrationValue            0x080018ef   Thumb Code    20  stm32f10x_rcc.o(.text)
    RCC_HSICmd                               0x08001903   Thumb Code     6  stm32f10x_rcc.o(.text)
    RCC_PLLConfig                            0x08001909   Thumb Code    24  stm32f10x_rcc.o(.text)
    RCC_PLLCmd                               0x08001921   Thumb Code     6  stm32f10x_rcc.o(.text)
    RCC_SYSCLKConfig                         0x08001927   Thumb Code    18  stm32f10x_rcc.o(.text)
    RCC_GetSYSCLKSource                      0x08001939   Thumb Code    10  stm32f10x_rcc.o(.text)
    RCC_HCLKConfig                           0x08001943   Thumb Code    18  stm32f10x_rcc.o(.text)
    RCC_PCLK1Config                          0x08001955   Thumb Code    18  stm32f10x_rcc.o(.text)
    RCC_PCLK2Config                          0x08001967   Thumb Code    20  stm32f10x_rcc.o(.text)
    RCC_ITConfig                             0x0800197b   Thumb Code    30  stm32f10x_rcc.o(.text)
    RCC_USBCLKConfig                         0x08001999   Thumb Code     6  stm32f10x_rcc.o(.text)
    RCC_ADCCLKConfig                         0x0800199f   Thumb Code    18  stm32f10x_rcc.o(.text)
    RCC_LSEConfig                            0x080019b1   Thumb Code    44  stm32f10x_rcc.o(.text)
    RCC_LSICmd                               0x080019dd   Thumb Code     6  stm32f10x_rcc.o(.text)
    RCC_RTCCLKConfig                         0x080019e3   Thumb Code    12  stm32f10x_rcc.o(.text)
    RCC_RTCCLKCmd                            0x080019ef   Thumb Code     8  stm32f10x_rcc.o(.text)
    RCC_GetClocksFreq                        0x080019f7   Thumb Code   192  stm32f10x_rcc.o(.text)
    RCC_AHBPeriphClockCmd                    0x08001ab7   Thumb Code    26  stm32f10x_rcc.o(.text)
    RCC_APB2PeriphClockCmd                   0x08001ad1   Thumb Code    26  stm32f10x_rcc.o(.text)
    RCC_APB1PeriphClockCmd                   0x08001aeb   Thumb Code    26  stm32f10x_rcc.o(.text)
    RCC_APB2PeriphResetCmd                   0x08001b05   Thumb Code    26  stm32f10x_rcc.o(.text)
    RCC_APB1PeriphResetCmd                   0x08001b1f   Thumb Code    26  stm32f10x_rcc.o(.text)
    RCC_BackupResetCmd                       0x08001b39   Thumb Code     8  stm32f10x_rcc.o(.text)
    RCC_ClockSecuritySystemCmd               0x08001b41   Thumb Code     6  stm32f10x_rcc.o(.text)
    RCC_MCOConfig                            0x08001b47   Thumb Code     6  stm32f10x_rcc.o(.text)
    RCC_ClearFlag                            0x08001b4d   Thumb Code    14  stm32f10x_rcc.o(.text)
    RCC_GetITStatus                          0x08001b5b   Thumb Code    20  stm32f10x_rcc.o(.text)
    RCC_ClearITPendingBit                    0x08001b6f   Thumb Code     6  stm32f10x_rcc.o(.text)
    TIM_DeInit                               0x08001ba1   Thumb Code   424  stm32f10x_tim.o(.text)
    TIM_TimeBaseInit                         0x08001d49   Thumb Code   122  stm32f10x_tim.o(.text)
    TIM_OC1Init                              0x08001dc3   Thumb Code   132  stm32f10x_tim.o(.text)
    TIM_OC2Init                              0x08001e47   Thumb Code   146  stm32f10x_tim.o(.text)
    TIM_OC3Init                              0x08001ed9   Thumb Code   142  stm32f10x_tim.o(.text)
    TIM_OC4Init                              0x08001f67   Thumb Code   174  stm32f10x_tim.o(.text)
    TIM_SetIC4Prescaler                      0x08002015   Thumb Code    22  stm32f10x_tim.o(.text)
    TIM_SetIC3Prescaler                      0x080020a1   Thumb Code    18  stm32f10x_tim.o(.text)
    TIM_SetIC2Prescaler                      0x08002125   Thumb Code    22  stm32f10x_tim.o(.text)
    TIM_SetIC1Prescaler                      0x080021b1   Thumb Code    18  stm32f10x_tim.o(.text)
    TIM_ICInit                               0x0800222d   Thumb Code   150  stm32f10x_tim.o(.text)
    TIM_PWMIConfig                           0x080022c3   Thumb Code   124  stm32f10x_tim.o(.text)
    TIM_BDTRConfig                           0x0800233f   Thumb Code    32  stm32f10x_tim.o(.text)
    TIM_TimeBaseStructInit                   0x0800235f   Thumb Code    18  stm32f10x_tim.o(.text)
    TIM_OCStructInit                         0x08002371   Thumb Code    20  stm32f10x_tim.o(.text)
    TIM_ICStructInit                         0x08002385   Thumb Code    18  stm32f10x_tim.o(.text)
    TIM_BDTRStructInit                       0x08002397   Thumb Code    18  stm32f10x_tim.o(.text)
    TIM_Cmd                                  0x080023a9   Thumb Code    24  stm32f10x_tim.o(.text)
    TIM_CtrlPWMOutputs                       0x080023c1   Thumb Code    50  stm32f10x_tim.o(.text)
    TIM_ITConfig                             0x080023f3   Thumb Code    24  stm32f10x_tim.o(.text)
    TIM_GenerateEvent                        0x0800240b   Thumb Code     4  stm32f10x_tim.o(.text)
    TIM_DMAConfig                            0x0800240f   Thumb Code    10  stm32f10x_tim.o(.text)
    TIM_DMACmd                               0x08002419   Thumb Code    24  stm32f10x_tim.o(.text)
    TIM_InternalClockConfig                  0x08002431   Thumb Code    12  stm32f10x_tim.o(.text)
    TIM_SelectInputTrigger                   0x0800243d   Thumb Code    18  stm32f10x_tim.o(.text)
    TIM_ITRxExternalClockConfig              0x0800244f   Thumb Code    24  stm32f10x_tim.o(.text)
    TIM_TIxExternalClockConfig               0x08002467   Thumb Code    62  stm32f10x_tim.o(.text)
    TIM_ETRConfig                            0x080024a5   Thumb Code    24  stm32f10x_tim.o(.text)
    TIM_ETRClockMode1Config                  0x080024bd   Thumb Code    54  stm32f10x_tim.o(.text)
    TIM_ETRClockMode2Config                  0x080024f3   Thumb Code    32  stm32f10x_tim.o(.text)
    TIM_PrescalerConfig                      0x08002513   Thumb Code     6  stm32f10x_tim.o(.text)
    TIM_CounterModeConfig                    0x08002519   Thumb Code    18  stm32f10x_tim.o(.text)
    TIM_EncoderInterfaceConfig               0x0800252b   Thumb Code    62  stm32f10x_tim.o(.text)
    TIM_ForcedOC1Config                      0x08002569   Thumb Code    18  stm32f10x_tim.o(.text)
    TIM_ForcedOC2Config                      0x0800257b   Thumb Code    22  stm32f10x_tim.o(.text)
    TIM_ForcedOC3Config                      0x08002591   Thumb Code    18  stm32f10x_tim.o(.text)
    TIM_ForcedOC4Config                      0x080025a3   Thumb Code    22  stm32f10x_tim.o(.text)
    TIM_ARRPreloadConfig                     0x080025b9   Thumb Code    24  stm32f10x_tim.o(.text)
    TIM_SelectCOM                            0x080025d1   Thumb Code    24  stm32f10x_tim.o(.text)
    TIM_SelectCCDMA                          0x080025e9   Thumb Code    24  stm32f10x_tim.o(.text)
    TIM_CCPreloadControl                     0x08002601   Thumb Code    24  stm32f10x_tim.o(.text)
    TIM_OC1PreloadConfig                     0x08002619   Thumb Code    18  stm32f10x_tim.o(.text)
    TIM_OC2PreloadConfig                     0x0800262b   Thumb Code    22  stm32f10x_tim.o(.text)
    TIM_OC3PreloadConfig                     0x08002641   Thumb Code    18  stm32f10x_tim.o(.text)
    TIM_OC4PreloadConfig                     0x08002653   Thumb Code    22  stm32f10x_tim.o(.text)
    TIM_OC1FastConfig                        0x08002669   Thumb Code    18  stm32f10x_tim.o(.text)
    TIM_OC2FastConfig                        0x0800267b   Thumb Code    22  stm32f10x_tim.o(.text)
    TIM_OC3FastConfig                        0x08002691   Thumb Code    18  stm32f10x_tim.o(.text)
    TIM_OC4FastConfig                        0x080026a3   Thumb Code    22  stm32f10x_tim.o(.text)
    TIM_ClearOC1Ref                          0x080026b9   Thumb Code    18  stm32f10x_tim.o(.text)
    TIM_ClearOC2Ref                          0x080026cb   Thumb Code    20  stm32f10x_tim.o(.text)
    TIM_ClearOC3Ref                          0x080026df   Thumb Code    18  stm32f10x_tim.o(.text)
    TIM_ClearOC4Ref                          0x080026f1   Thumb Code    20  stm32f10x_tim.o(.text)
    TIM_OC1PolarityConfig                    0x08002705   Thumb Code    18  stm32f10x_tim.o(.text)
    TIM_OC1NPolarityConfig                   0x08002717   Thumb Code    18  stm32f10x_tim.o(.text)
    TIM_OC2PolarityConfig                    0x08002729   Thumb Code    22  stm32f10x_tim.o(.text)
    TIM_OC2NPolarityConfig                   0x0800273f   Thumb Code    22  stm32f10x_tim.o(.text)
    TIM_OC3PolarityConfig                    0x08002755   Thumb Code    22  stm32f10x_tim.o(.text)
    TIM_OC3NPolarityConfig                   0x0800276b   Thumb Code    22  stm32f10x_tim.o(.text)
    TIM_OC4PolarityConfig                    0x08002781   Thumb Code    22  stm32f10x_tim.o(.text)
    TIM_CCxCmd                               0x08002797   Thumb Code    34  stm32f10x_tim.o(.text)
    TIM_CCxNCmd                              0x080027b9   Thumb Code    34  stm32f10x_tim.o(.text)
    TIM_SelectOCxM                           0x080027db   Thumb Code    82  stm32f10x_tim.o(.text)
    TIM_UpdateDisableConfig                  0x0800282d   Thumb Code    24  stm32f10x_tim.o(.text)
    TIM_UpdateRequestConfig                  0x08002845   Thumb Code    24  stm32f10x_tim.o(.text)
    TIM_SelectHallSensor                     0x0800285d   Thumb Code    24  stm32f10x_tim.o(.text)
    TIM_SelectOnePulseMode                   0x08002875   Thumb Code    18  stm32f10x_tim.o(.text)
    TIM_SelectOutputTrigger                  0x08002887   Thumb Code    18  stm32f10x_tim.o(.text)
    TIM_SelectSlaveMode                      0x08002899   Thumb Code    18  stm32f10x_tim.o(.text)
    TIM_SelectMasterSlaveMode                0x080028ab   Thumb Code    18  stm32f10x_tim.o(.text)
    TIM_SetCounter                           0x080028bd   Thumb Code     4  stm32f10x_tim.o(.text)
    TIM_SetAutoreload                        0x080028c1   Thumb Code     4  stm32f10x_tim.o(.text)
    TIM_SetCompare1                          0x080028c5   Thumb Code     4  stm32f10x_tim.o(.text)
    TIM_SetCompare2                          0x080028c9   Thumb Code     4  stm32f10x_tim.o(.text)
    TIM_SetCompare3                          0x080028cd   Thumb Code     4  stm32f10x_tim.o(.text)
    TIM_SetCompare4                          0x080028d1   Thumb Code     6  stm32f10x_tim.o(.text)
    TIM_SetClockDivision                     0x080028d7   Thumb Code    18  stm32f10x_tim.o(.text)
    TIM_GetCapture1                          0x080028e9   Thumb Code     6  stm32f10x_tim.o(.text)
    TIM_GetCapture2                          0x080028ef   Thumb Code     6  stm32f10x_tim.o(.text)
    TIM_GetCapture3                          0x080028f5   Thumb Code     6  stm32f10x_tim.o(.text)
    TIM_GetCapture4                          0x080028fb   Thumb Code     8  stm32f10x_tim.o(.text)
    TIM_GetCounter                           0x08002903   Thumb Code     6  stm32f10x_tim.o(.text)
    TIM_GetPrescaler                         0x08002909   Thumb Code     6  stm32f10x_tim.o(.text)
    TIM_GetFlagStatus                        0x0800290f   Thumb Code    18  stm32f10x_tim.o(.text)
    TIM_ClearFlag                            0x08002921   Thumb Code     6  stm32f10x_tim.o(.text)
    TIM_GetITStatus                          0x08002927   Thumb Code    34  stm32f10x_tim.o(.text)
    TIM_ClearITPendingBit                    0x08002949   Thumb Code     6  stm32f10x_tim.o(.text)
    USART_DeInit                             0x08002951   Thumb Code   134  stm32f10x_usart.o(.text)
    USART_Init                               0x080029d7   Thumb Code   210  stm32f10x_usart.o(.text)
    USART_StructInit                         0x08002aa9   Thumb Code    24  stm32f10x_usart.o(.text)
    USART_ClockInit                          0x08002ac1   Thumb Code    34  stm32f10x_usart.o(.text)
    USART_ClockStructInit                    0x08002ae3   Thumb Code    12  stm32f10x_usart.o(.text)
    USART_Cmd                                0x08002aef   Thumb Code    24  stm32f10x_usart.o(.text)
    USART_ITConfig                           0x08002b07   Thumb Code    74  stm32f10x_usart.o(.text)
    USART_DMACmd                             0x08002b51   Thumb Code    24  stm32f10x_usart.o(.text)
    USART_SetAddress                         0x08002b69   Thumb Code    18  stm32f10x_usart.o(.text)
    USART_WakeUpConfig                       0x08002b7b   Thumb Code    18  stm32f10x_usart.o(.text)
    USART_ReceiverWakeUpCmd                  0x08002b8d   Thumb Code    24  stm32f10x_usart.o(.text)
    USART_LINBreakDetectLengthConfig         0x08002ba5   Thumb Code    18  stm32f10x_usart.o(.text)
    USART_LINCmd                             0x08002bb7   Thumb Code    24  stm32f10x_usart.o(.text)
    USART_SendData                           0x08002bcf   Thumb Code     8  stm32f10x_usart.o(.text)
    USART_ReceiveData                        0x08002bd7   Thumb Code    10  stm32f10x_usart.o(.text)
    USART_SendBreak                          0x08002be1   Thumb Code    10  stm32f10x_usart.o(.text)
    USART_SetGuardTime                       0x08002beb   Thumb Code    16  stm32f10x_usart.o(.text)
    USART_SetPrescaler                       0x08002bfb   Thumb Code    16  stm32f10x_usart.o(.text)
    USART_SmartCardCmd                       0x08002c0b   Thumb Code    24  stm32f10x_usart.o(.text)
    USART_SmartCardNACKCmd                   0x08002c23   Thumb Code    24  stm32f10x_usart.o(.text)
    USART_HalfDuplexCmd                      0x08002c3b   Thumb Code    24  stm32f10x_usart.o(.text)
    USART_OverSampling8Cmd                   0x08002c53   Thumb Code    22  stm32f10x_usart.o(.text)
    USART_OneBitMethodCmd                    0x08002c69   Thumb Code    24  stm32f10x_usart.o(.text)
    USART_IrDAConfig                         0x08002c81   Thumb Code    18  stm32f10x_usart.o(.text)
    USART_IrDACmd                            0x08002c93   Thumb Code    24  stm32f10x_usart.o(.text)
    USART_GetFlagStatus                      0x08002cab   Thumb Code    26  stm32f10x_usart.o(.text)
    USART_ClearFlag                          0x08002cc5   Thumb Code    18  stm32f10x_usart.o(.text)
    USART_GetITStatus                        0x08002cd7   Thumb Code    84  stm32f10x_usart.o(.text)
    USART_ClearITPendingBit                  0x08002d2b   Thumb Code    50  stm32f10x_usart.o(.text)
    NVIC_Configuration                       0x08002d5d   Thumb Code   214  bsp.o(.text)
    Can_chassis_one_motor_conf               0x08002f43   Thumb Code    16  bsp.o(.text)
    CAN_SetMsg                               0x08002f53   Thumb Code    52  bsp.o(.text)
    TIM1_Configuration                       0x08002f87   Thumb Code   208  bsp.o(.text)
    TIM8_Configuration                       0x08003057   Thumb Code   208  bsp.o(.text)
    TIM2_Configuration                       0x08003127   Thumb Code   230  bsp.o(.text)
    TIM3_Configuration                       0x0800320d   Thumb Code   212  bsp.o(.text)
    TIM4_Configuration                       0x080032e1   Thumb Code   174  bsp.o(.text)
    TIM5_Configuration                       0x0800338f   Thumb Code   174  bsp.o(.text)
    TIM6_Configuration                       0x0800343d   Thumb Code    74  bsp.o(.text)
    TIM7_Configuration                       0x08003487   Thumb Code    74  bsp.o(.text)
    TIM_Configuration                        0x080034d1   Thumb Code    36  bsp.o(.text)
    MotorSpeedSetOne                         0x080034f5   Thumb Code    60  bsp.o(.text)
    MotorSpeedSetTwo                         0x08003531   Thumb Code    64  bsp.o(.text)
    MotorSpeedSetThr                         0x08003571   Thumb Code    60  bsp.o(.text)
    MotorSpeedSetFou                         0x080035ad   Thumb Code    64  bsp.o(.text)
    Led_Configuration                        0x080035ed   Thumb Code    70  bsp.o(.text)
    Systick_Configuration                    0x08003633   Thumb Code    12  bsp.o(.text)
    SysDelay_ms                              0x0800363f   Thumb Code   102  bsp.o(.text)
    SysDelay_us                              0x080036a5   Thumb Code    56  bsp.o(.text)
    USART3_Config                            0x080036dd   Thumb Code    88  bsp.o(.text)
    DMA_Config                               0x08003735   Thumb Code    88  bsp.o(.text)
    BSP_Configuration                        0x0800378d   Thumb Code    42  bsp.o(.text)
    Get_Encoder_ONE                          0x080037b7   Thumb Code   160  bsp.o(.text)
    Get_Encoder_TWO                          0x08003857   Thumb Code   158  bsp.o(.text)
    Get_Encoder_THR                          0x080038f5   Thumb Code   158  bsp.o(.text)
    Get_Encoder_FOU                          0x08003993   Thumb Code   158  bsp.o(.text)
    BFP_Configuration                        0x08003a31   Thumb Code    20  bsp.o(.text)
    PID_AbsoluteMode                         0x08003a71   Thumb Code   206  robottask.o(.text)
    PID_IncrementMode                        0x08003b3f   Thumb Code   204  robottask.o(.text)
    PidSpeedControlOne                       0x08003c0b   Thumb Code   112  robottask.o(.text)
    PidSpeedControlTwo                       0x08003c7b   Thumb Code   112  robottask.o(.text)
    PidSpeedControlThr                       0x08003ceb   Thumb Code   112  robottask.o(.text)
    PidSpeedControlFou                       0x08003d5b   Thumb Code   112  robottask.o(.text)
    DevelopmentFramwork                      0x08003e15   Thumb Code   608  framwork.o(.text)
    __use_two_region_memory                  0x08004091   Thumb Code     2  heapauxi.o(.text)
    __rt_heap_escrow$2region                 0x08004093   Thumb Code     2  heapauxi.o(.text)
    __rt_heap_expand$2region                 0x08004095   Thumb Code     2  heapauxi.o(.text)
    __user_setup_stackheap                   0x08004097   Thumb Code    74  sys_stackheap_outer.o(.text)
    exit                                     0x080040e1   Thumb Code    12  exit.o(.text)
    __user_libspace                          0x080040ed   Thumb Code     8  libspace.o(.text)
    __user_perproc_libspace                  0x080040ed   Thumb Code     0  libspace.o(.text)
    __user_perthread_libspace                0x080040ed   Thumb Code     0  libspace.o(.text)
    __rt_fp_status_addr                      0x080040f5   Thumb Code     8  rt_fp_status_addr_intlibspace.o(.text)
    _sys_exit                                0x080040fd   Thumb Code     8  sys_exit.o(.text)
    __I$use$semihosting                      0x08004109   Thumb Code     0  use_no_semi.o(.text)
    __use_no_semihosting_swi                 0x08004109   Thumb Code     2  use_no_semi.o(.text)
    __semihosting_library_function           0x0800410b   Thumb Code     0  indicate_semi.o(.text)
    __aeabi_d2iz                             0x0800410d   Thumb Code     0  dfix.o(x$fpl$dfix)
    _dfix                                    0x0800410d   Thumb Code    94  dfix.o(x$fpl$dfix)
    __aeabi_i2d                              0x0800416b   Thumb Code     0  dflt_clz.o(x$fpl$dflt)
    _dflt                                    0x0800416b   Thumb Code    46  dflt_clz.o(x$fpl$dflt)
    __aeabi_dmul                             0x08004199   Thumb Code     0  dmul.o(x$fpl$dmul)
    _dmul                                    0x08004199   Thumb Code   332  dmul.o(x$fpl$dmul)
    __fpl_dnaninf                            0x080042ed   Thumb Code   156  dnaninf.o(x$fpl$dnaninf)
    __fpl_dretinf                            0x08004389   Thumb Code    12  dretinf.o(x$fpl$dretinf)
    __aeabi_fadd                             0x08004395   Thumb Code     0  faddsub_clz.o(x$fpl$fadd)
    _fadd                                    0x08004395   Thumb Code   196  faddsub_clz.o(x$fpl$fadd)
    __fpl_fcmp_Inf                           0x08004459   Thumb Code    24  fcmpi.o(x$fpl$fcmpinf)
    __aeabi_cfcmpeq                          0x08004471   Thumb Code     0  feqf.o(x$fpl$feqf)
    _fcmpeq                                  0x08004471   Thumb Code   104  feqf.o(x$fpl$feqf)
    __aeabi_f2iz                             0x080044d9   Thumb Code     0  ffix.o(x$fpl$ffix)
    _ffix                                    0x080044d9   Thumb Code    54  ffix.o(x$fpl$ffix)
    __aeabi_i2f                              0x08004511   Thumb Code     0  fflt_clz.o(x$fpl$fflt)
    _fflt                                    0x08004511   Thumb Code    48  fflt_clz.o(x$fpl$fflt)
    __aeabi_ui2f                             0x08004541   Thumb Code     0  fflt_clz.o(x$fpl$ffltu)
    _ffltu                                   0x08004541   Thumb Code    38  fflt_clz.o(x$fpl$ffltu)
    __aeabi_cfcmple                          0x08004569   Thumb Code     0  fleqf.o(x$fpl$fleqf)
    _fcmple                                  0x08004569   Thumb Code   104  fleqf.o(x$fpl$fleqf)
    __fpl_fcmple_InfNaN                      0x080045bb   Thumb Code     0  fleqf.o(x$fpl$fleqf)
    __aeabi_fmul                             0x080045d1   Thumb Code     0  fmul.o(x$fpl$fmul)
    _fmul                                    0x080045d1   Thumb Code   258  fmul.o(x$fpl$fmul)
    __fpl_fnaninf                            0x080046d3   Thumb Code   140  fnaninf.o(x$fpl$fnaninf)
    _fp_init                                 0x0800475f   Thumb Code    14  fpinit.o(x$fpl$fpinit)
    __fplib_config_pureend_doubles           0x0800476b   Thumb Code     0  fpinit.o(x$fpl$fpinit)
    __fpl_fretinf                            0x0800476d   Thumb Code    10  fretinf.o(x$fpl$fretinf)
    __aeabi_cfrcmple                         0x08004777   Thumb Code     0  frleqf.o(x$fpl$frleqf)
    _frcmple                                 0x08004777   Thumb Code    98  frleqf.o(x$fpl$frleqf)
    __aeabi_frsub                            0x080047d9   Thumb Code     0  faddsub_clz.o(x$fpl$frsb)
    _frsb                                    0x080047d9   Thumb Code    20  faddsub_clz.o(x$fpl$frsb)
    __aeabi_fsub                             0x080047ed   Thumb Code     0  faddsub_clz.o(x$fpl$fsub)
    _fsub                                    0x080047ed   Thumb Code   234  faddsub_clz.o(x$fpl$fsub)
    __I$use$fp                               0x080048d7   Thumb Code     0  usenofp.o(x$fpl$usenofp)
    Region$$Table$$Base                      0x080048d8   Number         0  anon$$obj.o(Region$$Table)
    Region$$Table$$Limit                     0x080048f8   Number         0  anon$$obj.o(Region$$Table)
    fuhao                                    0x20000000   Data           4  stm32f10x_it.o(.data)
    vlaue                                    0x20000004   Data           4  stm32f10x_it.o(.data)
    shubiao_time                             0x20000008   Data           4  stm32f10x_it.o(.data)
    SystemCoreClock                          0x2000000c   Data           4  system_stm32f10x.o(.data)
    AHBPrescTable                            0x20000010   Data          16  system_stm32f10x.o(.data)
    SpeedTagOne                              0x20000034   Data           4  robottask.o(.data)
    SpeedNowOne                              0x20000038   Data           4  robottask.o(.data)
    SpeedControlOne                          0x2000003c   Data           4  robottask.o(.data)
    SpeedTagTwo                              0x20000040   Data           4  robottask.o(.data)
    SpeedNowTwo                              0x20000044   Data           4  robottask.o(.data)
    SpeedControlTwo                          0x20000048   Data           4  robottask.o(.data)
    SpeedTagThr                              0x2000004c   Data           4  robottask.o(.data)
    SpeedNowThr                              0x20000050   Data           4  robottask.o(.data)
    SpeedControlThr                          0x20000054   Data           4  robottask.o(.data)
    SpeedTagFou                              0x20000058   Data           4  robottask.o(.data)
    SpeedNowFou                              0x2000005c   Data           4  robottask.o(.data)
    SpeedControlFou                          0x20000060   Data           4  robottask.o(.data)
    mode                                     0x20000064   Data           1  framwork.o(.data)
    VxNew                                    0x20000066   Data           2  framwork.o(.data)
    VyNew                                    0x20000068   Data           2  framwork.o(.data)
    VoNew                                    0x2000006a   Data           2  framwork.o(.data)
    Vx                                       0x2000006c   Data           2  framwork.o(.data)
    Vy                                       0x2000006e   Data           2  framwork.o(.data)
    Vo                                       0x20000070   Data           2  framwork.o(.data)
    VxNow                                    0x20000072   Data           2  framwork.o(.data)
    VyNow                                    0x20000074   Data           2  framwork.o(.data)
    VoNow                                    0x20000076   Data           2  framwork.o(.data)
    VxOld                                    0x20000078   Data           2  framwork.o(.data)
    VyOld                                    0x2000007a   Data           2  framwork.o(.data)
    VoOld                                    0x2000007c   Data           2  framwork.o(.data)
    tx_message                               0x20000080   Data          20  stm32f10x_it.o(.bss)
    chassis_one_motor_txm                    0x20000094   Data          20  bsp.o(.bss)
    sbus_rx_buffer                           0x200000a8   Data          18  bsp.o(.bss)
    RC_Ctl                                   0x200000ba   Data          20  bsp.o(.bss)
    GetEncoder                               0x200000d0   Data          40  bsp.o(.bss)
    PidSpeedTypeOne                          0x200000f8   Data          40  robottask.o(.bss)
    PidSpeedTypeTwo                          0x20000120   Data          40  robottask.o(.bss)
    PidSpeedTypeThr                          0x20000148   Data          40  robottask.o(.bss)
    PidSpeedTypeFou                          0x20000170   Data          40  robottask.o(.bss)
    MotorControl                             0x20000198   Data          16  framwork.o(.bss)
    __libspace_start                         0x200001a8   Data          96  libspace.o(.bss)
    __temporary_stack_top$libspace           0x20000208   Data           0  libspace.o(.bss)



==============================================================================

Memory Map of the image

  Image Entry point : 0x08000131

  Load Region LR_IROM1 (Base: 0x08000000, Size: 0x00004978, Max: 0x00040000, ABSOLUTE)

    Execution Region ER_IROM1 (Base: 0x08000000, Size: 0x000048f8, Max: 0x00040000, ABSOLUTE)

    Base Addr    Size         Type   Attr      Idx    E Section Name        Object

    0x08000000   0x00000130   Data   RO          195    RESET               startup_stm32f10x_hd.o
    0x08000130   0x00000008   Code   RO          633  * !!!main             c_w.l(__main.o)
    0x08000138   0x00000034   Code   RO          837    !!!scatter          c_w.l(__scatter.o)
    0x0800016c   0x0000001a   Code   RO          839    !!handler_copy      c_w.l(__scatter_copy.o)
    0x08000186   0x00000002   PAD
    0x08000188   0x0000001c   Code   RO          841    !!handler_zi        c_w.l(__scatter_zi.o)
    0x080001a4   0x00000006   Code   RO          707    .ARM.Collect$$libinit$$00000000  c_w.l(libinit.o)
    0x080001aa   0x00000000   Code   RO          715    .ARM.Collect$$libinit$$00000006  c_w.l(libinit2.o)
    0x080001aa   0x00000000   Code   RO          717    .ARM.Collect$$libinit$$00000008  c_w.l(libinit2.o)
    0x080001aa   0x00000000   Code   RO          719    .ARM.Collect$$libinit$$0000000A  c_w.l(libinit2.o)
    0x080001aa   0x00000000   Code   RO          722    .ARM.Collect$$libinit$$0000000D  c_w.l(libinit2.o)
    0x080001aa   0x00000000   Code   RO          724    .ARM.Collect$$libinit$$0000000F  c_w.l(libinit2.o)
    0x080001aa   0x00000000   Code   RO          726    .ARM.Collect$$libinit$$00000011  c_w.l(libinit2.o)
    0x080001aa   0x00000000   Code   RO          728    .ARM.Collect$$libinit$$00000013  c_w.l(libinit2.o)
    0x080001aa   0x00000000   Code   RO          730    .ARM.Collect$$libinit$$00000015  c_w.l(libinit2.o)
    0x080001aa   0x00000000   Code   RO          732    .ARM.Collect$$libinit$$00000017  c_w.l(libinit2.o)
    0x080001aa   0x00000000   Code   RO          734    .ARM.Collect$$libinit$$00000019  c_w.l(libinit2.o)
    0x080001aa   0x00000000   Code   RO          736    .ARM.Collect$$libinit$$0000001B  c_w.l(libinit2.o)
    0x080001aa   0x00000000   Code   RO          738    .ARM.Collect$$libinit$$0000001D  c_w.l(libinit2.o)
    0x080001aa   0x00000000   Code   RO          740    .ARM.Collect$$libinit$$0000001F  c_w.l(libinit2.o)
    0x080001aa   0x00000000   Code   RO          742    .ARM.Collect$$libinit$$00000021  c_w.l(libinit2.o)
    0x080001aa   0x00000000   Code   RO          746    .ARM.Collect$$libinit$$00000028  c_w.l(libinit2.o)
    0x080001aa   0x00000000   Code   RO          748    .ARM.Collect$$libinit$$0000002A  c_w.l(libinit2.o)
    0x080001aa   0x00000000   Code   RO          750    .ARM.Collect$$libinit$$0000002C  c_w.l(libinit2.o)
    0x080001aa   0x00000000   Code   RO          752    .ARM.Collect$$libinit$$0000002E  c_w.l(libinit2.o)
    0x080001aa   0x00000002   Code   RO          753    .ARM.Collect$$libinit$$0000002F  c_w.l(libinit2.o)
    0x080001ac   0x00000002   Code   RO          778    .ARM.Collect$$libshutdown$$00000000  c_w.l(libshutdown.o)
    0x080001ae   0x00000000   Code   RO          792    .ARM.Collect$$libshutdown$$00000003  c_w.l(libshutdown2.o)
    0x080001ae   0x00000000   Code   RO          795    .ARM.Collect$$libshutdown$$00000006  c_w.l(libshutdown2.o)
    0x080001ae   0x00000000   Code   RO          798    .ARM.Collect$$libshutdown$$00000009  c_w.l(libshutdown2.o)
    0x080001ae   0x00000000   Code   RO          800    .ARM.Collect$$libshutdown$$0000000B  c_w.l(libshutdown2.o)
    0x080001ae   0x00000000   Code   RO          803    .ARM.Collect$$libshutdown$$0000000E  c_w.l(libshutdown2.o)
    0x080001ae   0x00000002   Code   RO          804    .ARM.Collect$$libshutdown$$0000000F  c_w.l(libshutdown2.o)
    0x080001b0   0x00000000   Code   RO          671    .ARM.Collect$$rtentry$$00000000  c_w.l(rtentry.o)
    0x080001b0   0x00000000   Code   RO          684    .ARM.Collect$$rtentry$$00000002  c_w.l(rtentry2.o)
    0x080001b0   0x00000006   Code   RO          696    .ARM.Collect$$rtentry$$00000004  c_w.l(rtentry4.o)
    0x080001b6   0x00000000   Code   RO          686    .ARM.Collect$$rtentry$$00000009  c_w.l(rtentry2.o)
    0x080001b6   0x00000004   Code   RO          687    .ARM.Collect$$rtentry$$0000000A  c_w.l(rtentry2.o)
    0x080001ba   0x00000000   Code   RO          689    .ARM.Collect$$rtentry$$0000000C  c_w.l(rtentry2.o)
    0x080001ba   0x00000008   Code   RO          690    .ARM.Collect$$rtentry$$0000000D  c_w.l(rtentry2.o)
    0x080001c2   0x00000002   Code   RO          711    .ARM.Collect$$rtexit$$00000000  c_w.l(rtexit.o)
    0x080001c4   0x00000000   Code   RO          757    .ARM.Collect$$rtexit$$00000002  c_w.l(rtexit2.o)
    0x080001c4   0x00000004   Code   RO          758    .ARM.Collect$$rtexit$$00000003  c_w.l(rtexit2.o)
    0x080001c8   0x00000006   Code   RO          759    .ARM.Collect$$rtexit$$00000004  c_w.l(rtexit2.o)
    0x080001ce   0x00000002   PAD
    0x080001d0   0x00000030   Code   RO            1    .text               main.o
    0x08000200   0x00000380   Code   RO           70    .text               stm32f10x_it.o
    0x08000580   0x000001c8   Code   RO          145    .text               system_stm32f10x.o
    0x08000748   0x00000040   Code   RO          196    .text               startup_stm32f10x_hd.o
    0x08000788   0x000000dc   Code   RO          200    .text               misc.o
    0x08000864   0x000009f4   Code   RO          239    .text               stm32f10x_can.o
    0x08001258   0x00000250   Code   RO          308    .text               stm32f10x_dma.o
    0x080014a8   0x00000358   Code   RO          365    .text               stm32f10x_gpio.o
    0x08001800   0x000003a0   Code   RO          422    .text               stm32f10x_rcc.o
    0x08001ba0   0x00000dae   Code   RO          481    .text               stm32f10x_tim.o
    0x0800294e   0x00000002   PAD
    0x08002950   0x0000040c   Code   RO          493    .text               stm32f10x_usart.o
    0x08002d5c   0x00000d14   Code   RO          520    .text               bsp.o
    0x08003a70   0x000003a4   Code   RO          538    .text               robottask.o
    0x08003e14   0x0000027c   Code   RO          558    .text               framwork.o
    0x08004090   0x00000006   Code   RO          631    .text               c_w.l(heapauxi.o)
    0x08004096   0x0000004a   Code   RO          698    .text               c_w.l(sys_stackheap_outer.o)
    0x080040e0   0x0000000c   Code   RO          700    .text               c_w.l(exit.o)
    0x080040ec   0x00000008   Code   RO          708    .text               c_w.l(libspace.o)
    0x080040f4   0x00000008   Code   RO          766    .text               c_w.l(rt_fp_status_addr_intlibspace.o)
    0x080040fc   0x0000000c   Code   RO          770    .text               c_w.l(sys_exit.o)
    0x08004108   0x00000002   Code   RO          781    .text               c_w.l(use_no_semi.o)
    0x0800410a   0x00000000   Code   RO          783    .text               c_w.l(indicate_semi.o)
    0x0800410a   0x00000002   PAD
    0x0800410c   0x0000005e   Code   RO          635    x$fpl$dfix          fz_ws.l(dfix.o)
    0x0800416a   0x0000002e   Code   RO          640    x$fpl$dflt          fz_ws.l(dflt_clz.o)
    0x08004198   0x00000154   Code   RO          645    x$fpl$dmul          fz_ws.l(dmul.o)
    0x080042ec   0x0000009c   Code   RO          672    x$fpl$dnaninf       fz_ws.l(dnaninf.o)
    0x08004388   0x0000000c   Code   RO          674    x$fpl$dretinf       fz_ws.l(dretinf.o)
    0x08004394   0x000000c4   Code   RO          647    x$fpl$fadd          fz_ws.l(faddsub_clz.o)
    0x08004458   0x00000018   Code   RO          676    x$fpl$fcmpinf       fz_ws.l(fcmpi.o)
    0x08004470   0x00000068   Code   RO          653    x$fpl$feqf          fz_ws.l(feqf.o)
    0x080044d8   0x00000036   Code   RO          655    x$fpl$ffix          fz_ws.l(ffix.o)
    0x0800450e   0x00000002   PAD
    0x08004510   0x00000030   Code   RO          660    x$fpl$fflt          fz_ws.l(fflt_clz.o)
    0x08004540   0x00000026   Code   RO          659    x$fpl$ffltu         fz_ws.l(fflt_clz.o)
    0x08004566   0x00000002   PAD
    0x08004568   0x00000068   Code   RO          665    x$fpl$fleqf         fz_ws.l(fleqf.o)
    0x080045d0   0x00000102   Code   RO          667    x$fpl$fmul          fz_ws.l(fmul.o)
    0x080046d2   0x0000008c   Code   RO          678    x$fpl$fnaninf       fz_ws.l(fnaninf.o)
    0x0800475e   0x0000000e   Code   RO          754    x$fpl$fpinit        fz_ws.l(fpinit.o)
    0x0800476c   0x0000000a   Code   RO          680    x$fpl$fretinf       fz_ws.l(fretinf.o)
    0x08004776   0x00000062   Code   RO          669    x$fpl$frleqf        fz_ws.l(frleqf.o)
    0x080047d8   0x00000014   Code   RO          648    x$fpl$frsb          fz_ws.l(faddsub_clz.o)
    0x080047ec   0x000000ea   Code   RO          649    x$fpl$fsub          fz_ws.l(faddsub_clz.o)
    0x080048d6   0x00000000   Code   RO          682    x$fpl$usenofp       fz_ws.l(usenofp.o)
    0x080048d6   0x00000002   PAD
    0x080048d8   0x00000020   Data   RO          835    Region$$Table       anon$$obj.o


    Execution Region RW_IRAM1 (Base: 0x20000000, Size: 0x00000808, Max: 0x0000c000, ABSOLUTE)

    Base Addr    Size         Type   Attr      Idx    E Section Name        Object

    0x20000000   0x0000000c   Data   RW           72    .data               stm32f10x_it.o
    0x2000000c   0x00000014   Data   RW          146    .data               system_stm32f10x.o
    0x20000020   0x00000014   Data   RW          423    .data               stm32f10x_rcc.o
    0x20000034   0x00000030   Data   RW          540    .data               robottask.o
    0x20000064   0x0000001a   Data   RW          560    .data               framwork.o
    0x2000007e   0x00000002   PAD
    0x20000080   0x00000014   Zero   RW           71    .bss                stm32f10x_it.o
    0x20000094   0x00000064   Zero   RW          521    .bss                bsp.o
    0x200000f8   0x000000a0   Zero   RW          539    .bss                robottask.o
    0x20000198   0x00000010   Zero   RW          559    .bss                framwork.o
    0x200001a8   0x00000060   Zero   RW          709    .bss                c_w.l(libspace.o)
    0x20000208   0x00000200   Zero   RW          194    HEAP                startup_stm32f10x_hd.o
    0x20000408   0x00000400   Zero   RW          193    STACK               startup_stm32f10x_hd.o


==============================================================================

Image component sizes


      Code (inc. data)   RO Data    RW Data    ZI Data      Debug   Object Name

      3348        120          0          0        100      10407   bsp.o
         0          0          0          0          0         32   core_cm3.o
       636         28          0         26         16     204781   framwork.o
        48          6          0          0          0     273365   main.o
       220         20          0          0          0       1785   misc.o
       932         74          0         48        160       3694   robottask.o
        64         26        304          0       1536        828   startup_stm32f10x_hd.o
      2548         38          0          0          0       8012   stm32f10x_can.o
       592          8          0          0          0       4350   stm32f10x_dma.o
       856         40          0          0          0       5717   stm32f10x_gpio.o
       896         82          0         12         20     213965   stm32f10x_it.o
       928         44          0         20          0       8884   stm32f10x_rcc.o
      3502         86          0          0          0      22884   stm32f10x_tim.o
      1036         20          0          0          0       8464   stm32f10x_usart.o
       456         36          0         20          0       1723   system_stm32f10x.o

    ----------------------------------------------------------------------
     16064        628        336        128       1832     768891   Object Totals
         0          0         32          0          0          0   (incl. Generated)
         2          0          0          2          0          0   (incl. Padding)

    ----------------------------------------------------------------------

      Code (inc. data)   RO Data    RW Data    ZI Data      Debug   Library Member Name

         8          0          0          0          0         68   __main.o
        52          8          0          0          0          0   __scatter.o
        26          0          0          0          0          0   __scatter_copy.o
        28          0          0          0          0          0   __scatter_zi.o
        12          0          0          0          0         72   exit.o
         6          0          0          0          0        152   heapauxi.o
         0          0          0          0          0          0   indicate_semi.o
         6          0          0          0          0          0   libinit.o
         2          0          0          0          0          0   libinit2.o
         2          0          0          0          0          0   libshutdown.o
         2          0          0          0          0          0   libshutdown2.o
         8          4          0          0         96         68   libspace.o
         8          4          0          0          0         68   rt_fp_status_addr_intlibspace.o
         0          0          0          0          0          0   rtentry.o
        12          0          0          0          0          0   rtentry2.o
         6          0          0          0          0          0   rtentry4.o
         2          0          0          0          0          0   rtexit.o
        10          0          0          0          0          0   rtexit2.o
        12          4          0          0          0         68   sys_exit.o
        74          0          0          0          0         80   sys_stackheap_outer.o
         2          0          0          0          0         68   use_no_semi.o
        94          4          0          0          0         92   dfix.o
        46          0          0          0          0         68   dflt_clz.o
       340         12          0          0          0        104   dmul.o
       156          4          0          0          0         92   dnaninf.o
        12          0          0          0          0         68   dretinf.o
       450          8          0          0          0        236   faddsub_clz.o
        24          0          0          0          0         68   fcmpi.o
       104          4          0          0          0         84   feqf.o
        54          4          0          0          0         84   ffix.o
        86          0          0          0          0        136   fflt_clz.o
       104          4          0          0          0         84   fleqf.o
       258          4          0          0          0         84   fmul.o
       140          4          0          0          0         84   fnaninf.o
        14          0          0          0          0         76   fpinit.o
        10          0          0          0          0         68   fretinf.o
        98          0          0          0          0         68   frleqf.o
         0          0          0          0          0          0   usenofp.o

    ----------------------------------------------------------------------
      2280         68          0          0         96       2140   Library Totals
        12          0          0          0          0          0   (incl. Padding)

    ----------------------------------------------------------------------

      Code (inc. data)   RO Data    RW Data    ZI Data      Debug   Library Name

       278         20          0          0         96        644   c_w.l
      1990         48          0          0          0       1496   fz_ws.l

    ----------------------------------------------------------------------
      2280         68          0          0         96       2140   Library Totals

    ----------------------------------------------------------------------

==============================================================================


      Code (inc. data)   RO Data    RW Data    ZI Data      Debug   

     18344        696        336        128       1928     768379   Grand Totals
     18344        696        336        128       1928     768379   ELF Image Totals
     18344        696        336        128          0          0   ROM Totals

==============================================================================

    Total RO  Size (Code + RO Data)                18680 (  18.24kB)
    Total RW  Size (RW Data + ZI Data)              2056 (   2.01kB)
    Total ROM Size (Code + RO Data + RW Data)      18808 (  18.37kB)

==============================================================================

